---
source: sudoku-rs/src/solver/strategic/strategies/impls/naked_pairs.rs
description: Strategy NakedPairs executed on grid base_2_sample_0_direct_candidates
expression: "TransportDeductions :: from(deductions.clone())"
info:
  grid_input:
    - ╔═══════════╦═══════════╗
    - ║   2 │     ║     │ 1   ║
    - ║     │  3  ║  4  │     ║
    - ║     │     ║     │     ║
    - ║─────┼─────║─────┼─────║
    - ║     │ 1   ║     │     ║
    - ║  4  │     ║     │  2  ║
    - ║     │     ║ 3   │     ║
    - ╠═══════════╬═══════════╣
    - ║     │     ║   2 │     ║
    - ║  1  │     ║     │  3  ║
    - ║     │   4 ║     │     ║
    - ║─────┼─────║─────┼─────║
    - ║     │     ║     │     ║
    - ║     │  2  ║  1  │     ║
    - ║ 3   │     ║     │   4 ║
    - ╚═══════════╩═══════════╝
  deductions:
    - ""
  grid_output:
    - ╔═══════════╦═══════════╗
    - ║   2 │     ║     │ 1   ║
    - ║     │  3  ║  4  │     ║
    - ║     │     ║     │     ║
    - ║─────┼─────║─────┼─────║
    - ║     │ 1   ║     │     ║
    - ║  4  │     ║     │  2  ║
    - ║     │     ║ 3   │     ║
    - ╠═══════════╬═══════════╣
    - ║     │     ║   2 │     ║
    - ║  1  │     ║     │  3  ║
    - ║     │   4 ║     │     ║
    - ║─────┼─────║─────┼─────║
    - ║     │     ║     │     ║
    - ║     │  2  ║  1  │     ║
    - ║ 3   │     ║     │   4 ║
    - ╚═══════════╩═══════════╝
---
deductions: []
