---
source: sudoku-rs/src/solver/strategic/strategies/impls/naked_pairs.rs
expression: "TransportDeductions::from(deductions)"
---
deductions:
  - reasons:
      - position:
          row: 0
          column: 0
        candidates:
          - 1
          - 6
      - position:
          row: 0
          column: 1
        candidates:
          - 1
          - 6
    actions:
      - position:
          row: 0
          column: 2
        deleteCandidates:
          - 1
      - position:
          row: 0
          column: 3
        deleteCandidates:
          - 1
          - 6
      - position:
          row: 0
          column: 4
        deleteCandidates:
          - 6
