---
source: sudoku-rs/src/solver/strategic/strategies/impls/x_wing.rs
expression: "TransportDeductions::from(deductions)"
---
deductions:
  - reasons:
      - position:
          row: 4
          column: 4
        candidates:
          - 2
      - position:
          row: 4
          column: 7
        candidates:
          - 2
      - position:
          row: 8
          column: 4
        candidates:
          - 2
      - position:
          row: 8
          column: 7
        candidates:
          - 2
    actions:
      - position:
          row: 4
          column: 1
        deleteCandidates:
          - 2
      - position:
          row: 4
          column: 2
        deleteCandidates:
          - 2
      - position:
          row: 4
          column: 6
        deleteCandidates:
          - 2
      - position:
          row: 4
          column: 8
        deleteCandidates:
          - 2
      - position:
          row: 8
          column: 3
        deleteCandidates:
          - 2
      - position:
          row: 8
          column: 8
        deleteCandidates:
          - 2
