---
source: sudoku-rs/src/solver/strategic/strategies/impls/hidden_singles.rs
description: Strategy HiddenSingles executed on grid base_3_sample_4
expression: "TransportDeductions::from(deductions.clone())"
info:
  grid_input:
    - ╔═════════════════╦═════════════════╦═════════════════╗
    - ║     │     │   3 ║  23 │  2  │  23 ║     │     │     ║
    - ║  5  │  9  │     ║   6 │     │   6 ║  1  │  4  │  7  ║
    - ║     │     │  8  ║     │  8  │  8  ║     │     │     ║
    - ║─────┼─────┼─────║─────┼─────┼─────║─────┼─────┼─────║
    - ║   3 │ 1   │ 1 3 ║     │ 12  │ 123 ║     │  2  │     ║
    - ║ 4 6 │ 4 6 │ 4   ║  9  │  5  │   6 ║  56 │   6 │  8  ║
    - ║     │     │     ║     │     │ 7   ║     │     │     ║
    - ║─────┼─────┼─────║─────┼─────┼─────║─────┼─────┼─────║
    - ║     │     │     ║     │ 1   │ 1   ║     │     │     ║
    - ║ 4 6 │  7  │  2  ║ 456 │  5  │   6 ║  56 │  3  │  5  ║
    - ║     │     │     ║     │  8  │  8  ║   9 │     │     ║
    - ╠═════════════════╬═════════════════╬═════════════════╣
    - ║     │ 1   │ 1 3 ║     │     │     ║     │     │ 1 3 ║
    - ║  7  │  56 │     ║  56 │  4  │   6 ║  2  │  9  │     ║
    - ║     │     │     ║     │     │  8  ║     │     │     ║
    - ║─────┼─────┼─────║─────┼─────┼─────║─────┼─────┼─────║
    - ║     │     │ 1   ║     │     │     ║     │ 1   │     ║
    - ║ 4   │  2  │ 4   ║  5  │  3  │     ║  8  │     │  6  ║
    - ║   9 │     │   9 ║     │     │   9 ║     │ 7   │     ║
    - ║─────┼─────┼─────║─────┼─────┼─────║─────┼─────┼─────║
    - ║     │     │   3 ║     │     │  2  ║   3 │     │   3 ║
    - ║  8  │ 4 6 │ 4   ║  1  │  7  │   6 ║ 4   │  5  │ 4   ║
    - ║     │     │   9 ║     │     │   9 ║     │     │     ║
    - ╠═════════════════╬═════════════════╬═════════════════╣
    - ║  2  │     │     ║     │     │     ║   3 │ 1   │     ║
    - ║     │     │  5  ║  7  │  6  │  4  ║     │     │  9  ║
    - ║     │  8  │     ║     │     │     ║     │  8  │     ║
    - ║─────┼─────┼─────║─────┼─────┼─────║─────┼─────┼─────║
    - ║  2  │     │     ║  2  │ 12  │     ║     │ 1   │ 1   ║
    - ║ 4   │  3  │  6  ║     │     │  5  ║ 4   │     │ 4   ║
    - ║   9 │     │     ║     │   9 │     ║ 7   │ 78  │     ║
    - ║─────┼─────┼─────║─────┼─────┼─────║─────┼─────┼─────║
    - ║     │     │     ║     │     │   3 ║   3 │     │     ║
    - ║  1  │ 4   │ 4   ║  8  │     │     ║ 456 │   6 │  2  ║
    - ║     │     │ 7 9 ║     │   9 │   9 ║ 7   │ 7   │     ║
    - ╚═════════════════╩═════════════════╩═════════════════╝
  grid_output:
    - ╔═════════════════╦═════════════════╦═════════════════╗
    - ║     │     │     ║     │  2  │     ║     │     │     ║
    - ║  5  │  9  │  8  ║  3  │     │   6 ║  1  │  4  │  7  ║
    - ║     │     │     ║     │     │     ║     │     │     ║
    - ║─────┼─────┼─────║─────┼─────┼─────║─────┼─────┼─────║
    - ║     │ 1   │ 1   ║     │     │     ║     │     │     ║
    - ║  3  │ 4 6 │ 4   ║  9  │  5  │  7  ║   6 │  2  │  8  ║
    - ║     │     │     ║     │     │     ║     │     │     ║
    - ║─────┼─────┼─────║─────┼─────┼─────║─────┼─────┼─────║
    - ║     │     │     ║     │     │ 1   ║     │     │     ║
    - ║   6 │  7  │  2  ║  4  │     │   6 ║  9  │  3  │  5  ║
    - ║     │     │     ║     │  8  │     ║     │     │     ║
    - ╠═════════════════╬═════════════════╬═════════════════╣
    - ║     │     │ 1 3 ║     │     │     ║     │     │ 1 3 ║
    - ║  7  │  5  │     ║   6 │  4  │  8  ║  2  │  9  │     ║
    - ║     │     │     ║     │     │     ║     │     │     ║
    - ║─────┼─────┼─────║─────┼─────┼─────║─────┼─────┼─────║
    - ║     │     │ 1   ║     │     │     ║     │     │     ║
    - ║ 4   │  2  │ 4   ║  5  │  3  │     ║  8  │  7  │  6  ║
    - ║   9 │     │   9 ║     │     │   9 ║     │     │     ║
    - ║─────┼─────┼─────║─────┼─────┼─────║─────┼─────┼─────║
    - ║     │     │   3 ║     │     │     ║     │     │   3 ║
    - ║  8  │ 4 6 │ 4   ║  1  │  7  │  2  ║ 4   │  5  │ 4   ║
    - ║     │     │   9 ║     │     │     ║     │     │     ║
    - ╠═════════════════╬═════════════════╬═════════════════╣
    - ║     │     │     ║     │     │     ║     │     │     ║
    - ║  2  │  8  │  5  ║  7  │  6  │  4  ║  3  │  1  │  9  ║
    - ║     │     │     ║     │     │     ║     │     │     ║
    - ║─────┼─────┼─────║─────┼─────┼─────║─────┼─────┼─────║
    - ║     │     │     ║  2  │     │     ║     │     │     ║
    - ║ 4   │  3  │  6  ║     │  1  │  5  ║ 4   │  8  │ 4   ║
    - ║   9 │     │     ║     │     │     ║ 7   │     │     ║
    - ║─────┼─────┼─────║─────┼─────┼─────║─────┼─────┼─────║
    - ║     │     │     ║     │     │     ║     │     │     ║
    - ║  1  │ 4   │  7  ║  8  │     │  3  ║  5  │   6 │  2  ║
    - ║     │     │     ║     │   9 │     ║     │     │     ║
    - ╚═════════════════╩═════════════════╩═════════════════╝
---
deductions:
  - reasons:
      - position:
          row: 0
          column: 2
        candidates:
          - 8
    actions:
      - position:
          row: 0
          column: 2
        setValue: 8
  - reasons:
      - position:
          row: 0
          column: 3
        candidates:
          - 3
    actions:
      - position:
          row: 0
          column: 3
        setValue: 3
  - reasons:
      - position:
          row: 1
          column: 0
        candidates:
          - 3
    actions:
      - position:
          row: 1
          column: 0
        setValue: 3
  - reasons:
      - position:
          row: 1
          column: 5
        candidates:
          - 7
    actions:
      - position:
          row: 1
          column: 5
        setValue: 7
  - reasons:
      - position:
          row: 1
          column: 7
        candidates:
          - 2
    actions:
      - position:
          row: 1
          column: 7
        setValue: 2
  - reasons:
      - position:
          row: 2
          column: 3
        candidates:
          - 4
    actions:
      - position:
          row: 2
          column: 3
        setValue: 4
  - reasons:
      - position:
          row: 2
          column: 6
        candidates:
          - 9
    actions:
      - position:
          row: 2
          column: 6
        setValue: 9
  - reasons:
      - position:
          row: 2
          column: 8
        candidates:
          - 5
    actions:
      - position:
          row: 2
          column: 8
        setValue: 5
  - reasons:
      - position:
          row: 3
          column: 1
        candidates:
          - 5
    actions:
      - position:
          row: 3
          column: 1
        setValue: 5
  - reasons:
      - position:
          row: 3
          column: 5
        candidates:
          - 8
    actions:
      - position:
          row: 3
          column: 5
        setValue: 8
  - reasons:
      - position:
          row: 4
          column: 3
        candidates:
          - 5
    actions:
      - position:
          row: 4
          column: 3
        setValue: 5
  - reasons:
      - position:
          row: 4
          column: 7
        candidates:
          - 7
    actions:
      - position:
          row: 4
          column: 7
        setValue: 7
  - reasons:
      - position:
          row: 5
          column: 5
        candidates:
          - 2
    actions:
      - position:
          row: 5
          column: 5
        setValue: 2
  - reasons:
      - position:
          row: 6
          column: 0
        candidates:
          - 2
    actions:
      - position:
          row: 6
          column: 0
        setValue: 2
  - reasons:
      - position:
          row: 6
          column: 1
        candidates:
          - 8
    actions:
      - position:
          row: 6
          column: 1
        setValue: 8
  - reasons:
      - position:
          row: 6
          column: 6
        candidates:
          - 3
    actions:
      - position:
          row: 6
          column: 6
        setValue: 3
  - reasons:
      - position:
          row: 6
          column: 7
        candidates:
          - 1
    actions:
      - position:
          row: 6
          column: 7
        setValue: 1
  - reasons:
      - position:
          row: 7
          column: 4
        candidates:
          - 1
    actions:
      - position:
          row: 7
          column: 4
        setValue: 1
  - reasons:
      - position:
          row: 7
          column: 7
        candidates:
          - 8
    actions:
      - position:
          row: 7
          column: 7
        setValue: 8
  - reasons:
      - position:
          row: 8
          column: 2
        candidates:
          - 7
    actions:
      - position:
          row: 8
          column: 2
        setValue: 7
  - reasons:
      - position:
          row: 8
          column: 5
        candidates:
          - 3
    actions:
      - position:
          row: 8
          column: 5
        setValue: 3
  - reasons:
      - position:
          row: 8
          column: 6
        candidates:
          - 5
    actions:
      - position:
          row: 8
          column: 6
        setValue: 5
