---
source: sudoku-rs/src/solver/strategic/strategies/impls/brute_force.rs
description: Strategy BruteForce executed on grid base_4_sample_0
expression: "TransportDeductions :: from(deductions.clone())"
info:
  grid_input:
    - ╔═══════════════════════════════════════╦═══════════════════════════════════════╦═══════════════════════════════════════╦═══════════════════════════════════════╗
    - ║   2     │   2     │         │         ║         │   2 3   │   2   4 │         ║         │   2 3   │   2 3   │         ║   2 3   │   2 3   │     3   │     3   ║
    - ║         │         │         │         ║         │         │         │         ║         │         │         │         ║         │         │         │         ║
    - ║     7 8 │     7 8 │         │         ║         │ 5   7   │ 5     8 │         ║ 5       │ 5     8 │       8 │         ║ 5       │         │ 5       │         ║
    - ║         │         │    1    │    b    ║    6    │         │         │    e    ║         │         │         │    f    ║         │         │         │         ║
    - ║ 9 a     │ 9 a     │         │         ║         │ 9 a   c │ 9 a     │         ║ 9 a   c │ 9 a     │       c │         ║ 9     c │       c │ 9       │         ║
    - ║         │         │         │         ║         │         │         │         ║         │         │         │         ║         │         │         │         ║
    - ║       g │         │         │         ║         │         │ d       │         ║       g │         │         │         ║ d     g │ d     g │         │ d     g ║
    - ║─────────┼─────────┼─────────┼─────────║─────────┼─────────┼─────────┼─────────║─────────┼─────────┼─────────┼─────────║─────────┼─────────┼─────────┼─────────║
    - ║         │   2     │   2     │   2     ║         │   2 3   │         │     3   ║         │         │   2 3   │   2 3   ║   2 3   │         │         │         ║
    - ║         │         │         │         ║         │         │         │         ║         │         │         │         ║         │         │         │         ║
    - ║         │   6     │         │         ║         │ 5       │         │ 5       ║ 5       │         │   6     │ 5 6     ║ 5 6     │         │         │         ║
    - ║    d    │         │         │         ║    1    │         │    b    │         ║         │    e    │         │         ║         │    8    │    4    │    7    ║
    - ║         │ 9 a     │ 9 a     │ 9 a     ║         │ 9 a   c │         │ 9     c ║ 9 a   c │         │       c │ 9 a     ║ 9     c │         │         │         ║
    - ║         │         │         │         ║         │         │         │         ║         │         │         │         ║         │         │         │         ║
    - ║         │     f   │     f   │     f g ║         │     f   │         │     f   ║       g │         │         │       g ║       g │         │         │         ║
    - ║─────────┼─────────┼─────────┼─────────║─────────┼─────────┼─────────┼─────────║─────────┼─────────┼─────────┼─────────║─────────┼─────────┼─────────┼─────────║
    - ║   2     │         │         │         ║   2     │   2     │   2     │         ║         │         │   2     │ 1 2     ║   2     │ 1 2     │         │         ║
    - ║         │         │         │         ║         │         │         │         ║         │         │         │         ║         │         │         │         ║
    - ║   6 7 8 │         │         │         ║     7 8 │ 5   7   │ 5     8 │ 5   7 8 ║         │         │   6   8 │ 5 6     ║ 5 6     │   6     │         │   6     ║
    - ║         │    c    │    e    │    3    ║         │         │         │         ║    d    │    4    │         │         ║         │         │    a    │         ║
    - ║ 9       │         │         │         ║         │ 9       │ 9       │ 9       ║         │         │     b   │ 9   b   ║ 9       │         │         │     b   ║
    - ║         │         │         │         ║         │         │         │         ║         │         │         │         ║         │         │         │         ║
    - ║       g │         │         │         ║         │     f   │     f   │     f   ║         │         │         │       g ║       g │       g │         │       g ║
    - ║─────────┼─────────┼─────────┼─────────║─────────┼─────────┼─────────┼─────────║─────────┼─────────┼─────────┼─────────║─────────┼─────────┼─────────┼─────────║
    - ║         │         │   2     │   2     ║   2 3   │   2 3   │   2     │         ║ 1       │         │   2 3   │ 1 2 3   ║         │ 1 2 3   │ 1   3   │     3   ║
    - ║         │         │         │         ║         │         │         │         ║         │         │         │         ║         │         │         │         ║
    - ║         │         │         │       8 ║       8 │         │       8 │         ║         │         │   6   8 │   6     ║         │   6     │   6     │   6     ║
    - ║    4    │    5    │         │         ║         │         │         │    g    ║         │    7    │         │         ║    f    │         │         │         ║
    - ║         │         │ 9 a     │ 9 a     ║       c │ 9 a   c │ 9 a     │         ║ 9 a b c │         │     b c │ 9 a b   ║         │       c │ 9   b   │     b   ║
    - ║         │         │         │         ║         │         │         │         ║         │         │         │         ║         │         │         │         ║
    - ║         │         │         │         ║ d       │         │ d       │         ║         │         │         │         ║         │ d e     │   e     │ d e     ║
    - ╠═══════════════════════════════════════╬═══════════════════════════════════════╬═══════════════════════════════════════╬═══════════════════════════════════════╣
    - ║   2 3   │   2 3 4 │   2 3 4 │   2   4 ║     3   │     3   │         │         ║         │         │         │         ║     3 4 │     3   │     3   │         ║
    - ║         │         │         │         ║         │         │         │         ║         │         │         │         ║         │         │         │         ║
    - ║     7 8 │     7 8 │     7   │       8 ║       8 │ 5       │         │         ║     7   │         │         │         ║     7 8 │         │       8 │         ║
    - ║         │         │         │         ║         │         │    1    │    6    ║         │    g    │    e    │    d    ║         │         │         │    a    ║
    - ║ 9       │ 9       │ 9       │ 9     c ║     b c │ 9   b c │         │         ║ 9   b c │         │         │         ║ 9       │         │ 9   b   │         ║
    - ║         │         │         │         ║         │         │         │         ║         │         │         │         ║         │         │         │         ║
    - ║         │         │         │         ║         │     f   │         │         ║         │         │         │         ║         │     f   │         │         ║
    - ║─────────┼─────────┼─────────┼─────────║─────────┼─────────┼─────────┼─────────║─────────┼─────────┼─────────┼─────────║─────────┼─────────┼─────────┼─────────║
    - ║         │     3 4 │         │       4 ║     3   │     3   │         │         ║         │     3   │         │     3 4 ║     3 4 │     3   │     3   │         ║
    - ║         │         │         │         ║         │         │         │         ║         │         │         │         ║         │         │         │         ║
    - ║         │     7 8 │         │       8 ║       8 │         │       8 │         ║     7   │         │         │     7   ║     7 8 │         │       8 │         ║
    - ║    f    │         │    6    │         ║         │         │         │    2    ║         │         │    1    │         ║         │         │         │    5    ║
    - ║         │ 9 a     │         │ 9 a   c ║     b c │ 9   b c │ 9       │         ║ 9 a b c │ 9 a     │         │ 9 a b   ║ 9       │         │ 9   b   │         ║
    - ║         │         │         │         ║         │         │         │         ║         │         │         │         ║         │         │         │         ║
    - ║         │         │         │ d e   g ║ d e   g │       g │ d e   g │         ║         │         │         │         ║ d     g │ d e   g │   e     │         ║
    - ║─────────┼─────────┼─────────┼─────────║─────────┼─────────┼─────────┼─────────║─────────┼─────────┼─────────┼─────────║─────────┼─────────┼─────────┼─────────║
    - ║     3   │     3 4 │     3 4 │         ║         │     3   │         │     3   ║         │     3   │     3 4 │     3 4 ║         │     3   │     3   │         ║
    - ║         │         │         │         ║         │         │         │         ║         │         │         │         ║         │         │         │         ║
    - ║     7   │     7   │     7   │         ║         │         │         │         ║         │   6     │   6 7   │   6 7   ║         │   6     │   6     │         ║
    - ║         │         │         │    5    ║    a    │         │         │         ║    8    │         │         │         ║    1    │         │         │    2    ║
    - ║ 9       │ 9       │ 9       │         ║         │ 9   b c │ 9       │ 9   b c ║         │ 9       │     b c │ 9   b   ║         │         │ 9   b   │         ║
    - ║         │         │         │         ║         │         │         │         ║         │         │         │         ║         │         │         │         ║
    - ║   e   g │         │ d       │         ║         │     f g │ d e f g │     f   ║         │         │         │         ║         │ d e f g │   e     │         ║
    - ║─────────┼─────────┼─────────┼─────────║─────────┼─────────┼─────────┼─────────║─────────┼─────────┼─────────┼─────────║─────────┼─────────┼─────────┼─────────║
    - ║ 1 2 3   │ 1 2 3   │         │ 1 2     ║     3   │         │         │     3   ║         │   2 3   │         │   2 3   ║     3   │     3   │     3   │         ║
    - ║         │         │         │         ║         │         │         │         ║         │         │         │         ║         │         │         │         ║
    - ║       8 │       8 │         │       8 ║       8 │         │         │       8 ║         │   6     │         │   6     ║   6   8 │   6     │   6   8 │         ║
    - ║         │         │    b    │         ║         │    4    │    7    │         ║    f    │         │    5    │         ║         │         │         │    c    ║
    - ║ 9 a     │ 9 a     │         │ 9 a     ║         │         │         │ 9       ║         │ 9 a     │         │ 9 a     ║ 9       │         │ 9       │         ║
    - ║         │         │         │         ║         │         │         │         ║         │         │         │         ║         │         │         │         ║
    - ║   e   g │         │         │ d e   g ║ d e   g │         │         │         ║         │         │         │         ║ d     g │ d e   g │   e     │         ║
    - ╠═══════════════════════════════════════╬═══════════════════════════════════════╬═══════════════════════════════════════╬═══════════════════════════════════════╣
    - ║ 1 2 3   │         │   2 3 4 │         ║   2   4 │   2     │   2   4 │ 1     4 ║         │     3   │         │         ║         │ 1   3   │ 1   3   │     3   ║
    - ║         │         │         │         ║         │         │         │         ║         │         │         │         ║         │         │         │         ║
    - ║         │         │ 5       │         ║     7 8 │     7   │       8 │     7 8 ║ 5   7   │ 5     8 │         │         ║         │         │ 5     8 │         ║
    - ║         │    d    │         │    6    ║         │         │         │         ║         │         │    g    │    c    ║    e    │         │         │         ║
    - ║ 9 a b   │         │ 9 a     │         ║     b   │ 9   b   │ 9       │ 9   b   ║ 9 a     │ 9 a     │         │         ║         │   a     │         │         ║
    - ║         │         │         │         ║         │         │         │         ║         │         │         │         ║         │         │         │         ║
    - ║         │         │     f   │         ║         │     f   │     f   │     f   ║         │         │         │         ║         │         │         │         ║
    - ║─────────┼─────────┼─────────┼─────────║─────────┼─────────┼─────────┼─────────║─────────┼─────────┼─────────┼─────────║─────────┼─────────┼─────────┼─────────║
    - ║   2 3   │   2 3   │         │         ║   2     │         │   2     │         ║         │         │     3   │     3   ║     3   │         │         │         ║
    - ║         │         │         │         ║         │         │         │         ║         │         │         │         ║         │         │         │         ║
    - ║         │         │         │         ║         │         │         │         ║         │         │   6     │ 5 6     ║ 5 6     │         │         │         ║
    - ║         │         │    8    │    7    ║         │    d    │         │         ║    4    │    1    │         │         ║         │    b    │    c    │    9    ║
    - ║   a     │   a     │         │         ║         │         │         │         ║         │         │         │   a     ║   a     │         │         │         ║
    - ║         │         │         │         ║         │         │         │         ║         │         │         │         ║         │         │         │         ║
    - ║   e     │     f   │         │         ║   e   g │         │   e f g │     f   ║         │         │         │   e     ║       g │         │         │         ║
    - ║─────────┼─────────┼─────────┼─────────║─────────┼─────────┼─────────┼─────────║─────────┼─────────┼─────────┼─────────║─────────┼─────────┼─────────┼─────────║
    - ║         │ 1     4 │       4 │ 1     4 ║       4 │         │         │         ║         │         │         │         ║         │ 1       │         │         ║
    - ║         │         │         │         ║         │         │         │         ║         │         │         │         ║         │         │         │         ║
    - ║         │         │ 5       │         ║     7 8 │   6 7   │         │         ║ 5   7   │         │         │ 5 6 7   ║ 5 6   8 │   6     │         │   6     ║
    - ║    c    │         │         │         ║         │         │    3    │    a    ║         │    b    │    f    │         ║         │         │    2    │         ║
    - ║         │ 9       │ 9       │ 9       ║         │ 9       │         │         ║ 9       │         │         │ 9       ║         │         │         │         ║
    - ║         │         │         │         ║         │         │         │         ║         │         │         │         ║         │         │         │         ║
    - ║         │         │         │   e     ║   e   g │       g │         │         ║   e     │         │         │   e     ║ d     g │ d     g │         │ d     g ║
    - ║─────────┼─────────┼─────────┼─────────║─────────┼─────────┼─────────┼─────────║─────────┼─────────┼─────────┼─────────║─────────┼─────────┼─────────┼─────────║
    - ║ 1   3   │         │     3   │ 1       ║         │         │         │ 1       ║         │     3   │     3   │     3   ║     3   │         │         │         ║
    - ║         │         │         │         ║         │         │         │         ║         │         │         │         ║         │         │         │         ║
    - ║         │         │         │         ║         │   6     │       8 │       8 ║         │   6   8 │   6   8 │   6     ║   6   8 │         │         │         ║
    - ║         │    g    │         │         ║    5    │         │         │         ║    2    │         │         │         ║         │    7    │    f    │    4    ║
    - ║ 9 a b   │         │ 9 a     │ 9 a     ║         │ 9   b c │ 9       │ 9   b c ║         │ 9 a     │         │ 9 a     ║   a     │         │         │         ║
    - ║         │         │         │         ║         │         │         │         ║         │         │         │         ║         │         │         │         ║
    - ║   e     │         │         │   e     ║         │         │   e     │         ║         │ d       │ d       │   e     ║ d       │         │         │         ║
    - ╠═══════════════════════════════════════╬═══════════════════════════════════════╬═══════════════════════════════════════╬═══════════════════════════════════════╣
    - ║         │ 1 2 3 4 │   2 3 4 │ 1 2   4 ║   2 3 4 │         │   2   4 │     3 4 ║         │         │         │ 1 2   4 ║   2 3   │         │         │         ║
    - ║         │         │         │         ║         │         │         │         ║         │         │         │         ║         │         │         │         ║
    - ║         │         │         │         ║         │         │         │         ║         │         │         │         ║         │         │         │         ║
    - ║    5    │         │         │         ║         │    e    │         │         ║    6    │    c    │    a    │         ║         │    9    │    7    │    8    ║
    - ║         │     b   │         │         ║     b   │         │         │     b   ║         │         │         │     b   ║         │         │         │         ║
    - ║         │         │         │         ║         │         │         │         ║         │         │         │         ║         │         │         │         ║
    - ║         │     f   │ d   f   │ d   f   ║       g │         │       g │         ║         │         │         │       g ║         │         │         │         ║
    - ║─────────┼─────────┼─────────┼─────────║─────────┼─────────┼─────────┼─────────║─────────┼─────────┼─────────┼─────────║─────────┼─────────┼─────────┼─────────║
    - ║   2     │   2     │         │   2     ║         │         │         │         ║         │   2     │         │         ║   2     │         │         │         ║
    - ║         │         │         │         ║         │         │         │         ║         │         │         │         ║         │         │         │         ║
    - ║   6 7   │   6 7   │         │         ║         │         │         │ 5   7   ║         │ 5       │         │         ║   6     │         │         │   6     ║
    - ║         │         │    g    │         ║    f    │    1    │    c    │         ║    3    │         │    9    │    8    ║         │    4    │    d    │         ║
    - ║   a b   │   a b   │         │   a     ║         │         │         │     b   ║         │         │         │         ║   a     │         │         │         ║
    - ║         │         │         │         ║         │         │         │         ║         │         │         │         ║         │         │         │         ║
    - ║         │         │         │         ║         │         │         │         ║         │         │         │         ║         │         │         │   e     ║
    - ║─────────┼─────────┼─────────┼─────────║─────────┼─────────┼─────────┼─────────║─────────┼─────────┼─────────┼─────────║─────────┼─────────┼─────────┼─────────║
    - ║ 1 2 3   │ 1 2 3 4 │   2 3 4 │ 1 2   4 ║         │   2 3   │         │     3 4 ║ 1       │   2     │   2   4 │ 1 2   4 ║   2 3   │   2 3   │         │     3   ║
    - ║         │         │         │         ║         │         │         │         ║         │         │         │         ║         │         │         │         ║
    - ║     7 8 │     7 8 │     7   │       8 ║         │ 5   7   │         │ 5   7   ║ 5   7   │ 5       │     7   │ 5   7   ║         │         │         │         ║
    - ║         │         │         │         ║    9    │         │    6    │         ║         │         │         │         ║         │         │    g    │         ║
    - ║   a b   │   a b   │   a     │   a     ║         │   a b   │         │     b   ║     b   │         │     b   │     b   ║   a   c │   a   c │         │         ║
    - ║         │         │         │         ║         │         │         │         ║         │         │         │         ║         │         │         │         ║
    - ║         │     f   │ d   f   │ d   f   ║         │         │         │         ║   e     │ d   f   │ d       │   e     ║         │   e f   │         │   e f   ║
    - ║─────────┼─────────┼─────────┼─────────║─────────┼─────────┼─────────┼─────────║─────────┼─────────┼─────────┼─────────║─────────┼─────────┼─────────┼─────────║
    - ║   2 3   │         │         │   2   4 ║   2 3 4 │         │   2   4 │         ║         │   2     │   2   4 │   2   4 ║         │         │     3   │         ║
    - ║         │         │         │         ║         │         │         │         ║         │         │         │         ║         │         │         │         ║
    - ║   6 7   │         │         │         ║     7   │         │         │         ║     7   │         │     7   │     7   ║         │         │   6     │         ║
    - ║         │    e    │    c    │         ║         │    8    │         │    d    ║         │         │         │         ║    b    │    5    │         │    1    ║
    - ║ 9 a     │         │         │ 9 a     ║         │         │   a     │         ║         │         │         │         ║         │         │         │         ║
    - ║         │         │         │         ║         │         │         │         ║         │         │         │         ║         │         │         │         ║
    - ║         │         │         │     f   ║       g │         │       g │         ║       g │     f   │         │       g ║         │         │         │         ║
    - ╚═══════════════════════════════════════╩═══════════════════════════════════════╩═══════════════════════════════════════╩═══════════════════════════════════════╝
  deductions:
    - "r0c0: set value g, because of: r0c0: candidate g"
    - "r0c1: set value 9, because of: r0c1: candidate 9"
    - "r0c5: set value 7, because of: r0c5: candidate 7"
    - "r0c6: set value 4, because of: r0c6: candidate 4"
    - "r0c8: set value a, because of: r0c8: candidate a"
    - "r0c9: set value 3, because of: r0c9: candidate 3"
    - "r0c10: set value 8, because of: r0c10: candidate 8"
    - "r0c12: set value c, because of: r0c12: candidate c"
    - "r0c13: set value 2, because of: r0c13: candidate 2"
    - "r0c14: set value 5, because of: r0c14: candidate 5"
    - "r0c15: set value d, because of: r0c15: candidate d"
    - "r1c1: set value 6, because of: r1c1: candidate 6"
    - "r1c2: set value 2, because of: r1c2: candidate 2"
    - "r1c3: set value f, because of: r1c3: candidate f"
    - "r1c5: set value a, because of: r1c5: candidate a"
    - "r1c7: set value 3, because of: r1c7: candidate 3"
    - "r1c8: set value 9, because of: r1c8: candidate 9"
    - "r1c10: set value c, because of: r1c10: candidate c"
    - "r1c11: set value 5, because of: r1c11: candidate 5"
    - "r1c12: set value g, because of: r1c12: candidate g"
    - "r2c0: set value 7, because of: r2c0: candidate 7"
    - "r2c4: set value 2, because of: r2c4: candidate 2"
    - "r2c5: set value f, because of: r2c5: candidate f"
    - "r2c6: set value 5, because of: r2c6: candidate 5"
    - "r2c7: set value 8, because of: r2c7: candidate 8"
    - "r2c10: set value b, because of: r2c10: candidate b"
    - "r2c11: set value g, because of: r2c11: candidate g"
    - "r2c12: set value 9, because of: r2c12: candidate 9"
    - "r2c13: set value 1, because of: r2c13: candidate 1"
    - "r2c15: set value 6, because of: r2c15: candidate 6"
    - "r3c2: set value a, because of: r3c2: candidate a"
    - "r3c3: set value 8, because of: r3c3: candidate 8"
    - "r3c4: set value c, because of: r3c4: candidate c"
    - "r3c5: set value 9, because of: r3c5: candidate 9"
    - "r3c6: set value d, because of: r3c6: candidate d"
    - "r3c8: set value 1, because of: r3c8: candidate 1"
    - "r3c10: set value 2, because of: r3c10: candidate 2"
    - "r3c11: set value 6, because of: r3c11: candidate 6"
    - "r3c13: set value 3, because of: r3c13: candidate 3"
    - "r3c14: set value e, because of: r3c14: candidate e"
    - "r3c15: set value b, because of: r3c15: candidate b"
    - "r4c0: set value 8, because of: r4c0: candidate 8"
    - "r4c1: set value 2, because of: r4c1: candidate 2"
    - "r4c2: set value 3, because of: r4c2: candidate 3"
    - "r4c3: set value 4, because of: r4c3: candidate 4"
    - "r4c4: set value b, because of: r4c4: candidate b"
    - "r4c5: set value 5, because of: r4c5: candidate 5"
    - "r4c8: set value c, because of: r4c8: candidate c"
    - "r4c12: set value 7, because of: r4c12: candidate 7"
    - "r4c13: set value f, because of: r4c13: candidate f"
    - "r4c14: set value 9, because of: r4c14: candidate 9"
    - "r5c1: set value a, because of: r5c1: candidate a"
    - "r5c3: set value c, because of: r5c3: candidate c"
    - "r5c4: set value d, because of: r5c4: candidate d"
    - "r5c5: set value 3, because of: r5c5: candidate 3"
    - "r5c6: set value e, because of: r5c6: candidate e"
    - "r5c8: set value b, because of: r5c8: candidate b"
    - "r5c9: set value 9, because of: r5c9: candidate 9"
    - "r5c11: set value 7, because of: r5c11: candidate 7"
    - "r5c12: set value 4, because of: r5c12: candidate 4"
    - "r5c13: set value g, because of: r5c13: candidate g"
    - "r5c14: set value 8, because of: r5c14: candidate 8"
    - "r6c0: set value 9, because of: r6c0: candidate 9"
    - "r6c1: set value 7, because of: r6c1: candidate 7"
    - "r6c2: set value d, because of: r6c2: candidate d"
    - "r6c5: set value g, because of: r6c5: candidate g"
    - "r6c6: set value f, because of: r6c6: candidate f"
    - "r6c7: set value c, because of: r6c7: candidate c"
    - "r6c9: set value 6, because of: r6c9: candidate 6"
    - "r6c10: set value 3, because of: r6c10: candidate 3"
    - "r6c11: set value 4, because of: r6c11: candidate 4"
    - "r6c13: set value e, because of: r6c13: candidate e"
    - "r6c14: set value b, because of: r6c14: candidate b"
    - "r7c0: set value e, because of: r7c0: candidate e"
    - "r7c1: set value 1, because of: r7c1: candidate 1"
    - "r7c3: set value g, because of: r7c3: candidate g"
    - "r7c4: set value 8, because of: r7c4: candidate 8"
    - "r7c7: set value 9, because of: r7c7: candidate 9"
    - "r7c9: set value 2, because of: r7c9: candidate 2"
    - "r7c11: set value a, because of: r7c11: candidate a"
    - "r7c12: set value d, because of: r7c12: candidate d"
    - "r7c13: set value 6, because of: r7c13: candidate 6"
    - "r7c14: set value 3, because of: r7c14: candidate 3"
    - "r8c0: set value 2, because of: r8c0: candidate 2"
    - "r8c2: set value f, because of: r8c2: candidate f"
    - "r8c4: set value 7, because of: r8c4: candidate 7"
    - "r8c5: set value b, because of: r8c5: candidate b"
    - "r8c6: set value 9, because of: r8c6: candidate 9"
    - "r8c7: set value 4, because of: r8c7: candidate 4"
    - "r8c8: set value 5, because of: r8c8: candidate 5"
    - "r8c9: set value 8, because of: r8c9: candidate 8"
    - "r8c13: set value a, because of: r8c13: candidate a"
    - "r8c14: set value 1, because of: r8c14: candidate 1"
    - "r8c15: set value 3, because of: r8c15: candidate 3"
    - "r9c0: set value a, because of: r9c0: candidate a"
    - "r9c1: set value 3, because of: r9c1: candidate 3"
    - "r9c4: set value g, because of: r9c4: candidate g"
    - "r9c6: set value 2, because of: r9c6: candidate 2"
    - "r9c7: set value f, because of: r9c7: candidate f"
    - "r9c10: set value 6, because of: r9c10: candidate 6"
    - "r9c11: set value e, because of: r9c11: candidate e"
    - "r9c12: set value 5, because of: r9c12: candidate 5"
    - "r10c1: set value 4, because of: r10c1: candidate 4"
    - "r10c2: set value 5, because of: r10c2: candidate 5"
    - "r10c3: set value 1, because of: r10c3: candidate 1"
    - "r10c4: set value e, because of: r10c4: candidate e"
    - "r10c5: set value 6, because of: r10c5: candidate 6"
    - "r10c8: set value 7, because of: r10c8: candidate 7"
    - "r10c11: set value 9, because of: r10c11: candidate 9"
    - "r10c12: set value 8, because of: r10c12: candidate 8"
    - "r10c13: set value d, because of: r10c13: candidate d"
    - "r10c15: set value g, because of: r10c15: candidate g"
    - "r11c0: set value b, because of: r11c0: candidate b"
    - "r11c2: set value 9, because of: r11c2: candidate 9"
    - "r11c3: set value e, because of: r11c3: candidate e"
    - "r11c5: set value c, because of: r11c5: candidate c"
    - "r11c6: set value 8, because of: r11c6: candidate 8"
    - "r11c7: set value 1, because of: r11c7: candidate 1"
    - "r11c9: set value a, because of: r11c9: candidate a"
    - "r11c10: set value d, because of: r11c10: candidate d"
    - "r11c11: set value 3, because of: r11c11: candidate 3"
    - "r11c12: set value 6, because of: r11c12: candidate 6"
    - "r12c1: set value f, because of: r12c1: candidate f"
    - "r12c2: set value 4, because of: r12c2: candidate 4"
    - "r12c3: set value d, because of: r12c3: candidate d"
    - "r12c4: set value 3, because of: r12c4: candidate 3"
    - "r12c6: set value g, because of: r12c6: candidate g"
    - "r12c7: set value b, because of: r12c7: candidate b"
    - "r12c11: set value 1, because of: r12c11: candidate 1"
    - "r12c12: set value 2, because of: r12c12: candidate 2"
    - "r13c0: set value 6, because of: r13c0: candidate 6"
    - "r13c1: set value b, because of: r13c1: candidate b"
    - "r13c3: set value 2, because of: r13c3: candidate 2"
    - "r13c7: set value 7, because of: r13c7: candidate 7"
    - "r13c9: set value 5, because of: r13c9: candidate 5"
    - "r13c12: set value a, because of: r13c12: candidate a"
    - "r13c15: set value e, because of: r13c15: candidate e"
    - "r14c0: set value 1, because of: r14c0: candidate 1"
    - "r14c1: set value 8, because of: r14c1: candidate 8"
    - "r14c2: set value 7, because of: r14c2: candidate 7"
    - "r14c3: set value a, because of: r14c3: candidate a"
    - "r14c5: set value 2, because of: r14c5: candidate 2"
    - "r14c7: set value 5, because of: r14c7: candidate 5"
    - "r14c8: set value e, because of: r14c8: candidate e"
    - "r14c9: set value d, because of: r14c9: candidate d"
    - "r14c10: set value 4, because of: r14c10: candidate 4"
    - "r14c11: set value b, because of: r14c11: candidate b"
    - "r14c12: set value 3, because of: r14c12: candidate 3"
    - "r14c13: set value c, because of: r14c13: candidate c"
    - "r14c15: set value f, because of: r14c15: candidate f"
    - "r15c0: set value 3, because of: r15c0: candidate 3"
    - "r15c3: set value 9, because of: r15c3: candidate 9"
    - "r15c4: set value 4, because of: r15c4: candidate 4"
    - "r15c6: set value a, because of: r15c6: candidate a"
    - "r15c8: set value g, because of: r15c8: candidate g"
    - "r15c9: set value f, because of: r15c9: candidate f"
    - "r15c10: set value 7, because of: r15c10: candidate 7"
    - "r15c11: set value 2, because of: r15c11: candidate 2"
    - "r15c14: set value 6, because of: r15c14: candidate 6"
  grid_output:
    - ╔═══════════════╦═══════════════╦═══════════════╦═══════════════╗
    - ║ g │ 9 │ 1 │ b ║ 6 │ 7 │ 4 │ e ║ a │ 3 │ 8 │ f ║ c │ 2 │ 5 │ d ║
    - ║───┼───┼───┼───║───┼───┼───┼───║───┼───┼───┼───║───┼───┼───┼───║
    - ║ d │ 6 │ 2 │ f ║ 1 │ a │ b │ 3 ║ 9 │ e │ c │ 5 ║ g │ 8 │ 4 │ 7 ║
    - ║───┼───┼───┼───║───┼───┼───┼───║───┼───┼───┼───║───┼───┼───┼───║
    - ║ 7 │ c │ e │ 3 ║ 2 │ f │ 5 │ 8 ║ d │ 4 │ b │ g ║ 9 │ 1 │ a │ 6 ║
    - ║───┼───┼───┼───║───┼───┼───┼───║───┼───┼───┼───║───┼───┼───┼───║
    - ║ 4 │ 5 │ a │ 8 ║ c │ 9 │ d │ g ║ 1 │ 7 │ 2 │ 6 ║ f │ 3 │ e │ b ║
    - ╠═══════════════╬═══════════════╬═══════════════╬═══════════════╣
    - ║ 8 │ 2 │ 3 │ 4 ║ b │ 5 │ 1 │ 6 ║ c │ g │ e │ d ║ 7 │ f │ 9 │ a ║
    - ║───┼───┼───┼───║───┼───┼───┼───║───┼───┼───┼───║───┼───┼───┼───║
    - ║ f │ a │ 6 │ c ║ d │ 3 │ e │ 2 ║ b │ 9 │ 1 │ 7 ║ 4 │ g │ 8 │ 5 ║
    - ║───┼───┼───┼───║───┼───┼───┼───║───┼───┼───┼───║───┼───┼───┼───║
    - ║ 9 │ 7 │ d │ 5 ║ a │ g │ f │ c ║ 8 │ 6 │ 3 │ 4 ║ 1 │ e │ b │ 2 ║
    - ║───┼───┼───┼───║───┼───┼───┼───║───┼───┼───┼───║───┼───┼───┼───║
    - ║ e │ 1 │ b │ g ║ 8 │ 4 │ 7 │ 9 ║ f │ 2 │ 5 │ a ║ d │ 6 │ 3 │ c ║
    - ╠═══════════════╬═══════════════╬═══════════════╬═══════════════╣
    - ║ 2 │ d │ f │ 6 ║ 7 │ b │ 9 │ 4 ║ 5 │ 8 │ g │ c ║ e │ a │ 1 │ 3 ║
    - ║───┼───┼───┼───║───┼───┼───┼───║───┼───┼───┼───║───┼───┼───┼───║
    - ║ a │ 3 │ 8 │ 7 ║ g │ d │ 2 │ f ║ 4 │ 1 │ 6 │ e ║ 5 │ b │ c │ 9 ║
    - ║───┼───┼───┼───║───┼───┼───┼───║───┼───┼───┼───║───┼───┼───┼───║
    - ║ c │ 4 │ 5 │ 1 ║ e │ 6 │ 3 │ a ║ 7 │ b │ f │ 9 ║ 8 │ d │ 2 │ g ║
    - ║───┼───┼───┼───║───┼───┼───┼───║───┼───┼───┼───║───┼───┼───┼───║
    - ║ b │ g │ 9 │ e ║ 5 │ c │ 8 │ 1 ║ 2 │ a │ d │ 3 ║ 6 │ 7 │ f │ 4 ║
    - ╠═══════════════╬═══════════════╬═══════════════╬═══════════════╣
    - ║ 5 │ f │ 4 │ d ║ 3 │ e │ g │ b ║ 6 │ c │ a │ 1 ║ 2 │ 9 │ 7 │ 8 ║
    - ║───┼───┼───┼───║───┼───┼───┼───║───┼───┼───┼───║───┼───┼───┼───║
    - ║ 6 │ b │ g │ 2 ║ f │ 1 │ c │ 7 ║ 3 │ 5 │ 9 │ 8 ║ a │ 4 │ d │ e ║
    - ║───┼───┼───┼───║───┼───┼───┼───║───┼───┼───┼───║───┼───┼───┼───║
    - ║ 1 │ 8 │ 7 │ a ║ 9 │ 2 │ 6 │ 5 ║ e │ d │ 4 │ b ║ 3 │ c │ g │ f ║
    - ║───┼───┼───┼───║───┼───┼───┼───║───┼───┼───┼───║───┼───┼───┼───║
    - ║ 3 │ e │ c │ 9 ║ 4 │ 8 │ a │ d ║ g │ f │ 7 │ 2 ║ b │ 5 │ 6 │ 1 ║
    - ╚═══════════════╩═══════════════╩═══════════════╩═══════════════╝
---
deductions:
  - reasons:
      - position:
          row: 0
          column: 0
        candidates:
          - 16
    actions:
      - position:
          row: 0
          column: 0
        setValue: 16
  - reasons:
      - position:
          row: 0
          column: 1
        candidates:
          - 9
    actions:
      - position:
          row: 0
          column: 1
        setValue: 9
  - reasons:
      - position:
          row: 0
          column: 5
        candidates:
          - 7
    actions:
      - position:
          row: 0
          column: 5
        setValue: 7
  - reasons:
      - position:
          row: 0
          column: 6
        candidates:
          - 4
    actions:
      - position:
          row: 0
          column: 6
        setValue: 4
  - reasons:
      - position:
          row: 0
          column: 8
        candidates:
          - 10
    actions:
      - position:
          row: 0
          column: 8
        setValue: 10
  - reasons:
      - position:
          row: 0
          column: 9
        candidates:
          - 3
    actions:
      - position:
          row: 0
          column: 9
        setValue: 3
  - reasons:
      - position:
          row: 0
          column: 10
        candidates:
          - 8
    actions:
      - position:
          row: 0
          column: 10
        setValue: 8
  - reasons:
      - position:
          row: 0
          column: 12
        candidates:
          - 12
    actions:
      - position:
          row: 0
          column: 12
        setValue: 12
  - reasons:
      - position:
          row: 0
          column: 13
        candidates:
          - 2
    actions:
      - position:
          row: 0
          column: 13
        setValue: 2
  - reasons:
      - position:
          row: 0
          column: 14
        candidates:
          - 5
    actions:
      - position:
          row: 0
          column: 14
        setValue: 5
  - reasons:
      - position:
          row: 0
          column: 15
        candidates:
          - 13
    actions:
      - position:
          row: 0
          column: 15
        setValue: 13
  - reasons:
      - position:
          row: 1
          column: 1
        candidates:
          - 6
    actions:
      - position:
          row: 1
          column: 1
        setValue: 6
  - reasons:
      - position:
          row: 1
          column: 2
        candidates:
          - 2
    actions:
      - position:
          row: 1
          column: 2
        setValue: 2
  - reasons:
      - position:
          row: 1
          column: 3
        candidates:
          - 15
    actions:
      - position:
          row: 1
          column: 3
        setValue: 15
  - reasons:
      - position:
          row: 1
          column: 5
        candidates:
          - 10
    actions:
      - position:
          row: 1
          column: 5
        setValue: 10
  - reasons:
      - position:
          row: 1
          column: 7
        candidates:
          - 3
    actions:
      - position:
          row: 1
          column: 7
        setValue: 3
  - reasons:
      - position:
          row: 1
          column: 8
        candidates:
          - 9
    actions:
      - position:
          row: 1
          column: 8
        setValue: 9
  - reasons:
      - position:
          row: 1
          column: 10
        candidates:
          - 12
    actions:
      - position:
          row: 1
          column: 10
        setValue: 12
  - reasons:
      - position:
          row: 1
          column: 11
        candidates:
          - 5
    actions:
      - position:
          row: 1
          column: 11
        setValue: 5
  - reasons:
      - position:
          row: 1
          column: 12
        candidates:
          - 16
    actions:
      - position:
          row: 1
          column: 12
        setValue: 16
  - reasons:
      - position:
          row: 2
          column: 0
        candidates:
          - 7
    actions:
      - position:
          row: 2
          column: 0
        setValue: 7
  - reasons:
      - position:
          row: 2
          column: 4
        candidates:
          - 2
    actions:
      - position:
          row: 2
          column: 4
        setValue: 2
  - reasons:
      - position:
          row: 2
          column: 5
        candidates:
          - 15
    actions:
      - position:
          row: 2
          column: 5
        setValue: 15
  - reasons:
      - position:
          row: 2
          column: 6
        candidates:
          - 5
    actions:
      - position:
          row: 2
          column: 6
        setValue: 5
  - reasons:
      - position:
          row: 2
          column: 7
        candidates:
          - 8
    actions:
      - position:
          row: 2
          column: 7
        setValue: 8
  - reasons:
      - position:
          row: 2
          column: 10
        candidates:
          - 11
    actions:
      - position:
          row: 2
          column: 10
        setValue: 11
  - reasons:
      - position:
          row: 2
          column: 11
        candidates:
          - 16
    actions:
      - position:
          row: 2
          column: 11
        setValue: 16
  - reasons:
      - position:
          row: 2
          column: 12
        candidates:
          - 9
    actions:
      - position:
          row: 2
          column: 12
        setValue: 9
  - reasons:
      - position:
          row: 2
          column: 13
        candidates:
          - 1
    actions:
      - position:
          row: 2
          column: 13
        setValue: 1
  - reasons:
      - position:
          row: 2
          column: 15
        candidates:
          - 6
    actions:
      - position:
          row: 2
          column: 15
        setValue: 6
  - reasons:
      - position:
          row: 3
          column: 2
        candidates:
          - 10
    actions:
      - position:
          row: 3
          column: 2
        setValue: 10
  - reasons:
      - position:
          row: 3
          column: 3
        candidates:
          - 8
    actions:
      - position:
          row: 3
          column: 3
        setValue: 8
  - reasons:
      - position:
          row: 3
          column: 4
        candidates:
          - 12
    actions:
      - position:
          row: 3
          column: 4
        setValue: 12
  - reasons:
      - position:
          row: 3
          column: 5
        candidates:
          - 9
    actions:
      - position:
          row: 3
          column: 5
        setValue: 9
  - reasons:
      - position:
          row: 3
          column: 6
        candidates:
          - 13
    actions:
      - position:
          row: 3
          column: 6
        setValue: 13
  - reasons:
      - position:
          row: 3
          column: 8
        candidates:
          - 1
    actions:
      - position:
          row: 3
          column: 8
        setValue: 1
  - reasons:
      - position:
          row: 3
          column: 10
        candidates:
          - 2
    actions:
      - position:
          row: 3
          column: 10
        setValue: 2
  - reasons:
      - position:
          row: 3
          column: 11
        candidates:
          - 6
    actions:
      - position:
          row: 3
          column: 11
        setValue: 6
  - reasons:
      - position:
          row: 3
          column: 13
        candidates:
          - 3
    actions:
      - position:
          row: 3
          column: 13
        setValue: 3
  - reasons:
      - position:
          row: 3
          column: 14
        candidates:
          - 14
    actions:
      - position:
          row: 3
          column: 14
        setValue: 14
  - reasons:
      - position:
          row: 3
          column: 15
        candidates:
          - 11
    actions:
      - position:
          row: 3
          column: 15
        setValue: 11
  - reasons:
      - position:
          row: 4
          column: 0
        candidates:
          - 8
    actions:
      - position:
          row: 4
          column: 0
        setValue: 8
  - reasons:
      - position:
          row: 4
          column: 1
        candidates:
          - 2
    actions:
      - position:
          row: 4
          column: 1
        setValue: 2
  - reasons:
      - position:
          row: 4
          column: 2
        candidates:
          - 3
    actions:
      - position:
          row: 4
          column: 2
        setValue: 3
  - reasons:
      - position:
          row: 4
          column: 3
        candidates:
          - 4
    actions:
      - position:
          row: 4
          column: 3
        setValue: 4
  - reasons:
      - position:
          row: 4
          column: 4
        candidates:
          - 11
    actions:
      - position:
          row: 4
          column: 4
        setValue: 11
  - reasons:
      - position:
          row: 4
          column: 5
        candidates:
          - 5
    actions:
      - position:
          row: 4
          column: 5
        setValue: 5
  - reasons:
      - position:
          row: 4
          column: 8
        candidates:
          - 12
    actions:
      - position:
          row: 4
          column: 8
        setValue: 12
  - reasons:
      - position:
          row: 4
          column: 12
        candidates:
          - 7
    actions:
      - position:
          row: 4
          column: 12
        setValue: 7
  - reasons:
      - position:
          row: 4
          column: 13
        candidates:
          - 15
    actions:
      - position:
          row: 4
          column: 13
        setValue: 15
  - reasons:
      - position:
          row: 4
          column: 14
        candidates:
          - 9
    actions:
      - position:
          row: 4
          column: 14
        setValue: 9
  - reasons:
      - position:
          row: 5
          column: 1
        candidates:
          - 10
    actions:
      - position:
          row: 5
          column: 1
        setValue: 10
  - reasons:
      - position:
          row: 5
          column: 3
        candidates:
          - 12
    actions:
      - position:
          row: 5
          column: 3
        setValue: 12
  - reasons:
      - position:
          row: 5
          column: 4
        candidates:
          - 13
    actions:
      - position:
          row: 5
          column: 4
        setValue: 13
  - reasons:
      - position:
          row: 5
          column: 5
        candidates:
          - 3
    actions:
      - position:
          row: 5
          column: 5
        setValue: 3
  - reasons:
      - position:
          row: 5
          column: 6
        candidates:
          - 14
    actions:
      - position:
          row: 5
          column: 6
        setValue: 14
  - reasons:
      - position:
          row: 5
          column: 8
        candidates:
          - 11
    actions:
      - position:
          row: 5
          column: 8
        setValue: 11
  - reasons:
      - position:
          row: 5
          column: 9
        candidates:
          - 9
    actions:
      - position:
          row: 5
          column: 9
        setValue: 9
  - reasons:
      - position:
          row: 5
          column: 11
        candidates:
          - 7
    actions:
      - position:
          row: 5
          column: 11
        setValue: 7
  - reasons:
      - position:
          row: 5
          column: 12
        candidates:
          - 4
    actions:
      - position:
          row: 5
          column: 12
        setValue: 4
  - reasons:
      - position:
          row: 5
          column: 13
        candidates:
          - 16
    actions:
      - position:
          row: 5
          column: 13
        setValue: 16
  - reasons:
      - position:
          row: 5
          column: 14
        candidates:
          - 8
    actions:
      - position:
          row: 5
          column: 14
        setValue: 8
  - reasons:
      - position:
          row: 6
          column: 0
        candidates:
          - 9
    actions:
      - position:
          row: 6
          column: 0
        setValue: 9
  - reasons:
      - position:
          row: 6
          column: 1
        candidates:
          - 7
    actions:
      - position:
          row: 6
          column: 1
        setValue: 7
  - reasons:
      - position:
          row: 6
          column: 2
        candidates:
          - 13
    actions:
      - position:
          row: 6
          column: 2
        setValue: 13
  - reasons:
      - position:
          row: 6
          column: 5
        candidates:
          - 16
    actions:
      - position:
          row: 6
          column: 5
        setValue: 16
  - reasons:
      - position:
          row: 6
          column: 6
        candidates:
          - 15
    actions:
      - position:
          row: 6
          column: 6
        setValue: 15
  - reasons:
      - position:
          row: 6
          column: 7
        candidates:
          - 12
    actions:
      - position:
          row: 6
          column: 7
        setValue: 12
  - reasons:
      - position:
          row: 6
          column: 9
        candidates:
          - 6
    actions:
      - position:
          row: 6
          column: 9
        setValue: 6
  - reasons:
      - position:
          row: 6
          column: 10
        candidates:
          - 3
    actions:
      - position:
          row: 6
          column: 10
        setValue: 3
  - reasons:
      - position:
          row: 6
          column: 11
        candidates:
          - 4
    actions:
      - position:
          row: 6
          column: 11
        setValue: 4
  - reasons:
      - position:
          row: 6
          column: 13
        candidates:
          - 14
    actions:
      - position:
          row: 6
          column: 13
        setValue: 14
  - reasons:
      - position:
          row: 6
          column: 14
        candidates:
          - 11
    actions:
      - position:
          row: 6
          column: 14
        setValue: 11
  - reasons:
      - position:
          row: 7
          column: 0
        candidates:
          - 14
    actions:
      - position:
          row: 7
          column: 0
        setValue: 14
  - reasons:
      - position:
          row: 7
          column: 1
        candidates:
          - 1
    actions:
      - position:
          row: 7
          column: 1
        setValue: 1
  - reasons:
      - position:
          row: 7
          column: 3
        candidates:
          - 16
    actions:
      - position:
          row: 7
          column: 3
        setValue: 16
  - reasons:
      - position:
          row: 7
          column: 4
        candidates:
          - 8
    actions:
      - position:
          row: 7
          column: 4
        setValue: 8
  - reasons:
      - position:
          row: 7
          column: 7
        candidates:
          - 9
    actions:
      - position:
          row: 7
          column: 7
        setValue: 9
  - reasons:
      - position:
          row: 7
          column: 9
        candidates:
          - 2
    actions:
      - position:
          row: 7
          column: 9
        setValue: 2
  - reasons:
      - position:
          row: 7
          column: 11
        candidates:
          - 10
    actions:
      - position:
          row: 7
          column: 11
        setValue: 10
  - reasons:
      - position:
          row: 7
          column: 12
        candidates:
          - 13
    actions:
      - position:
          row: 7
          column: 12
        setValue: 13
  - reasons:
      - position:
          row: 7
          column: 13
        candidates:
          - 6
    actions:
      - position:
          row: 7
          column: 13
        setValue: 6
  - reasons:
      - position:
          row: 7
          column: 14
        candidates:
          - 3
    actions:
      - position:
          row: 7
          column: 14
        setValue: 3
  - reasons:
      - position:
          row: 8
          column: 0
        candidates:
          - 2
    actions:
      - position:
          row: 8
          column: 0
        setValue: 2
  - reasons:
      - position:
          row: 8
          column: 2
        candidates:
          - 15
    actions:
      - position:
          row: 8
          column: 2
        setValue: 15
  - reasons:
      - position:
          row: 8
          column: 4
        candidates:
          - 7
    actions:
      - position:
          row: 8
          column: 4
        setValue: 7
  - reasons:
      - position:
          row: 8
          column: 5
        candidates:
          - 11
    actions:
      - position:
          row: 8
          column: 5
        setValue: 11
  - reasons:
      - position:
          row: 8
          column: 6
        candidates:
          - 9
    actions:
      - position:
          row: 8
          column: 6
        setValue: 9
  - reasons:
      - position:
          row: 8
          column: 7
        candidates:
          - 4
    actions:
      - position:
          row: 8
          column: 7
        setValue: 4
  - reasons:
      - position:
          row: 8
          column: 8
        candidates:
          - 5
    actions:
      - position:
          row: 8
          column: 8
        setValue: 5
  - reasons:
      - position:
          row: 8
          column: 9
        candidates:
          - 8
    actions:
      - position:
          row: 8
          column: 9
        setValue: 8
  - reasons:
      - position:
          row: 8
          column: 13
        candidates:
          - 10
    actions:
      - position:
          row: 8
          column: 13
        setValue: 10
  - reasons:
      - position:
          row: 8
          column: 14
        candidates:
          - 1
    actions:
      - position:
          row: 8
          column: 14
        setValue: 1
  - reasons:
      - position:
          row: 8
          column: 15
        candidates:
          - 3
    actions:
      - position:
          row: 8
          column: 15
        setValue: 3
  - reasons:
      - position:
          row: 9
          column: 0
        candidates:
          - 10
    actions:
      - position:
          row: 9
          column: 0
        setValue: 10
  - reasons:
      - position:
          row: 9
          column: 1
        candidates:
          - 3
    actions:
      - position:
          row: 9
          column: 1
        setValue: 3
  - reasons:
      - position:
          row: 9
          column: 4
        candidates:
          - 16
    actions:
      - position:
          row: 9
          column: 4
        setValue: 16
  - reasons:
      - position:
          row: 9
          column: 6
        candidates:
          - 2
    actions:
      - position:
          row: 9
          column: 6
        setValue: 2
  - reasons:
      - position:
          row: 9
          column: 7
        candidates:
          - 15
    actions:
      - position:
          row: 9
          column: 7
        setValue: 15
  - reasons:
      - position:
          row: 9
          column: 10
        candidates:
          - 6
    actions:
      - position:
          row: 9
          column: 10
        setValue: 6
  - reasons:
      - position:
          row: 9
          column: 11
        candidates:
          - 14
    actions:
      - position:
          row: 9
          column: 11
        setValue: 14
  - reasons:
      - position:
          row: 9
          column: 12
        candidates:
          - 5
    actions:
      - position:
          row: 9
          column: 12
        setValue: 5
  - reasons:
      - position:
          row: 10
          column: 1
        candidates:
          - 4
    actions:
      - position:
          row: 10
          column: 1
        setValue: 4
  - reasons:
      - position:
          row: 10
          column: 2
        candidates:
          - 5
    actions:
      - position:
          row: 10
          column: 2
        setValue: 5
  - reasons:
      - position:
          row: 10
          column: 3
        candidates:
          - 1
    actions:
      - position:
          row: 10
          column: 3
        setValue: 1
  - reasons:
      - position:
          row: 10
          column: 4
        candidates:
          - 14
    actions:
      - position:
          row: 10
          column: 4
        setValue: 14
  - reasons:
      - position:
          row: 10
          column: 5
        candidates:
          - 6
    actions:
      - position:
          row: 10
          column: 5
        setValue: 6
  - reasons:
      - position:
          row: 10
          column: 8
        candidates:
          - 7
    actions:
      - position:
          row: 10
          column: 8
        setValue: 7
  - reasons:
      - position:
          row: 10
          column: 11
        candidates:
          - 9
    actions:
      - position:
          row: 10
          column: 11
        setValue: 9
  - reasons:
      - position:
          row: 10
          column: 12
        candidates:
          - 8
    actions:
      - position:
          row: 10
          column: 12
        setValue: 8
  - reasons:
      - position:
          row: 10
          column: 13
        candidates:
          - 13
    actions:
      - position:
          row: 10
          column: 13
        setValue: 13
  - reasons:
      - position:
          row: 10
          column: 15
        candidates:
          - 16
    actions:
      - position:
          row: 10
          column: 15
        setValue: 16
  - reasons:
      - position:
          row: 11
          column: 0
        candidates:
          - 11
    actions:
      - position:
          row: 11
          column: 0
        setValue: 11
  - reasons:
      - position:
          row: 11
          column: 2
        candidates:
          - 9
    actions:
      - position:
          row: 11
          column: 2
        setValue: 9
  - reasons:
      - position:
          row: 11
          column: 3
        candidates:
          - 14
    actions:
      - position:
          row: 11
          column: 3
        setValue: 14
  - reasons:
      - position:
          row: 11
          column: 5
        candidates:
          - 12
    actions:
      - position:
          row: 11
          column: 5
        setValue: 12
  - reasons:
      - position:
          row: 11
          column: 6
        candidates:
          - 8
    actions:
      - position:
          row: 11
          column: 6
        setValue: 8
  - reasons:
      - position:
          row: 11
          column: 7
        candidates:
          - 1
    actions:
      - position:
          row: 11
          column: 7
        setValue: 1
  - reasons:
      - position:
          row: 11
          column: 9
        candidates:
          - 10
    actions:
      - position:
          row: 11
          column: 9
        setValue: 10
  - reasons:
      - position:
          row: 11
          column: 10
        candidates:
          - 13
    actions:
      - position:
          row: 11
          column: 10
        setValue: 13
  - reasons:
      - position:
          row: 11
          column: 11
        candidates:
          - 3
    actions:
      - position:
          row: 11
          column: 11
        setValue: 3
  - reasons:
      - position:
          row: 11
          column: 12
        candidates:
          - 6
    actions:
      - position:
          row: 11
          column: 12
        setValue: 6
  - reasons:
      - position:
          row: 12
          column: 1
        candidates:
          - 15
    actions:
      - position:
          row: 12
          column: 1
        setValue: 15
  - reasons:
      - position:
          row: 12
          column: 2
        candidates:
          - 4
    actions:
      - position:
          row: 12
          column: 2
        setValue: 4
  - reasons:
      - position:
          row: 12
          column: 3
        candidates:
          - 13
    actions:
      - position:
          row: 12
          column: 3
        setValue: 13
  - reasons:
      - position:
          row: 12
          column: 4
        candidates:
          - 3
    actions:
      - position:
          row: 12
          column: 4
        setValue: 3
  - reasons:
      - position:
          row: 12
          column: 6
        candidates:
          - 16
    actions:
      - position:
          row: 12
          column: 6
        setValue: 16
  - reasons:
      - position:
          row: 12
          column: 7
        candidates:
          - 11
    actions:
      - position:
          row: 12
          column: 7
        setValue: 11
  - reasons:
      - position:
          row: 12
          column: 11
        candidates:
          - 1
    actions:
      - position:
          row: 12
          column: 11
        setValue: 1
  - reasons:
      - position:
          row: 12
          column: 12
        candidates:
          - 2
    actions:
      - position:
          row: 12
          column: 12
        setValue: 2
  - reasons:
      - position:
          row: 13
          column: 0
        candidates:
          - 6
    actions:
      - position:
          row: 13
          column: 0
        setValue: 6
  - reasons:
      - position:
          row: 13
          column: 1
        candidates:
          - 11
    actions:
      - position:
          row: 13
          column: 1
        setValue: 11
  - reasons:
      - position:
          row: 13
          column: 3
        candidates:
          - 2
    actions:
      - position:
          row: 13
          column: 3
        setValue: 2
  - reasons:
      - position:
          row: 13
          column: 7
        candidates:
          - 7
    actions:
      - position:
          row: 13
          column: 7
        setValue: 7
  - reasons:
      - position:
          row: 13
          column: 9
        candidates:
          - 5
    actions:
      - position:
          row: 13
          column: 9
        setValue: 5
  - reasons:
      - position:
          row: 13
          column: 12
        candidates:
          - 10
    actions:
      - position:
          row: 13
          column: 12
        setValue: 10
  - reasons:
      - position:
          row: 13
          column: 15
        candidates:
          - 14
    actions:
      - position:
          row: 13
          column: 15
        setValue: 14
  - reasons:
      - position:
          row: 14
          column: 0
        candidates:
          - 1
    actions:
      - position:
          row: 14
          column: 0
        setValue: 1
  - reasons:
      - position:
          row: 14
          column: 1
        candidates:
          - 8
    actions:
      - position:
          row: 14
          column: 1
        setValue: 8
  - reasons:
      - position:
          row: 14
          column: 2
        candidates:
          - 7
    actions:
      - position:
          row: 14
          column: 2
        setValue: 7
  - reasons:
      - position:
          row: 14
          column: 3
        candidates:
          - 10
    actions:
      - position:
          row: 14
          column: 3
        setValue: 10
  - reasons:
      - position:
          row: 14
          column: 5
        candidates:
          - 2
    actions:
      - position:
          row: 14
          column: 5
        setValue: 2
  - reasons:
      - position:
          row: 14
          column: 7
        candidates:
          - 5
    actions:
      - position:
          row: 14
          column: 7
        setValue: 5
  - reasons:
      - position:
          row: 14
          column: 8
        candidates:
          - 14
    actions:
      - position:
          row: 14
          column: 8
        setValue: 14
  - reasons:
      - position:
          row: 14
          column: 9
        candidates:
          - 13
    actions:
      - position:
          row: 14
          column: 9
        setValue: 13
  - reasons:
      - position:
          row: 14
          column: 10
        candidates:
          - 4
    actions:
      - position:
          row: 14
          column: 10
        setValue: 4
  - reasons:
      - position:
          row: 14
          column: 11
        candidates:
          - 11
    actions:
      - position:
          row: 14
          column: 11
        setValue: 11
  - reasons:
      - position:
          row: 14
          column: 12
        candidates:
          - 3
    actions:
      - position:
          row: 14
          column: 12
        setValue: 3
  - reasons:
      - position:
          row: 14
          column: 13
        candidates:
          - 12
    actions:
      - position:
          row: 14
          column: 13
        setValue: 12
  - reasons:
      - position:
          row: 14
          column: 15
        candidates:
          - 15
    actions:
      - position:
          row: 14
          column: 15
        setValue: 15
  - reasons:
      - position:
          row: 15
          column: 0
        candidates:
          - 3
    actions:
      - position:
          row: 15
          column: 0
        setValue: 3
  - reasons:
      - position:
          row: 15
          column: 3
        candidates:
          - 9
    actions:
      - position:
          row: 15
          column: 3
        setValue: 9
  - reasons:
      - position:
          row: 15
          column: 4
        candidates:
          - 4
    actions:
      - position:
          row: 15
          column: 4
        setValue: 4
  - reasons:
      - position:
          row: 15
          column: 6
        candidates:
          - 10
    actions:
      - position:
          row: 15
          column: 6
        setValue: 10
  - reasons:
      - position:
          row: 15
          column: 8
        candidates:
          - 16
    actions:
      - position:
          row: 15
          column: 8
        setValue: 16
  - reasons:
      - position:
          row: 15
          column: 9
        candidates:
          - 15
    actions:
      - position:
          row: 15
          column: 9
        setValue: 15
  - reasons:
      - position:
          row: 15
          column: 10
        candidates:
          - 7
    actions:
      - position:
          row: 15
          column: 10
        setValue: 7
  - reasons:
      - position:
          row: 15
          column: 11
        candidates:
          - 2
    actions:
      - position:
          row: 15
          column: 11
        setValue: 2
  - reasons:
      - position:
          row: 15
          column: 14
        candidates:
          - 6
    actions:
      - position:
          row: 15
          column: 14
        setValue: 6
