---
source: sudoku-rs/src/solver/strategic/strategies/impls/hidden_singles.rs
description: Strategy HiddenSingles executed on grid base_4_sample_0_direct_candidates
expression: "TransportDeductions :: from(deductions.clone())"
info:
  grid_input:
    - ╔═══════════════════════════════════════╦═══════════════════════════════════════╦═══════════════════════════════════════╦═══════════════════════════════════════╗
    - ║   2     │   2     │         │         ║         │   2 3   │   2   4 │         ║         │   2 3   │   2 3   │         ║   2 3   │   2 3   │     3   │     3   ║
    - ║         │         │         │         ║         │         │         │         ║         │         │         │         ║         │         │         │         ║
    - ║     7 8 │     7 8 │         │         ║         │ 5   7   │ 5     8 │         ║ 5       │ 5     8 │       8 │         ║ 5       │         │ 5       │         ║
    - ║         │         │    1    │    b    ║    6    │         │         │    e    ║         │         │         │    f    ║         │         │         │         ║
    - ║ 9 a     │ 9 a     │         │         ║         │ 9 a   c │ 9 a     │         ║ 9 a   c │ 9 a     │       c │         ║ 9     c │       c │ 9       │         ║
    - ║         │         │         │         ║         │         │         │         ║         │         │         │         ║         │         │         │         ║
    - ║       g │         │         │         ║         │         │ d       │         ║       g │         │         │         ║ d     g │ d     g │         │ d     g ║
    - ║─────────┼─────────┼─────────┼─────────║─────────┼─────────┼─────────┼─────────║─────────┼─────────┼─────────┼─────────║─────────┼─────────┼─────────┼─────────║
    - ║         │   2     │   2     │   2     ║         │   2 3   │         │     3   ║         │         │   2 3   │   2 3   ║   2 3   │         │         │         ║
    - ║         │         │         │         ║         │         │         │         ║         │         │         │         ║         │         │         │         ║
    - ║         │   6     │         │         ║         │ 5       │         │ 5       ║ 5       │         │   6     │ 5 6     ║ 5 6     │         │         │         ║
    - ║    d    │         │         │         ║    1    │         │    b    │         ║         │    e    │         │         ║         │    8    │    4    │    7    ║
    - ║         │ 9 a     │ 9 a     │ 9 a     ║         │ 9 a   c │         │ 9     c ║ 9 a   c │         │       c │ 9 a     ║ 9     c │         │         │         ║
    - ║         │         │         │         ║         │         │         │         ║         │         │         │         ║         │         │         │         ║
    - ║         │     f   │     f   │     f g ║         │     f   │         │     f   ║       g │         │         │       g ║       g │         │         │         ║
    - ║─────────┼─────────┼─────────┼─────────║─────────┼─────────┼─────────┼─────────║─────────┼─────────┼─────────┼─────────║─────────┼─────────┼─────────┼─────────║
    - ║   2     │         │         │         ║   2     │   2     │   2     │         ║         │         │   2     │ 1 2     ║   2     │ 1 2     │         │         ║
    - ║         │         │         │         ║         │         │         │         ║         │         │         │         ║         │         │         │         ║
    - ║   6 7 8 │         │         │         ║     7 8 │ 5   7   │ 5     8 │ 5   7 8 ║         │         │   6   8 │ 5 6     ║ 5 6     │   6     │         │   6     ║
    - ║         │    c    │    e    │    3    ║         │         │         │         ║    d    │    4    │         │         ║         │         │    a    │         ║
    - ║ 9       │         │         │         ║         │ 9       │ 9       │ 9       ║         │         │     b   │ 9   b   ║ 9       │         │         │     b   ║
    - ║         │         │         │         ║         │         │         │         ║         │         │         │         ║         │         │         │         ║
    - ║       g │         │         │         ║         │     f   │     f   │     f   ║         │         │         │       g ║       g │       g │         │       g ║
    - ║─────────┼─────────┼─────────┼─────────║─────────┼─────────┼─────────┼─────────║─────────┼─────────┼─────────┼─────────║─────────┼─────────┼─────────┼─────────║
    - ║         │         │   2     │   2     ║   2 3   │   2 3   │   2     │         ║ 1       │         │   2 3   │ 1 2 3   ║         │ 1 2 3   │ 1   3   │     3   ║
    - ║         │         │         │         ║         │         │         │         ║         │         │         │         ║         │         │         │         ║
    - ║         │         │         │       8 ║       8 │         │       8 │         ║         │         │   6   8 │   6     ║         │   6     │   6     │   6     ║
    - ║    4    │    5    │         │         ║         │         │         │    g    ║         │    7    │         │         ║    f    │         │         │         ║
    - ║         │         │ 9 a     │ 9 a     ║       c │ 9 a   c │ 9 a     │         ║ 9 a b c │         │     b c │ 9 a b   ║         │       c │ 9   b   │     b   ║
    - ║         │         │         │         ║         │         │         │         ║         │         │         │         ║         │         │         │         ║
    - ║         │         │         │         ║ d       │         │ d       │         ║         │         │         │         ║         │ d e     │   e     │ d e     ║
    - ╠═══════════════════════════════════════╬═══════════════════════════════════════╬═══════════════════════════════════════╬═══════════════════════════════════════╣
    - ║   2 3   │   2 3 4 │   2 3 4 │   2   4 ║     3   │     3   │         │         ║         │         │         │         ║     3 4 │     3   │     3   │         ║
    - ║         │         │         │         ║         │         │         │         ║         │         │         │         ║         │         │         │         ║
    - ║     7 8 │     7 8 │     7   │       8 ║       8 │ 5       │         │         ║     7   │         │         │         ║     7 8 │         │       8 │         ║
    - ║         │         │         │         ║         │         │    1    │    6    ║         │    g    │    e    │    d    ║         │         │         │    a    ║
    - ║ 9       │ 9       │ 9       │ 9     c ║     b c │ 9   b c │         │         ║ 9   b c │         │         │         ║ 9       │         │ 9   b   │         ║
    - ║         │         │         │         ║         │         │         │         ║         │         │         │         ║         │         │         │         ║
    - ║         │         │         │         ║         │     f   │         │         ║         │         │         │         ║         │     f   │         │         ║
    - ║─────────┼─────────┼─────────┼─────────║─────────┼─────────┼─────────┼─────────║─────────┼─────────┼─────────┼─────────║─────────┼─────────┼─────────┼─────────║
    - ║         │     3 4 │         │       4 ║     3   │     3   │         │         ║         │     3   │         │     3 4 ║     3 4 │     3   │     3   │         ║
    - ║         │         │         │         ║         │         │         │         ║         │         │         │         ║         │         │         │         ║
    - ║         │     7 8 │         │       8 ║       8 │         │       8 │         ║     7   │         │         │     7   ║     7 8 │         │       8 │         ║
    - ║    f    │         │    6    │         ║         │         │         │    2    ║         │         │    1    │         ║         │         │         │    5    ║
    - ║         │ 9 a     │         │ 9 a   c ║     b c │ 9   b c │ 9       │         ║ 9 a b c │ 9 a     │         │ 9 a b   ║ 9       │         │ 9   b   │         ║
    - ║         │         │         │         ║         │         │         │         ║         │         │         │         ║         │         │         │         ║
    - ║         │         │         │ d e   g ║ d e   g │       g │ d e   g │         ║         │         │         │         ║ d     g │ d e   g │   e     │         ║
    - ║─────────┼─────────┼─────────┼─────────║─────────┼─────────┼─────────┼─────────║─────────┼─────────┼─────────┼─────────║─────────┼─────────┼─────────┼─────────║
    - ║     3   │     3 4 │     3 4 │         ║         │     3   │         │     3   ║         │     3   │     3 4 │     3 4 ║         │     3   │     3   │         ║
    - ║         │         │         │         ║         │         │         │         ║         │         │         │         ║         │         │         │         ║
    - ║     7   │     7   │     7   │         ║         │         │         │         ║         │   6     │   6 7   │   6 7   ║         │   6     │   6     │         ║
    - ║         │         │         │    5    ║    a    │         │         │         ║    8    │         │         │         ║    1    │         │         │    2    ║
    - ║ 9       │ 9       │ 9       │         ║         │ 9   b c │ 9       │ 9   b c ║         │ 9       │     b c │ 9   b   ║         │         │ 9   b   │         ║
    - ║         │         │         │         ║         │         │         │         ║         │         │         │         ║         │         │         │         ║
    - ║   e   g │         │ d       │         ║         │     f g │ d e f g │     f   ║         │         │         │         ║         │ d e f g │   e     │         ║
    - ║─────────┼─────────┼─────────┼─────────║─────────┼─────────┼─────────┼─────────║─────────┼─────────┼─────────┼─────────║─────────┼─────────┼─────────┼─────────║
    - ║ 1 2 3   │ 1 2 3   │         │ 1 2     ║     3   │         │         │     3   ║         │   2 3   │         │   2 3   ║     3   │     3   │     3   │         ║
    - ║         │         │         │         ║         │         │         │         ║         │         │         │         ║         │         │         │         ║
    - ║       8 │       8 │         │       8 ║       8 │         │         │       8 ║         │   6     │         │   6     ║   6   8 │   6     │   6   8 │         ║
    - ║         │         │    b    │         ║         │    4    │    7    │         ║    f    │         │    5    │         ║         │         │         │    c    ║
    - ║ 9 a     │ 9 a     │         │ 9 a     ║         │         │         │ 9       ║         │ 9 a     │         │ 9 a     ║ 9       │         │ 9       │         ║
    - ║         │         │         │         ║         │         │         │         ║         │         │         │         ║         │         │         │         ║
    - ║   e   g │         │         │ d e   g ║ d e   g │         │         │         ║         │         │         │         ║ d     g │ d e   g │   e     │         ║
    - ╠═══════════════════════════════════════╬═══════════════════════════════════════╬═══════════════════════════════════════╬═══════════════════════════════════════╣
    - ║ 1 2 3   │         │   2 3 4 │         ║   2   4 │   2     │   2   4 │ 1     4 ║         │     3   │         │         ║         │ 1   3   │ 1   3   │     3   ║
    - ║         │         │         │         ║         │         │         │         ║         │         │         │         ║         │         │         │         ║
    - ║         │         │ 5       │         ║     7 8 │     7   │       8 │     7 8 ║ 5   7   │ 5     8 │         │         ║         │         │ 5     8 │         ║
    - ║         │    d    │         │    6    ║         │         │         │         ║         │         │    g    │    c    ║    e    │         │         │         ║
    - ║ 9 a b   │         │ 9 a     │         ║     b   │ 9   b   │ 9       │ 9   b   ║ 9 a     │ 9 a     │         │         ║         │   a     │         │         ║
    - ║         │         │         │         ║         │         │         │         ║         │         │         │         ║         │         │         │         ║
    - ║         │         │     f   │         ║         │     f   │     f   │     f   ║         │         │         │         ║         │         │         │         ║
    - ║─────────┼─────────┼─────────┼─────────║─────────┼─────────┼─────────┼─────────║─────────┼─────────┼─────────┼─────────║─────────┼─────────┼─────────┼─────────║
    - ║   2 3   │   2 3   │         │         ║   2     │         │   2     │         ║         │         │     3   │     3   ║     3   │         │         │         ║
    - ║         │         │         │         ║         │         │         │         ║         │         │         │         ║         │         │         │         ║
    - ║         │         │         │         ║         │         │         │         ║         │         │   6     │ 5 6     ║ 5 6     │         │         │         ║
    - ║         │         │    8    │    7    ║         │    d    │         │         ║    4    │    1    │         │         ║         │    b    │    c    │    9    ║
    - ║   a     │   a     │         │         ║         │         │         │         ║         │         │         │   a     ║   a     │         │         │         ║
    - ║         │         │         │         ║         │         │         │         ║         │         │         │         ║         │         │         │         ║
    - ║   e     │     f   │         │         ║   e   g │         │   e f g │     f   ║         │         │         │   e     ║       g │         │         │         ║
    - ║─────────┼─────────┼─────────┼─────────║─────────┼─────────┼─────────┼─────────║─────────┼─────────┼─────────┼─────────║─────────┼─────────┼─────────┼─────────║
    - ║         │ 1     4 │       4 │ 1     4 ║       4 │         │         │         ║         │         │         │         ║         │ 1       │         │         ║
    - ║         │         │         │         ║         │         │         │         ║         │         │         │         ║         │         │         │         ║
    - ║         │         │ 5       │         ║     7 8 │   6 7   │         │         ║ 5   7   │         │         │ 5 6 7   ║ 5 6   8 │   6     │         │   6     ║
    - ║    c    │         │         │         ║         │         │    3    │    a    ║         │    b    │    f    │         ║         │         │    2    │         ║
    - ║         │ 9       │ 9       │ 9       ║         │ 9       │         │         ║ 9       │         │         │ 9       ║         │         │         │         ║
    - ║         │         │         │         ║         │         │         │         ║         │         │         │         ║         │         │         │         ║
    - ║         │         │         │   e     ║   e   g │       g │         │         ║   e     │         │         │   e     ║ d     g │ d     g │         │ d     g ║
    - ║─────────┼─────────┼─────────┼─────────║─────────┼─────────┼─────────┼─────────║─────────┼─────────┼─────────┼─────────║─────────┼─────────┼─────────┼─────────║
    - ║ 1   3   │         │     3   │ 1       ║         │         │         │ 1       ║         │     3   │     3   │     3   ║     3   │         │         │         ║
    - ║         │         │         │         ║         │         │         │         ║         │         │         │         ║         │         │         │         ║
    - ║         │         │         │         ║         │   6     │       8 │       8 ║         │   6   8 │   6   8 │   6     ║   6   8 │         │         │         ║
    - ║         │    g    │         │         ║    5    │         │         │         ║    2    │         │         │         ║         │    7    │    f    │    4    ║
    - ║ 9 a b   │         │ 9 a     │ 9 a     ║         │ 9   b c │ 9       │ 9   b c ║         │ 9 a     │         │ 9 a     ║   a     │         │         │         ║
    - ║         │         │         │         ║         │         │         │         ║         │         │         │         ║         │         │         │         ║
    - ║   e     │         │         │   e     ║         │         │   e     │         ║         │ d       │ d       │   e     ║ d       │         │         │         ║
    - ╠═══════════════════════════════════════╬═══════════════════════════════════════╬═══════════════════════════════════════╬═══════════════════════════════════════╣
    - ║         │ 1 2 3 4 │   2 3 4 │ 1 2   4 ║   2 3 4 │         │   2   4 │     3 4 ║         │         │         │ 1 2   4 ║   2 3   │         │         │         ║
    - ║         │         │         │         ║         │         │         │         ║         │         │         │         ║         │         │         │         ║
    - ║         │         │         │         ║         │         │         │         ║         │         │         │         ║         │         │         │         ║
    - ║    5    │         │         │         ║         │    e    │         │         ║    6    │    c    │    a    │         ║         │    9    │    7    │    8    ║
    - ║         │     b   │         │         ║     b   │         │         │     b   ║         │         │         │     b   ║         │         │         │         ║
    - ║         │         │         │         ║         │         │         │         ║         │         │         │         ║         │         │         │         ║
    - ║         │     f   │ d   f   │ d   f   ║       g │         │       g │         ║         │         │         │       g ║         │         │         │         ║
    - ║─────────┼─────────┼─────────┼─────────║─────────┼─────────┼─────────┼─────────║─────────┼─────────┼─────────┼─────────║─────────┼─────────┼─────────┼─────────║
    - ║   2     │   2     │         │   2     ║         │         │         │         ║         │   2     │         │         ║   2     │         │         │         ║
    - ║         │         │         │         ║         │         │         │         ║         │         │         │         ║         │         │         │         ║
    - ║   6 7   │   6 7   │         │         ║         │         │         │ 5   7   ║         │ 5       │         │         ║   6     │         │         │   6     ║
    - ║         │         │    g    │         ║    f    │    1    │    c    │         ║    3    │         │    9    │    8    ║         │    4    │    d    │         ║
    - ║   a b   │   a b   │         │   a     ║         │         │         │     b   ║         │         │         │         ║   a     │         │         │         ║
    - ║         │         │         │         ║         │         │         │         ║         │         │         │         ║         │         │         │         ║
    - ║         │         │         │         ║         │         │         │         ║         │         │         │         ║         │         │         │   e     ║
    - ║─────────┼─────────┼─────────┼─────────║─────────┼─────────┼─────────┼─────────║─────────┼─────────┼─────────┼─────────║─────────┼─────────┼─────────┼─────────║
    - ║ 1 2 3   │ 1 2 3 4 │   2 3 4 │ 1 2   4 ║         │   2 3   │         │     3 4 ║ 1       │   2     │   2   4 │ 1 2   4 ║   2 3   │   2 3   │         │     3   ║
    - ║         │         │         │         ║         │         │         │         ║         │         │         │         ║         │         │         │         ║
    - ║     7 8 │     7 8 │     7   │       8 ║         │ 5   7   │         │ 5   7   ║ 5   7   │ 5       │     7   │ 5   7   ║         │         │         │         ║
    - ║         │         │         │         ║    9    │         │    6    │         ║         │         │         │         ║         │         │    g    │         ║
    - ║   a b   │   a b   │   a     │   a     ║         │   a b   │         │     b   ║     b   │         │     b   │     b   ║   a   c │   a   c │         │         ║
    - ║         │         │         │         ║         │         │         │         ║         │         │         │         ║         │         │         │         ║
    - ║         │     f   │ d   f   │ d   f   ║         │         │         │         ║   e     │ d   f   │ d       │   e     ║         │   e f   │         │   e f   ║
    - ║─────────┼─────────┼─────────┼─────────║─────────┼─────────┼─────────┼─────────║─────────┼─────────┼─────────┼─────────║─────────┼─────────┼─────────┼─────────║
    - ║   2 3   │         │         │   2   4 ║   2 3 4 │         │   2   4 │         ║         │   2     │   2   4 │   2   4 ║         │         │     3   │         ║
    - ║         │         │         │         ║         │         │         │         ║         │         │         │         ║         │         │         │         ║
    - ║   6 7   │         │         │         ║     7   │         │         │         ║     7   │         │     7   │     7   ║         │         │   6     │         ║
    - ║         │    e    │    c    │         ║         │    8    │         │    d    ║         │         │         │         ║    b    │    5    │         │    1    ║
    - ║ 9 a     │         │         │ 9 a     ║         │         │   a     │         ║         │         │         │         ║         │         │         │         ║
    - ║         │         │         │         ║         │         │         │         ║         │         │         │         ║         │         │         │         ║
    - ║         │         │         │     f   ║       g │         │       g │         ║       g │     f   │         │       g ║         │         │         │         ║
    - ╚═══════════════════════════════════════╩═══════════════════════════════════════╩═══════════════════════════════════════╩═══════════════════════════════════════╝
  deductions:
    - "r0c6: set value 4, because of: r0c6: candidate 4"
    - "r4c5: set value 5, because of: r4c5: candidate 5"
    - "r13c15: set value e, because of: r13c15: candidate e"
    - "r14c15: set value f, because of: r14c15: candidate f"
  grid_output:
    - ╔═══════════════════════════════════════╦═══════════════════════════════════════╦═══════════════════════════════════════╦═══════════════════════════════════════╗
    - ║   2     │   2     │         │         ║         │   2 3   │         │         ║         │   2 3   │   2 3   │         ║   2 3   │   2 3   │     3   │     3   ║
    - ║         │         │         │         ║         │         │         │         ║         │         │         │         ║         │         │         │         ║
    - ║     7 8 │     7 8 │         │         ║         │     7   │         │         ║ 5       │ 5     8 │       8 │         ║ 5       │         │ 5       │         ║
    - ║         │         │    1    │    b    ║    6    │         │    4    │    e    ║         │         │         │    f    ║         │         │         │         ║
    - ║ 9 a     │ 9 a     │         │         ║         │ 9 a   c │         │         ║ 9 a   c │ 9 a     │       c │         ║ 9     c │       c │ 9       │         ║
    - ║         │         │         │         ║         │         │         │         ║         │         │         │         ║         │         │         │         ║
    - ║       g │         │         │         ║         │         │         │         ║       g │         │         │         ║ d     g │ d     g │         │ d     g ║
    - ║─────────┼─────────┼─────────┼─────────║─────────┼─────────┼─────────┼─────────║─────────┼─────────┼─────────┼─────────║─────────┼─────────┼─────────┼─────────║
    - ║         │   2     │   2     │   2     ║         │   2 3   │         │     3   ║         │         │   2 3   │   2 3   ║   2 3   │         │         │         ║
    - ║         │         │         │         ║         │         │         │         ║         │         │         │         ║         │         │         │         ║
    - ║         │   6     │         │         ║         │         │         │ 5       ║ 5       │         │   6     │ 5 6     ║ 5 6     │         │         │         ║
    - ║    d    │         │         │         ║    1    │         │    b    │         ║         │    e    │         │         ║         │    8    │    4    │    7    ║
    - ║         │ 9 a     │ 9 a     │ 9 a     ║         │ 9 a   c │         │ 9     c ║ 9 a   c │         │       c │ 9 a     ║ 9     c │         │         │         ║
    - ║         │         │         │         ║         │         │         │         ║         │         │         │         ║         │         │         │         ║
    - ║         │     f   │     f   │     f g ║         │     f   │         │     f   ║       g │         │         │       g ║       g │         │         │         ║
    - ║─────────┼─────────┼─────────┼─────────║─────────┼─────────┼─────────┼─────────║─────────┼─────────┼─────────┼─────────║─────────┼─────────┼─────────┼─────────║
    - ║   2     │         │         │         ║   2     │   2     │   2     │         ║         │         │   2     │ 1 2     ║   2     │ 1 2     │         │         ║
    - ║         │         │         │         ║         │         │         │         ║         │         │         │         ║         │         │         │         ║
    - ║   6 7 8 │         │         │         ║     7 8 │     7   │ 5     8 │ 5   7 8 ║         │         │   6   8 │ 5 6     ║ 5 6     │   6     │         │   6     ║
    - ║         │    c    │    e    │    3    ║         │         │         │         ║    d    │    4    │         │         ║         │         │    a    │         ║
    - ║ 9       │         │         │         ║         │ 9       │ 9       │ 9       ║         │         │     b   │ 9   b   ║ 9       │         │         │     b   ║
    - ║         │         │         │         ║         │         │         │         ║         │         │         │         ║         │         │         │         ║
    - ║       g │         │         │         ║         │     f   │     f   │     f   ║         │         │         │       g ║       g │       g │         │       g ║
    - ║─────────┼─────────┼─────────┼─────────║─────────┼─────────┼─────────┼─────────║─────────┼─────────┼─────────┼─────────║─────────┼─────────┼─────────┼─────────║
    - ║         │         │   2     │   2     ║   2 3   │   2 3   │   2     │         ║ 1       │         │   2 3   │ 1 2 3   ║         │ 1 2 3   │ 1   3   │     3   ║
    - ║         │         │         │         ║         │         │         │         ║         │         │         │         ║         │         │         │         ║
    - ║         │         │         │       8 ║       8 │         │       8 │         ║         │         │   6   8 │   6     ║         │   6     │   6     │   6     ║
    - ║    4    │    5    │         │         ║         │         │         │    g    ║         │    7    │         │         ║    f    │         │         │         ║
    - ║         │         │ 9 a     │ 9 a     ║       c │ 9 a   c │ 9 a     │         ║ 9 a b c │         │     b c │ 9 a b   ║         │       c │ 9   b   │     b   ║
    - ║         │         │         │         ║         │         │         │         ║         │         │         │         ║         │         │         │         ║
    - ║         │         │         │         ║ d       │         │ d       │         ║         │         │         │         ║         │ d e     │   e     │ d       ║
    - ╠═══════════════════════════════════════╬═══════════════════════════════════════╬═══════════════════════════════════════╬═══════════════════════════════════════╣
    - ║   2 3   │   2 3 4 │   2 3 4 │   2   4 ║     3   │         │         │         ║         │         │         │         ║     3 4 │     3   │     3   │         ║
    - ║         │         │         │         ║         │         │         │         ║         │         │         │         ║         │         │         │         ║
    - ║     7 8 │     7 8 │     7   │       8 ║       8 │         │         │         ║     7   │         │         │         ║     7 8 │         │       8 │         ║
    - ║         │         │         │         ║         │    5    │    1    │    6    ║         │    g    │    e    │    d    ║         │         │         │    a    ║
    - ║ 9       │ 9       │ 9       │ 9     c ║     b c │         │         │         ║ 9   b c │         │         │         ║ 9       │         │ 9   b   │         ║
    - ║         │         │         │         ║         │         │         │         ║         │         │         │         ║         │         │         │         ║
    - ║         │         │         │         ║         │         │         │         ║         │         │         │         ║         │     f   │         │         ║
    - ║─────────┼─────────┼─────────┼─────────║─────────┼─────────┼─────────┼─────────║─────────┼─────────┼─────────┼─────────║─────────┼─────────┼─────────┼─────────║
    - ║         │     3 4 │         │       4 ║     3   │     3   │         │         ║         │     3   │         │     3 4 ║     3 4 │     3   │     3   │         ║
    - ║         │         │         │         ║         │         │         │         ║         │         │         │         ║         │         │         │         ║
    - ║         │     7 8 │         │       8 ║       8 │         │       8 │         ║     7   │         │         │     7   ║     7 8 │         │       8 │         ║
    - ║    f    │         │    6    │         ║         │         │         │    2    ║         │         │    1    │         ║         │         │         │    5    ║
    - ║         │ 9 a     │         │ 9 a   c ║     b c │ 9   b c │ 9       │         ║ 9 a b c │ 9 a     │         │ 9 a b   ║ 9       │         │ 9   b   │         ║
    - ║         │         │         │         ║         │         │         │         ║         │         │         │         ║         │         │         │         ║
    - ║         │         │         │ d e   g ║ d e   g │       g │ d e   g │         ║         │         │         │         ║ d     g │ d e   g │   e     │         ║
    - ║─────────┼─────────┼─────────┼─────────║─────────┼─────────┼─────────┼─────────║─────────┼─────────┼─────────┼─────────║─────────┼─────────┼─────────┼─────────║
    - ║     3   │     3 4 │     3 4 │         ║         │     3   │         │     3   ║         │     3   │     3 4 │     3 4 ║         │     3   │     3   │         ║
    - ║         │         │         │         ║         │         │         │         ║         │         │         │         ║         │         │         │         ║
    - ║     7   │     7   │     7   │         ║         │         │         │         ║         │   6     │   6 7   │   6 7   ║         │   6     │   6     │         ║
    - ║         │         │         │    5    ║    a    │         │         │         ║    8    │         │         │         ║    1    │         │         │    2    ║
    - ║ 9       │ 9       │ 9       │         ║         │ 9   b c │ 9       │ 9   b c ║         │ 9       │     b c │ 9   b   ║         │         │ 9   b   │         ║
    - ║         │         │         │         ║         │         │         │         ║         │         │         │         ║         │         │         │         ║
    - ║   e   g │         │ d       │         ║         │     f g │ d e f g │     f   ║         │         │         │         ║         │ d e f g │   e     │         ║
    - ║─────────┼─────────┼─────────┼─────────║─────────┼─────────┼─────────┼─────────║─────────┼─────────┼─────────┼─────────║─────────┼─────────┼─────────┼─────────║
    - ║ 1 2 3   │ 1 2 3   │         │ 1 2     ║     3   │         │         │     3   ║         │   2 3   │         │   2 3   ║     3   │     3   │     3   │         ║
    - ║         │         │         │         ║         │         │         │         ║         │         │         │         ║         │         │         │         ║
    - ║       8 │       8 │         │       8 ║       8 │         │         │       8 ║         │   6     │         │   6     ║   6   8 │   6     │   6   8 │         ║
    - ║         │         │    b    │         ║         │    4    │    7    │         ║    f    │         │    5    │         ║         │         │         │    c    ║
    - ║ 9 a     │ 9 a     │         │ 9 a     ║         │         │         │ 9       ║         │ 9 a     │         │ 9 a     ║ 9       │         │ 9       │         ║
    - ║         │         │         │         ║         │         │         │         ║         │         │         │         ║         │         │         │         ║
    - ║   e   g │         │         │ d e   g ║ d e   g │         │         │         ║         │         │         │         ║ d     g │ d e   g │   e     │         ║
    - ╠═══════════════════════════════════════╬═══════════════════════════════════════╬═══════════════════════════════════════╬═══════════════════════════════════════╣
    - ║ 1 2 3   │         │   2 3 4 │         ║   2   4 │   2     │   2     │ 1     4 ║         │     3   │         │         ║         │ 1   3   │ 1   3   │     3   ║
    - ║         │         │         │         ║         │         │         │         ║         │         │         │         ║         │         │         │         ║
    - ║         │         │ 5       │         ║     7 8 │     7   │       8 │     7 8 ║ 5   7   │ 5     8 │         │         ║         │         │ 5     8 │         ║
    - ║         │    d    │         │    6    ║         │         │         │         ║         │         │    g    │    c    ║    e    │         │         │         ║
    - ║ 9 a b   │         │ 9 a     │         ║     b   │ 9   b   │ 9       │ 9   b   ║ 9 a     │ 9 a     │         │         ║         │   a     │         │         ║
    - ║         │         │         │         ║         │         │         │         ║         │         │         │         ║         │         │         │         ║
    - ║         │         │     f   │         ║         │     f   │     f   │     f   ║         │         │         │         ║         │         │         │         ║
    - ║─────────┼─────────┼─────────┼─────────║─────────┼─────────┼─────────┼─────────║─────────┼─────────┼─────────┼─────────║─────────┼─────────┼─────────┼─────────║
    - ║   2 3   │   2 3   │         │         ║   2     │         │   2     │         ║         │         │     3   │     3   ║     3   │         │         │         ║
    - ║         │         │         │         ║         │         │         │         ║         │         │         │         ║         │         │         │         ║
    - ║         │         │         │         ║         │         │         │         ║         │         │   6     │ 5 6     ║ 5 6     │         │         │         ║
    - ║         │         │    8    │    7    ║         │    d    │         │         ║    4    │    1    │         │         ║         │    b    │    c    │    9    ║
    - ║   a     │   a     │         │         ║         │         │         │         ║         │         │         │   a     ║   a     │         │         │         ║
    - ║         │         │         │         ║         │         │         │         ║         │         │         │         ║         │         │         │         ║
    - ║   e     │     f   │         │         ║   e   g │         │   e f g │     f   ║         │         │         │   e     ║       g │         │         │         ║
    - ║─────────┼─────────┼─────────┼─────────║─────────┼─────────┼─────────┼─────────║─────────┼─────────┼─────────┼─────────║─────────┼─────────┼─────────┼─────────║
    - ║         │ 1     4 │       4 │ 1     4 ║       4 │         │         │         ║         │         │         │         ║         │ 1       │         │         ║
    - ║         │         │         │         ║         │         │         │         ║         │         │         │         ║         │         │         │         ║
    - ║         │         │ 5       │         ║     7 8 │   6 7   │         │         ║ 5   7   │         │         │ 5 6 7   ║ 5 6   8 │   6     │         │   6     ║
    - ║    c    │         │         │         ║         │         │    3    │    a    ║         │    b    │    f    │         ║         │         │    2    │         ║
    - ║         │ 9       │ 9       │ 9       ║         │ 9       │         │         ║ 9       │         │         │ 9       ║         │         │         │         ║
    - ║         │         │         │         ║         │         │         │         ║         │         │         │         ║         │         │         │         ║
    - ║         │         │         │   e     ║   e   g │       g │         │         ║   e     │         │         │   e     ║ d     g │ d     g │         │ d     g ║
    - ║─────────┼─────────┼─────────┼─────────║─────────┼─────────┼─────────┼─────────║─────────┼─────────┼─────────┼─────────║─────────┼─────────┼─────────┼─────────║
    - ║ 1   3   │         │     3   │ 1       ║         │         │         │ 1       ║         │     3   │     3   │     3   ║     3   │         │         │         ║
    - ║         │         │         │         ║         │         │         │         ║         │         │         │         ║         │         │         │         ║
    - ║         │         │         │         ║         │   6     │       8 │       8 ║         │   6   8 │   6   8 │   6     ║   6   8 │         │         │         ║
    - ║         │    g    │         │         ║    5    │         │         │         ║    2    │         │         │         ║         │    7    │    f    │    4    ║
    - ║ 9 a b   │         │ 9 a     │ 9 a     ║         │ 9   b c │ 9       │ 9   b c ║         │ 9 a     │         │ 9 a     ║   a     │         │         │         ║
    - ║         │         │         │         ║         │         │         │         ║         │         │         │         ║         │         │         │         ║
    - ║   e     │         │         │   e     ║         │         │   e     │         ║         │ d       │ d       │   e     ║ d       │         │         │         ║
    - ╠═══════════════════════════════════════╬═══════════════════════════════════════╬═══════════════════════════════════════╬═══════════════════════════════════════╣
    - ║         │ 1 2 3 4 │   2 3 4 │ 1 2   4 ║   2 3 4 │         │   2     │     3 4 ║         │         │         │ 1 2   4 ║   2 3   │         │         │         ║
    - ║         │         │         │         ║         │         │         │         ║         │         │         │         ║         │         │         │         ║
    - ║         │         │         │         ║         │         │         │         ║         │         │         │         ║         │         │         │         ║
    - ║    5    │         │         │         ║         │    e    │         │         ║    6    │    c    │    a    │         ║         │    9    │    7    │    8    ║
    - ║         │     b   │         │         ║     b   │         │         │     b   ║         │         │         │     b   ║         │         │         │         ║
    - ║         │         │         │         ║         │         │         │         ║         │         │         │         ║         │         │         │         ║
    - ║         │     f   │ d   f   │ d   f   ║       g │         │       g │         ║         │         │         │       g ║         │         │         │         ║
    - ║─────────┼─────────┼─────────┼─────────║─────────┼─────────┼─────────┼─────────║─────────┼─────────┼─────────┼─────────║─────────┼─────────┼─────────┼─────────║
    - ║   2     │   2     │         │   2     ║         │         │         │         ║         │   2     │         │         ║   2     │         │         │         ║
    - ║         │         │         │         ║         │         │         │         ║         │         │         │         ║         │         │         │         ║
    - ║   6 7   │   6 7   │         │         ║         │         │         │ 5   7   ║         │ 5       │         │         ║   6     │         │         │         ║
    - ║         │         │    g    │         ║    f    │    1    │    c    │         ║    3    │         │    9    │    8    ║         │    4    │    d    │    e    ║
    - ║   a b   │   a b   │         │   a     ║         │         │         │     b   ║         │         │         │         ║   a     │         │         │         ║
    - ║         │         │         │         ║         │         │         │         ║         │         │         │         ║         │         │         │         ║
    - ║         │         │         │         ║         │         │         │         ║         │         │         │         ║         │         │         │         ║
    - ║─────────┼─────────┼─────────┼─────────║─────────┼─────────┼─────────┼─────────║─────────┼─────────┼─────────┼─────────║─────────┼─────────┼─────────┼─────────║
    - ║ 1 2 3   │ 1 2 3 4 │   2 3 4 │ 1 2   4 ║         │   2 3   │         │     3 4 ║ 1       │   2     │   2   4 │ 1 2   4 ║   2 3   │   2 3   │         │         ║
    - ║         │         │         │         ║         │         │         │         ║         │         │         │         ║         │         │         │         ║
    - ║     7 8 │     7 8 │     7   │       8 ║         │     7   │         │ 5   7   ║ 5   7   │ 5       │     7   │ 5   7   ║         │         │         │         ║
    - ║         │         │         │         ║    9    │         │    6    │         ║         │         │         │         ║         │         │    g    │    f    ║
    - ║   a b   │   a b   │   a     │   a     ║         │   a b   │         │     b   ║     b   │         │     b   │     b   ║   a   c │   a   c │         │         ║
    - ║         │         │         │         ║         │         │         │         ║         │         │         │         ║         │         │         │         ║
    - ║         │         │ d       │ d       ║         │         │         │         ║   e     │ d       │ d       │   e     ║         │         │         │         ║
    - ║─────────┼─────────┼─────────┼─────────║─────────┼─────────┼─────────┼─────────║─────────┼─────────┼─────────┼─────────║─────────┼─────────┼─────────┼─────────║
    - ║   2 3   │         │         │   2   4 ║   2 3 4 │         │   2     │         ║         │   2     │   2   4 │   2   4 ║         │         │     3   │         ║
    - ║         │         │         │         ║         │         │         │         ║         │         │         │         ║         │         │         │         ║
    - ║   6 7   │         │         │         ║     7   │         │         │         ║     7   │         │     7   │     7   ║         │         │   6     │         ║
    - ║         │    e    │    c    │         ║         │    8    │         │    d    ║         │         │         │         ║    b    │    5    │         │    1    ║
    - ║ 9 a     │         │         │ 9 a     ║         │         │   a     │         ║         │         │         │         ║         │         │         │         ║
    - ║         │         │         │         ║         │         │         │         ║         │         │         │         ║         │         │         │         ║
    - ║         │         │         │     f   ║       g │         │       g │         ║       g │     f   │         │       g ║         │         │         │         ║
    - ╚═══════════════════════════════════════╩═══════════════════════════════════════╩═══════════════════════════════════════╩═══════════════════════════════════════╝
---
deductions:
  - reasons:
      - position:
          row: 0
          column: 6
        candidates:
          - 4
    actions:
      - position:
          row: 0
          column: 6
        setValue: 4
  - reasons:
      - position:
          row: 4
          column: 5
        candidates:
          - 5
    actions:
      - position:
          row: 4
          column: 5
        setValue: 5
  - reasons:
      - position:
          row: 13
          column: 15
        candidates:
          - 14
    actions:
      - position:
          row: 13
          column: 15
        setValue: 14
  - reasons:
      - position:
          row: 14
          column: 15
        candidates:
          - 15
    actions:
      - position:
          row: 14
          column: 15
        setValue: 15
