---
source: sudoku-rs/src/solver/strategic/strategies/impls/hidden_singles.rs
description: Strategy HiddenSingles executed on grid base_3_sample_6_direct_candidates
expression: "TransportDeductions :: from(deductions.clone())"
info:
  grid_input:
    - ╔═════════════════╦═════════════════╦═════════════════╗
    - ║     │ 12  │ 12  ║ 12  │     │ 1   ║     │ 1   │     ║
    - ║  3  │  5  │ 45  ║ 45  │  6  │ 45  ║  7  │ 4   │ 4   ║
    - ║     │   9 │     ║  8  │     │  8  ║     │  89 │  8  ║
    - ║─────┼─────┼─────║─────┼─────┼─────║─────┼─────┼─────║
    - ║     │ 12  │ 12  ║ 123 │ 1 3 │ 1 3 ║     │ 1 3 │   3 ║
    - ║  8  │   6 │ 4   ║ 4   │     │ 4   ║  5  │ 4 6 │ 4   ║
    - ║     │ 7 9 │ 7   ║ 7   │ 7   │ 7   ║     │   9 │     ║
    - ║─────┼─────┼─────║─────┼─────┼─────║─────┼─────┼─────║
    - ║ 1   │ 1   │ 1   ║     │ 1 3 │ 1 3 ║ 1   │ 1 3 │     ║
    - ║ 4   │  56 │ 45  ║  9  │     │ 45  ║   6 │ 4 6 │  2  ║
    - ║ 7   │ 7   │ 7   ║     │ 78  │ 78  ║  8  │  8  │     ║
    - ╠═════════════════╬═════════════════╬═════════════════╣
    - ║     │     │ 123 ║ 1 3 │ 1 3 │ 1 3 ║ 12  │ 123 │   3 ║
    - ║  6  │  4  │     ║     │     │     ║     │  5  │     ║
    - ║     │     │ 7   ║ 78  │ 789 │ 789 ║  8  │ 78  │ 78  ║
    - ║─────┼─────┼─────║─────┼─────┼─────║─────┼─────┼─────║
    - ║ 12  │     │ 123 ║ 1 3 │     │ 1 3 ║ 12  │ 123 │   3 ║
    - ║     │  8  │     ║ 4 6 │  5  │ 4 6 ║   6 │   6 │     ║
    - ║ 7 9 │     │ 7   ║ 7   │     │ 7 9 ║     │ 7   │ 7   ║
    - ║─────┼─────┼─────║─────┼─────┼─────║─────┼─────┼─────║
    - ║     │ 1 3 │ 1 3 ║ 1 3 │ 1 3 │     ║     │ 1 3 │     ║
    - ║  5  │     │     ║   6 │     │  2  ║  4  │   6 │  9  ║
    - ║     │ 7   │ 7   ║ 78  │ 78  │     ║     │ 78  │     ║
    - ╠═════════════════╬═════════════════╬═════════════════╣
    - ║ 12  │ 12  │     ║ 1   │     │ 1   ║     │  2  │     ║
    - ║     │     │  6  ║     │  4  │     ║  3  │     │  5  ║
    - ║ 7   │ 7   │     ║ 78  │     │ 789 ║     │ 789 │     ║
    - ║─────┼─────┼─────║─────┼─────┼─────║─────┼─────┼─────║
    - ║  2  │  23 │     ║   3 │   3 │   3 ║  2  │  2  │     ║
    - ║ 4   │  5  │  9  ║  56 │     │  56 ║     │ 4   │  1  ║
    - ║ 7   │ 7   │     ║ 78  │ 78  │ 78  ║  8  │ 78  │     ║
    - ║─────┼─────┼─────║─────┼─────┼─────║─────┼─────┼─────║
    - ║ 1   │ 1 3 │ 1 3 ║ 1 3 │     │ 1 3 ║     │     │     ║
    - ║ 4   │  5  │ 45  ║  5  │  2  │  5  ║     │ 4   │  6  ║
    - ║ 7   │ 7   │ 78  ║ 78  │     │ 789 ║  89 │ 789 │     ║
    - ╚═════════════════╩═════════════════╩═════════════════╝
  deductions:
    - "r3c4: set value 9, because of: r3c4: candidate 9"
    - "r3c7: set value 5, because of: r3c7: candidate 5"
    - "r4c0: set value 9, because of: r4c0: candidate 9"
    - "r8c2: set value 8, because of: r8c2: candidate 8"
    - "r8c6: set value 9, because of: r8c6: candidate 9"
  grid_output:
    - ╔═════════════════╦═════════════════╦═════════════════╗
    - ║     │ 12  │ 12  ║ 12  │     │ 1   ║     │ 1   │     ║
    - ║  3  │  5  │ 45  ║ 45  │  6  │ 45  ║  7  │ 4   │ 4   ║
    - ║     │   9 │     ║  8  │     │  8  ║     │  89 │  8  ║
    - ║─────┼─────┼─────║─────┼─────┼─────║─────┼─────┼─────║
    - ║     │ 12  │ 12  ║ 123 │ 1 3 │ 1 3 ║     │ 1 3 │   3 ║
    - ║  8  │   6 │ 4   ║ 4   │     │ 4   ║  5  │ 4 6 │ 4   ║
    - ║     │ 7 9 │ 7   ║ 7   │ 7   │ 7   ║     │   9 │     ║
    - ║─────┼─────┼─────║─────┼─────┼─────║─────┼─────┼─────║
    - ║ 1   │ 1   │ 1   ║     │ 1 3 │ 1 3 ║ 1   │ 1 3 │     ║
    - ║ 4   │  56 │ 45  ║  9  │     │ 45  ║   6 │ 4 6 │  2  ║
    - ║ 7   │ 7   │ 7   ║     │ 78  │ 78  ║  8  │  8  │     ║
    - ╠═════════════════╬═════════════════╬═════════════════╣
    - ║     │     │ 123 ║ 1 3 │     │ 1 3 ║ 12  │     │   3 ║
    - ║  6  │  4  │     ║     │  9  │     ║     │  5  │     ║
    - ║     │     │ 7   ║ 78  │     │ 78  ║  8  │     │ 78  ║
    - ║─────┼─────┼─────║─────┼─────┼─────║─────┼─────┼─────║
    - ║     │     │ 123 ║ 1 3 │     │ 1 3 ║ 12  │ 123 │   3 ║
    - ║  9  │  8  │     ║ 4 6 │  5  │ 4 6 ║   6 │   6 │     ║
    - ║     │     │ 7   ║ 7   │     │ 7   ║     │ 7   │ 7   ║
    - ║─────┼─────┼─────║─────┼─────┼─────║─────┼─────┼─────║
    - ║     │ 1 3 │ 1 3 ║ 1 3 │ 1 3 │     ║     │ 1 3 │     ║
    - ║  5  │     │     ║   6 │     │  2  ║  4  │   6 │  9  ║
    - ║     │ 7   │ 7   ║ 78  │ 78  │     ║     │ 78  │     ║
    - ╠═════════════════╬═════════════════╬═════════════════╣
    - ║ 12  │ 12  │     ║ 1   │     │ 1   ║     │  2  │     ║
    - ║     │     │  6  ║     │  4  │     ║  3  │     │  5  ║
    - ║ 7   │ 7   │     ║ 78  │     │ 789 ║     │ 78  │     ║
    - ║─────┼─────┼─────║─────┼─────┼─────║─────┼─────┼─────║
    - ║  2  │  23 │     ║   3 │   3 │   3 ║  2  │  2  │     ║
    - ║ 4   │  5  │  9  ║  56 │     │  56 ║     │ 4   │  1  ║
    - ║ 7   │ 7   │     ║ 78  │ 78  │ 78  ║  8  │ 78  │     ║
    - ║─────┼─────┼─────║─────┼─────┼─────║─────┼─────┼─────║
    - ║ 1   │ 1 3 │     ║ 1 3 │     │ 1 3 ║     │     │     ║
    - ║ 4   │  5  │  8  ║  5  │  2  │  5  ║  9  │ 4   │  6  ║
    - ║ 7   │ 7   │     ║ 7   │     │ 7   ║     │ 7   │     ║
    - ╚═════════════════╩═════════════════╩═════════════════╝
---
deductions:
  - reasons:
      - position:
          row: 3
          column: 4
        candidates:
          - 9
    actions:
      - position:
          row: 3
          column: 4
        setValue: 9
  - reasons:
      - position:
          row: 3
          column: 7
        candidates:
          - 5
    actions:
      - position:
          row: 3
          column: 7
        setValue: 5
  - reasons:
      - position:
          row: 4
          column: 0
        candidates:
          - 9
    actions:
      - position:
          row: 4
          column: 0
        setValue: 9
  - reasons:
      - position:
          row: 8
          column: 2
        candidates:
          - 8
    actions:
      - position:
          row: 8
          column: 2
        setValue: 8
  - reasons:
      - position:
          row: 8
          column: 6
        candidates:
          - 9
    actions:
      - position:
          row: 8
          column: 6
        setValue: 9
