---
source: sudoku-rs/src/solver/strategic/mod.rs
expression: all_possible_solve_steps
---
- - strategy: NakedSingles
    deductions:
      deductions:
        - reasons:
            - position:
                row: 0
                column: 8
              candidates:
                - 5
          actions:
            - position:
                row: 0
                column: 8
              setValue: 5
        - reasons:
            - position:
                row: 1
                column: 7
              candidates:
                - 3
          actions:
            - position:
                row: 1
                column: 7
              setValue: 3
        - reasons:
            - position:
                row: 2
                column: 2
              candidates:
                - 1
          actions:
            - position:
                row: 2
                column: 2
              setValue: 1
        - reasons:
            - position:
                row: 2
                column: 5
              candidates:
                - 2
          actions:
            - position:
                row: 2
                column: 5
              setValue: 2
        - reasons:
            - position:
                row: 3
                column: 4
              candidates:
                - 3
          actions:
            - position:
                row: 3
                column: 4
              setValue: 3
        - reasons:
            - position:
                row: 4
                column: 4
              candidates:
                - 6
          actions:
            - position:
                row: 4
                column: 4
              setValue: 6
        - reasons:
            - position:
                row: 5
                column: 0
              candidates:
                - 2
          actions:
            - position:
                row: 5
                column: 0
              setValue: 2
        - reasons:
            - position:
                row: 5
                column: 4
              candidates:
                - 5
          actions:
            - position:
                row: 5
                column: 4
              setValue: 5
        - reasons:
            - position:
                row: 7
                column: 0
              candidates:
                - 3
          actions:
            - position:
                row: 7
                column: 0
              setValue: 3
  - strategy: HiddenSingles
    deductions:
      deductions:
        - reasons:
            - position:
                row: 0
                column: 2
              candidates:
                - 7
          actions:
            - position:
                row: 0
                column: 2
              setValue: 7
        - reasons:
            - position:
                row: 0
                column: 8
              candidates:
                - 5
          actions:
            - position:
                row: 0
                column: 8
              setValue: 5
        - reasons:
            - position:
                row: 1
                column: 1
              candidates:
                - 8
          actions:
            - position:
                row: 1
                column: 1
              setValue: 8
        - reasons:
            - position:
                row: 1
                column: 4
              candidates:
                - 1
          actions:
            - position:
                row: 1
                column: 4
              setValue: 1
        - reasons:
            - position:
                row: 2
                column: 0
              candidates:
                - 5
          actions:
            - position:
                row: 2
                column: 0
              setValue: 5
        - reasons:
            - position:
                row: 2
                column: 3
              candidates:
                - 6
          actions:
            - position:
                row: 2
                column: 3
              setValue: 6
        - reasons:
            - position:
                row: 3
                column: 2
              candidates:
                - 9
          actions:
            - position:
                row: 3
                column: 2
              setValue: 9
        - reasons:
            - position:
                row: 4
                column: 0
              candidates:
                - 4
          actions:
            - position:
                row: 4
                column: 0
              setValue: 4
        - reasons:
            - position:
                row: 4
                column: 4
              candidates:
                - 6
          actions:
            - position:
                row: 4
                column: 4
              setValue: 6
        - reasons:
            - position:
                row: 4
                column: 6
              candidates:
                - 9
          actions:
            - position:
                row: 4
                column: 6
              setValue: 9
        - reasons:
            - position:
                row: 5
                column: 4
              candidates:
                - 5
          actions:
            - position:
                row: 5
                column: 4
              setValue: 5
        - reasons:
            - position:
                row: 5
                column: 7
              candidates:
                - 7
          actions:
            - position:
                row: 5
                column: 7
              setValue: 7
        - reasons:
            - position:
                row: 6
                column: 6
              candidates:
                - 3
          actions:
            - position:
                row: 6
                column: 6
              setValue: 3
        - reasons:
            - position:
                row: 7
                column: 0
              candidates:
                - 3
          actions:
            - position:
                row: 7
                column: 0
              setValue: 3
        - reasons:
            - position:
                row: 7
                column: 3
              candidates:
                - 1
          actions:
            - position:
                row: 7
                column: 3
              setValue: 1
        - reasons:
            - position:
                row: 7
                column: 7
              candidates:
                - 5
          actions:
            - position:
                row: 7
                column: 7
              setValue: 5
        - reasons:
            - position:
                row: 7
                column: 8
              candidates:
                - 6
          actions:
            - position:
                row: 7
                column: 8
              setValue: 6
        - reasons:
            - position:
                row: 8
                column: 2
              candidates:
                - 6
          actions:
            - position:
                row: 8
                column: 2
              setValue: 6
        - reasons:
            - position:
                row: 8
                column: 8
              candidates:
                - 2
          actions:
            - position:
                row: 8
                column: 8
              setValue: 2
  - strategy: NakedPairs
    deductions:
      deductions:
        - reasons:
            - position:
                row: 6
                column: 3
              candidates:
                - 7
                - 8
            - position:
                row: 7
                column: 5
              candidates:
                - 7
                - 8
          actions:
            - position:
                row: 7
                column: 3
              deleteCandidates:
                - 7
                - 8
        - reasons:
            - position:
                row: 8
                column: 3
              candidates:
                - 5
                - 9
            - position:
                row: 8
                column: 4
              candidates:
                - 5
                - 9
          actions:
            - position:
                row: 7
                column: 3
              deleteCandidates:
                - 5
                - 9
            - position:
                row: 8
                column: 1
              deleteCandidates:
                - 9
            - position:
                row: 8
                column: 2
              deleteCandidates:
                - 9
            - position:
                row: 8
                column: 8
              deleteCandidates:
                - 5
  - strategy: LockedSets
    deductions:
      deductions:
        - reasons: []
          actions:
            - position:
                row: 0
                column: 1
              deleteCandidates:
                - 1
            - position:
                row: 0
                column: 2
              deleteCandidates:
                - 1
            - position:
                row: 1
                column: 1
              deleteCandidates:
                - 1
        - reasons: []
          actions:
            - position:
                row: 0
                column: 1
              deleteCandidates:
                - 7
        - reasons: []
          actions:
            - position:
                row: 0
                column: 2
              deleteCandidates:
                - 1
            - position:
                row: 5
                column: 2
              deleteCandidates:
                - 1
        - reasons: []
          actions:
            - position:
                row: 0
                column: 3
              deleteCandidates:
                - 2
            - position:
                row: 2
                column: 3
              deleteCandidates:
                - 2
        - reasons: []
          actions:
            - position:
                row: 1
                column: 3
              deleteCandidates:
                - 3
            - position:
                row: 1
                column: 4
              deleteCandidates:
                - 3
        - reasons: []
          actions:
            - position:
                row: 1
                column: 4
              deleteCandidates:
                - 3
        - reasons: []
          actions:
            - position:
                row: 2
                column: 0
              deleteCandidates:
                - 2
            - position:
                row: 4
                column: 0
              deleteCandidates:
                - 2
        - reasons: []
          actions:
            - position:
                row: 2
                column: 3
              deleteCandidates:
                - 1
            - position:
                row: 2
                column: 6
              deleteCandidates:
                - 1
        - reasons: []
          actions:
            - position:
                row: 2
                column: 8
              deleteCandidates:
                - 5
        - reasons: []
          actions:
            - position:
                row: 2
                column: 8
              deleteCandidates:
                - 5
            - position:
                row: 7
                column: 8
              deleteCandidates:
                - 5
            - position:
                row: 8
                column: 8
              deleteCandidates:
                - 5
        - reasons: []
          actions:
            - position:
                row: 3
                column: 3
              deleteCandidates:
                - 3
        - reasons: []
          actions:
            - position:
                row: 3
                column: 8
              deleteCandidates:
                - 2
                - 4
            - position:
                row: 4
                column: 6
              deleteCandidates:
                - 4
        - reasons: []
          actions:
            - position:
                row: 4
                column: 0
              deleteCandidates:
                - 2
            - position:
                row: 5
                column: 1
              deleteCandidates:
                - 2
        - reasons: []
          actions:
            - position:
                row: 4
                column: 3
              deleteCandidates:
                - 6
        - reasons: []
          actions:
            - position:
                row: 4
                column: 5
              deleteCandidates:
                - 2
        - reasons: []
          actions:
            - position:
                row: 5
                column: 1
              deleteCandidates:
                - 2
            - position:
                row: 5
                column: 7
              deleteCandidates:
                - 2
        - reasons: []
          actions:
            - position:
                row: 6
                column: 6
              deleteCandidates:
                - 4
                - 8
        - reasons: []
          actions:
            - position:
                row: 7
                column: 3
              deleteCandidates:
                - 5
                - 7
                - 8
                - 9
        - reasons: []
          actions:
            - position:
                row: 7
                column: 6
              deleteCandidates:
                - 3
            - position:
                row: 7
                column: 7
              deleteCandidates:
                - 3
        - reasons: []
          actions:
            - position:
                row: 7
                column: 7
              deleteCandidates:
                - 3
        - reasons: []
          actions:
            - position:
                row: 8
                column: 2
              deleteCandidates:
                - 9
        - reasons: []
          actions:
            - position:
                row: 8
                column: 8
              deleteCandidates:
                - 4
                - 5
                - 6
  - strategy: GroupIntersectionBoth
    deductions:
      deductions:
        - reasons:
            - position:
                row: 6
                column: 1
              candidates:
                - 7
            - position:
                row: 7
                column: 1
              candidates:
                - 7
          actions:
            - position:
                row: 0
                column: 1
              deleteCandidates:
                - 7
        - reasons:
            - position:
                row: 1
                column: 3
              candidates:
                - 9
            - position:
                row: 1
                column: 4
              candidates:
                - 9
          actions:
            - position:
                row: 2
                column: 3
              deleteCandidates:
                - 9
        - reasons:
            - position:
                row: 2
                column: 6
              candidates:
                - 9
            - position:
                row: 2
                column: 8
              candidates:
                - 9
          actions:
            - position:
                row: 2
                column: 3
              deleteCandidates:
                - 9
        - reasons:
            - position:
                row: 5
                column: 1
              candidates:
                - 8
            - position:
                row: 5
                column: 2
              candidates:
                - 8
          actions:
            - position:
                row: 3
                column: 2
              deleteCandidates:
                - 8
        - reasons:
            - position:
                row: 3
                column: 7
              candidates:
                - 2
            - position:
                row: 4
                column: 7
              candidates:
                - 2
            - position:
                row: 5
                column: 7
              candidates:
                - 2
          actions:
            - position:
                row: 3
                column: 8
              deleteCandidates:
                - 2
        - reasons:
            - position:
                row: 3
                column: 7
              candidates:
                - 4
            - position:
                row: 4
                column: 7
              candidates:
                - 4
          actions:
            - position:
                row: 3
                column: 8
              deleteCandidates:
                - 4
            - position:
                row: 4
                column: 6
              deleteCandidates:
                - 4
        - reasons:
            - position:
                row: 3
                column: 7
              candidates:
                - 4
            - position:
                row: 3
                column: 8
              candidates:
                - 4
          actions:
            - position:
                row: 4
                column: 6
              deleteCandidates:
                - 4
            - position:
                row: 4
                column: 7
              deleteCandidates:
                - 4
        - reasons:
            - position:
                row: 4
                column: 3
              candidates:
                - 7
            - position:
                row: 4
                column: 5
              candidates:
                - 7
          actions:
            - position:
                row: 4
                column: 7
              deleteCandidates:
                - 7
        - reasons:
            - position:
                row: 3
                column: 2
              candidates:
                - 8
            - position:
                row: 5
                column: 2
              candidates:
                - 8
          actions:
            - position:
                row: 5
                column: 1
              deleteCandidates:
                - 8
        - reasons:
            - position:
                row: 0
                column: 8
              candidates:
                - 5
            - position:
                row: 2
                column: 8
              candidates:
                - 5
          actions:
            - position:
                row: 7
                column: 8
              deleteCandidates:
                - 5
            - position:
                row: 8
                column: 8
              deleteCandidates:
                - 5
        - reasons:
            - position:
                row: 7
                column: 1
              candidates:
                - 9
            - position:
                row: 8
                column: 1
              candidates:
                - 9
          actions:
            - position:
                row: 8
                column: 2
              deleteCandidates:
                - 9
        - reasons:
            - position:
                row: 7
                column: 3
              candidates:
                - 5
            - position:
                row: 8
                column: 3
              candidates:
                - 5
          actions:
            - position:
                row: 8
                column: 4
              deleteCandidates:
                - 5
  - strategy: Swordfish
    deductions:
      deductions:
        - reasons:
            - position:
                row: 2
                column: 1
              candidates:
                - 4
            - position:
                row: 2
                column: 6
              candidates:
                - 4
            - position:
                row: 2
                column: 8
              candidates:
                - 4
            - position:
                row: 6
                column: 1
              candidates:
                - 4
            - position:
                row: 6
                column: 6
              candidates:
                - 4
            - position:
                row: 6
                column: 8
              candidates:
                - 4
            - position:
                row: 8
                column: 1
              candidates:
                - 4
            - position:
                row: 8
                column: 6
              candidates:
                - 4
            - position:
                row: 8
                column: 8
              candidates:
                - 4
          actions:
            - position:
                row: 3
                column: 8
              deleteCandidates:
                - 4
            - position:
                row: 4
                column: 6
              deleteCandidates:
                - 4
- - strategy: NakedSingles
    deductions:
      deductions:
        - reasons:
            - position:
                row: 0
                column: 2
              candidates:
                - 7
          actions:
            - position:
                row: 0
                column: 2
              setValue: 7
        - reasons:
            - position:
                row: 0
                column: 6
              candidates:
                - 1
          actions:
            - position:
                row: 0
                column: 6
              setValue: 1
        - reasons:
            - position:
                row: 1
                column: 1
              candidates:
                - 8
          actions:
            - position:
                row: 1
                column: 1
              setValue: 8
        - reasons:
            - position:
                row: 2
                column: 0
              candidates:
                - 5
          actions:
            - position:
                row: 2
                column: 0
              setValue: 5
        - reasons:
            - position:
                row: 4
                column: 0
              candidates:
                - 4
          actions:
            - position:
                row: 4
                column: 0
              setValue: 4
        - reasons:
            - position:
                row: 5
                column: 2
              candidates:
                - 8
          actions:
            - position:
                row: 5
                column: 2
              setValue: 8
        - reasons:
            - position:
                row: 5
                column: 7
              candidates:
                - 7
          actions:
            - position:
                row: 5
                column: 7
              setValue: 7
        - reasons:
            - position:
                row: 7
                column: 6
              candidates:
                - 8
          actions:
            - position:
                row: 7
                column: 6
              setValue: 8
        - reasons:
            - position:
                row: 7
                column: 7
              candidates:
                - 5
          actions:
            - position:
                row: 7
                column: 7
              setValue: 5
        - reasons:
            - position:
                row: 8
                column: 4
              candidates:
                - 9
          actions:
            - position:
                row: 8
                column: 4
              setValue: 9
  - strategy: HiddenSingles
    deductions:
      deductions:
        - reasons:
            - position:
                row: 0
                column: 1
              candidates:
                - 2
          actions:
            - position:
                row: 0
                column: 1
              setValue: 2
        - reasons:
            - position:
                row: 0
                column: 2
              candidates:
                - 7
          actions:
            - position:
                row: 0
                column: 2
              setValue: 7
        - reasons:
            - position:
                row: 0
                column: 3
              candidates:
                - 3
          actions:
            - position:
                row: 0
                column: 3
              setValue: 3
        - reasons:
            - position:
                row: 0
                column: 6
              candidates:
                - 1
          actions:
            - position:
                row: 0
                column: 6
              setValue: 1
        - reasons:
            - position:
                row: 1
                column: 1
              candidates:
                - 8
          actions:
            - position:
                row: 1
                column: 1
              setValue: 8
        - reasons:
            - position:
                row: 1
                column: 4
              candidates:
                - 1
          actions:
            - position:
                row: 1
                column: 4
              setValue: 1
        - reasons:
            - position:
                row: 2
                column: 0
              candidates:
                - 5
          actions:
            - position:
                row: 2
                column: 0
              setValue: 5
        - reasons:
            - position:
                row: 2
                column: 3
              candidates:
                - 6
          actions:
            - position:
                row: 2
                column: 3
              setValue: 6
        - reasons:
            - position:
                row: 3
                column: 2
              candidates:
                - 9
          actions:
            - position:
                row: 3
                column: 2
              setValue: 9
        - reasons:
            - position:
                row: 4
                column: 0
              candidates:
                - 4
          actions:
            - position:
                row: 4
                column: 0
              setValue: 4
        - reasons:
            - position:
                row: 4
                column: 6
              candidates:
                - 9
          actions:
            - position:
                row: 4
                column: 6
              setValue: 9
        - reasons:
            - position:
                row: 5
                column: 1
              candidates:
                - 1
          actions:
            - position:
                row: 5
                column: 1
              setValue: 1
        - reasons:
            - position:
                row: 5
                column: 7
              candidates:
                - 7
          actions:
            - position:
                row: 5
                column: 7
              setValue: 7
        - reasons:
            - position:
                row: 6
                column: 6
              candidates:
                - 3
          actions:
            - position:
                row: 6
                column: 6
              setValue: 3
        - reasons:
            - position:
                row: 7
                column: 3
              candidates:
                - 1
          actions:
            - position:
                row: 7
                column: 3
              setValue: 1
        - reasons:
            - position:
                row: 7
                column: 7
              candidates:
                - 5
          actions:
            - position:
                row: 7
                column: 7
              setValue: 5
        - reasons:
            - position:
                row: 7
                column: 8
              candidates:
                - 6
          actions:
            - position:
                row: 7
                column: 8
              setValue: 6
        - reasons:
            - position:
                row: 8
                column: 2
              candidates:
                - 6
          actions:
            - position:
                row: 8
                column: 2
              setValue: 6
        - reasons:
            - position:
                row: 8
                column: 3
              candidates:
                - 5
          actions:
            - position:
                row: 8
                column: 3
              setValue: 5
        - reasons:
            - position:
                row: 8
                column: 8
              candidates:
                - 2
          actions:
            - position:
                row: 8
                column: 8
              setValue: 2
  - strategy: NakedPairs
    deductions:
      deductions:
        - reasons:
            - position:
                row: 1
                column: 3
              candidates:
                - 1
                - 9
            - position:
                row: 1
                column: 4
              candidates:
                - 1
                - 9
          actions:
            - position:
                row: 0
                column: 3
              deleteCandidates:
                - 1
            - position:
                row: 2
                column: 3
              deleteCandidates:
                - 9
        - reasons:
            - position:
                row: 2
                column: 6
              candidates:
                - 4
                - 9
            - position:
                row: 2
                column: 8
              candidates:
                - 4
                - 9
          actions:
            - position:
                row: 2
                column: 3
              deleteCandidates:
                - 9
        - reasons:
            - position:
                row: 6
                column: 3
              candidates:
                - 7
                - 8
            - position:
                row: 7
                column: 5
              candidates:
                - 7
                - 8
          actions:
            - position:
                row: 7
                column: 3
              deleteCandidates:
                - 7
                - 8
  - strategy: LockedSets
    deductions:
      deductions:
        - reasons: []
          actions:
            - position:
                row: 0
                column: 1
              deleteCandidates:
                - 7
        - reasons: []
          actions:
            - position:
                row: 0
                column: 3
              deleteCandidates:
                - 1
        - reasons: []
          actions:
            - position:
                row: 1
                column: 4
              deleteCandidates:
                - 9
        - reasons: []
          actions:
            - position:
                row: 2
                column: 3
              deleteCandidates:
                - 9
        - reasons: []
          actions:
            - position:
                row: 3
                column: 2
              deleteCandidates:
                - 8
        - reasons: []
          actions:
            - position:
                row: 3
                column: 2
              deleteCandidates:
                - 8
            - position:
                row: 5
                column: 1
              deleteCandidates:
                - 8
        - reasons: []
          actions:
            - position:
                row: 4
                column: 6
              deleteCandidates:
                - 4
            - position:
                row: 4
                column: 7
              deleteCandidates:
                - 4
        - reasons: []
          actions:
            - position:
                row: 4
                column: 6
              deleteCandidates:
                - 8
            - position:
                row: 6
                column: 6
              deleteCandidates:
                - 8
        - reasons: []
          actions:
            - position:
                row: 4
                column: 7
              deleteCandidates:
                - 7
        - reasons: []
          actions:
            - position:
                row: 5
                column: 1
              deleteCandidates:
                - 8
        - reasons: []
          actions:
            - position:
                row: 6
                column: 6
              deleteCandidates:
                - 8
            - position:
                row: 6
                column: 8
              deleteCandidates:
                - 8
            - position:
                row: 7
                column: 8
              deleteCandidates:
                - 8
        - reasons: []
          actions:
            - position:
                row: 6
                column: 6
              deleteCandidates:
                - 4
                - 8
        - reasons: []
          actions:
            - position:
                row: 7
                column: 3
              deleteCandidates:
                - 8
            - position:
                row: 7
                column: 5
              deleteCandidates:
                - 8
            - position:
                row: 7
                column: 8
              deleteCandidates:
                - 8
        - reasons: []
          actions:
            - position:
                row: 7
                column: 3
              deleteCandidates:
                - 9
            - position:
                row: 8
                column: 3
              deleteCandidates:
                - 9
        - reasons: []
          actions:
            - position:
                row: 8
                column: 1
              deleteCandidates:
                - 9
            - position:
                row: 8
                column: 2
              deleteCandidates:
                - 9
            - position:
                row: 8
                column: 3
              deleteCandidates:
                - 9
        - reasons: []
          actions:
            - position:
                row: 8
                column: 2
              deleteCandidates:
                - 9
  - strategy: GroupIntersectionBoth
    deductions:
      deductions:
        - reasons:
            - position:
                row: 6
                column: 1
              candidates:
                - 7
            - position:
                row: 7
                column: 1
              candidates:
                - 7
          actions:
            - position:
                row: 0
                column: 1
              deleteCandidates:
                - 7
        - reasons:
            - position:
                row: 1
                column: 3
              candidates:
                - 1
            - position:
                row: 1
                column: 4
              candidates:
                - 1
          actions:
            - position:
                row: 0
                column: 3
              deleteCandidates:
                - 1
        - reasons:
            - position:
                row: 1
                column: 3
              candidates:
                - 9
            - position:
                row: 1
                column: 4
              candidates:
                - 9
          actions:
            - position:
                row: 2
                column: 3
              deleteCandidates:
                - 9
        - reasons:
            - position:
                row: 2
                column: 6
              candidates:
                - 9
            - position:
                row: 2
                column: 8
              candidates:
                - 9
          actions:
            - position:
                row: 2
                column: 3
              deleteCandidates:
                - 9
        - reasons:
            - position:
                row: 5
                column: 1
              candidates:
                - 8
            - position:
                row: 5
                column: 2
              candidates:
                - 8
          actions:
            - position:
                row: 3
                column: 2
              deleteCandidates:
                - 8
        - reasons:
            - position:
                row: 3
                column: 7
              candidates:
                - 2
            - position:
                row: 4
                column: 7
              candidates:
                - 2
          actions:
            - position:
                row: 3
                column: 8
              deleteCandidates:
                - 2
        - reasons:
            - position:
                row: 3
                column: 7
              candidates:
                - 4
            - position:
                row: 4
                column: 7
              candidates:
                - 4
          actions:
            - position:
                row: 3
                column: 8
              deleteCandidates:
                - 4
            - position:
                row: 4
                column: 6
              deleteCandidates:
                - 4
        - reasons:
            - position:
                row: 3
                column: 7
              candidates:
                - 4
            - position:
                row: 3
                column: 8
              candidates:
                - 4
          actions:
            - position:
                row: 4
                column: 6
              deleteCandidates:
                - 4
            - position:
                row: 4
                column: 7
              deleteCandidates:
                - 4
        - reasons:
            - position:
                row: 4
                column: 3
              candidates:
                - 7
            - position:
                row: 4
                column: 5
              candidates:
                - 7
          actions:
            - position:
                row: 4
                column: 7
              deleteCandidates:
                - 7
        - reasons:
            - position:
                row: 3
                column: 2
              candidates:
                - 8
            - position:
                row: 5
                column: 2
              candidates:
                - 8
          actions:
            - position:
                row: 5
                column: 1
              deleteCandidates:
                - 8
        - reasons:
            - position:
                row: 7
                column: 1
              candidates:
                - 9
            - position:
                row: 8
                column: 1
              candidates:
                - 9
          actions:
            - position:
                row: 8
                column: 2
              deleteCandidates:
                - 9
  - strategy: XWing
    deductions:
      deductions:
        - reasons:
            - position:
                row: 3
                column: 3
              candidates:
                - 2
            - position:
                row: 3
                column: 7
              candidates:
                - 2
            - position:
                row: 4
                column: 3
              candidates:
                - 2
            - position:
                row: 4
                column: 7
              candidates:
                - 2
          actions:
            - position:
                row: 3
                column: 8
              deleteCandidates:
                - 2
  - strategy: Swordfish
    deductions:
      deductions:
        - reasons:
            - position:
                row: 2
                column: 1
              candidates:
                - 4
            - position:
                row: 2
                column: 6
              candidates:
                - 4
            - position:
                row: 2
                column: 8
              candidates:
                - 4
            - position:
                row: 6
                column: 1
              candidates:
                - 4
            - position:
                row: 6
                column: 6
              candidates:
                - 4
            - position:
                row: 6
                column: 8
              candidates:
                - 4
            - position:
                row: 8
                column: 1
              candidates:
                - 4
            - position:
                row: 8
                column: 6
              candidates:
                - 4
            - position:
                row: 8
                column: 8
              candidates:
                - 4
          actions:
            - position:
                row: 3
                column: 8
              deleteCandidates:
                - 4
            - position:
                row: 4
                column: 6
              deleteCandidates:
                - 4
- - strategy: NakedSingles
    deductions:
      deductions:
        - reasons:
            - position:
                row: 0
                column: 1
              candidates:
                - 2
          actions:
            - position:
                row: 0
                column: 1
              setValue: 2
        - reasons:
            - position:
                row: 0
                column: 3
              candidates:
                - 3
          actions:
            - position:
                row: 0
                column: 3
              setValue: 3
        - reasons:
            - position:
                row: 1
                column: 4
              candidates:
                - 1
          actions:
            - position:
                row: 1
                column: 4
              setValue: 1
        - reasons:
            - position:
                row: 3
                column: 2
              candidates:
                - 9
          actions:
            - position:
                row: 3
                column: 2
              setValue: 9
        - reasons:
            - position:
                row: 4
                column: 6
              candidates:
                - 9
          actions:
            - position:
                row: 4
                column: 6
              setValue: 9
        - reasons:
            - position:
                row: 4
                column: 7
              candidates:
                - 2
          actions:
            - position:
                row: 4
                column: 7
              setValue: 2
        - reasons:
            - position:
                row: 5
                column: 1
              candidates:
                - 1
          actions:
            - position:
                row: 5
                column: 1
              setValue: 1
        - reasons:
            - position:
                row: 6
                column: 8
              candidates:
                - 4
          actions:
            - position:
                row: 6
                column: 8
              setValue: 4
        - reasons:
            - position:
                row: 7
                column: 5
              candidates:
                - 7
          actions:
            - position:
                row: 7
                column: 5
              setValue: 7
        - reasons:
            - position:
                row: 7
                column: 8
              candidates:
                - 6
          actions:
            - position:
                row: 7
                column: 8
              setValue: 6
        - reasons:
            - position:
                row: 8
                column: 1
              candidates:
                - 4
          actions:
            - position:
                row: 8
                column: 1
              setValue: 4
        - reasons:
            - position:
                row: 8
                column: 2
              candidates:
                - 6
          actions:
            - position:
                row: 8
                column: 2
              setValue: 6
        - reasons:
            - position:
                row: 8
                column: 3
              candidates:
                - 5
          actions:
            - position:
                row: 8
                column: 3
              setValue: 5
  - strategy: HiddenSingles
    deductions:
      deductions:
        - reasons:
            - position:
                row: 0
                column: 1
              candidates:
                - 2
          actions:
            - position:
                row: 0
                column: 1
              setValue: 2
        - reasons:
            - position:
                row: 0
                column: 3
              candidates:
                - 3
          actions:
            - position:
                row: 0
                column: 3
              setValue: 3
        - reasons:
            - position:
                row: 1
                column: 3
              candidates:
                - 9
          actions:
            - position:
                row: 1
                column: 3
              setValue: 9
        - reasons:
            - position:
                row: 1
                column: 4
              candidates:
                - 1
          actions:
            - position:
                row: 1
                column: 4
              setValue: 1
        - reasons:
            - position:
                row: 2
                column: 3
              candidates:
                - 6
          actions:
            - position:
                row: 2
                column: 3
              setValue: 6
        - reasons:
            - position:
                row: 3
                column: 2
              candidates:
                - 9
          actions:
            - position:
                row: 3
                column: 2
              setValue: 9
        - reasons:
            - position:
                row: 3
                column: 7
              candidates:
                - 4
          actions:
            - position:
                row: 3
                column: 7
              setValue: 4
        - reasons:
            - position:
                row: 3
                column: 8
              candidates:
                - 8
          actions:
            - position:
                row: 3
                column: 8
              setValue: 8
        - reasons:
            - position:
                row: 4
                column: 5
              candidates:
                - 8
          actions:
            - position:
                row: 4
                column: 5
              setValue: 8
        - reasons:
            - position:
                row: 4
                column: 6
              candidates:
                - 9
          actions:
            - position:
                row: 4
                column: 6
              setValue: 9
        - reasons:
            - position:
                row: 5
                column: 1
              candidates:
                - 1
          actions:
            - position:
                row: 5
                column: 1
              setValue: 1
        - reasons:
            - position:
                row: 6
                column: 3
              candidates:
                - 8
          actions:
            - position:
                row: 6
                column: 3
              setValue: 8
        - reasons:
            - position:
                row: 6
                column: 6
              candidates:
                - 3
          actions:
            - position:
                row: 6
                column: 6
              setValue: 3
        - reasons:
            - position:
                row: 7
                column: 1
              candidates:
                - 9
          actions:
            - position:
                row: 7
                column: 1
              setValue: 9
        - reasons:
            - position:
                row: 7
                column: 3
              candidates:
                - 1
          actions:
            - position:
                row: 7
                column: 3
              setValue: 1
        - reasons:
            - position:
                row: 7
                column: 8
              candidates:
                - 6
          actions:
            - position:
                row: 7
                column: 8
              setValue: 6
        - reasons:
            - position:
                row: 8
                column: 2
              candidates:
                - 6
          actions:
            - position:
                row: 8
                column: 2
              setValue: 6
        - reasons:
            - position:
                row: 8
                column: 3
              candidates:
                - 5
          actions:
            - position:
                row: 8
                column: 3
              setValue: 5
        - reasons:
            - position:
                row: 8
                column: 8
              candidates:
                - 2
          actions:
            - position:
                row: 8
                column: 8
              setValue: 2
  - strategy: NakedPairs
    deductions:
      deductions:
        - reasons:
            - position:
                row: 2
                column: 6
              candidates:
                - 4
                - 9
            - position:
                row: 2
                column: 8
              candidates:
                - 4
                - 9
          actions:
            - position:
                row: 2
                column: 3
              deleteCandidates:
                - 9
  - strategy: LockedSets
    deductions:
      deductions:
        - reasons: []
          actions:
            - position:
                row: 1
                column: 3
              deleteCandidates:
                - 1
        - reasons: []
          actions:
            - position:
                row: 2
                column: 3
              deleteCandidates:
                - 9
        - reasons: []
          actions:
            - position:
                row: 2
                column: 6
              deleteCandidates:
                - 9
        - reasons: []
          actions:
            - position:
                row: 2
                column: 8
              deleteCandidates:
                - 4
            - position:
                row: 3
                column: 8
              deleteCandidates:
                - 4
            - position:
                row: 8
                column: 8
              deleteCandidates:
                - 4
        - reasons: []
          actions:
            - position:
                row: 3
                column: 7
              deleteCandidates:
                - 2
        - reasons: []
          actions:
            - position:
                row: 3
                column: 8
              deleteCandidates:
                - 9
        - reasons: []
          actions:
            - position:
                row: 4
                column: 3
              deleteCandidates:
                - 2
        - reasons: []
          actions:
            - position:
                row: 4
                column: 5
              deleteCandidates:
                - 7
        - reasons: []
          actions:
            - position:
                row: 6
                column: 1
              deleteCandidates:
                - 4
        - reasons: []
          actions:
            - position:
                row: 6
                column: 1
              deleteCandidates:
                - 4
            - position:
                row: 6
                column: 6
              deleteCandidates:
                - 4
        - reasons: []
          actions:
            - position:
                row: 6
                column: 3
              deleteCandidates:
                - 7
            - position:
                row: 7
                column: 3
              deleteCandidates:
                - 7
        - reasons: []
          actions:
            - position:
                row: 6
                column: 6
              deleteCandidates:
                - 4
            - position:
                row: 8
                column: 8
              deleteCandidates:
                - 4
        - reasons: []
          actions:
            - position:
                row: 7
                column: 1
              deleteCandidates:
                - 7
            - position:
                row: 7
                column: 3
              deleteCandidates:
                - 7
        - reasons: []
          actions:
            - position:
                row: 8
                column: 8
              deleteCandidates:
                - 4
  - strategy: GroupIntersectionBoth
    deductions:
      deductions:
        - reasons:
            - position:
                row: 2
                column: 6
              candidates:
                - 9
            - position:
                row: 2
                column: 8
              candidates:
                - 9
          actions:
            - position:
                row: 2
                column: 3
              deleteCandidates:
                - 9
        - reasons:
            - position:
                row: 4
                column: 3
              candidates:
                - 8
            - position:
                row: 4
                column: 5
              candidates:
                - 8
          actions:
            - position:
                row: 3
                column: 3
              deleteCandidates:
                - 8
        - reasons:
            - position:
                row: 3
                column: 7
              candidates:
                - 2
            - position:
                row: 4
                column: 7
              candidates:
                - 2
          actions:
            - position:
                row: 3
                column: 8
              deleteCandidates:
                - 2
  - strategy: XWing
    deductions:
      deductions:
        - reasons:
            - position:
                row: 3
                column: 3
              candidates:
                - 2
            - position:
                row: 3
                column: 7
              candidates:
                - 2
            - position:
                row: 4
                column: 3
              candidates:
                - 2
            - position:
                row: 4
                column: 7
              candidates:
                - 2
          actions:
            - position:
                row: 3
                column: 8
              deleteCandidates:
                - 2
  - strategy: Swordfish
    deductions:
      deductions:
        - reasons:
            - position:
                row: 2
                column: 1
              candidates:
                - 4
            - position:
                row: 2
                column: 6
              candidates:
                - 4
            - position:
                row: 2
                column: 8
              candidates:
                - 4
            - position:
                row: 6
                column: 1
              candidates:
                - 4
            - position:
                row: 6
                column: 6
              candidates:
                - 4
            - position:
                row: 6
                column: 8
              candidates:
                - 4
            - position:
                row: 8
                column: 1
              candidates:
                - 4
            - position:
                row: 8
                column: 6
              candidates:
                - 4
            - position:
                row: 8
                column: 8
              candidates:
                - 4
          actions:
            - position:
                row: 3
                column: 8
              deleteCandidates:
                - 4
- - strategy: NakedSingles
    deductions:
      deductions:
        - reasons:
            - position:
                row: 1
                column: 3
              candidates:
                - 9
          actions:
            - position:
                row: 1
                column: 3
              setValue: 9
        - reasons:
            - position:
                row: 2
                column: 6
              candidates:
                - 4
          actions:
            - position:
                row: 2
                column: 6
              setValue: 4
        - reasons:
            - position:
                row: 2
                column: 8
              candidates:
                - 9
          actions:
            - position:
                row: 2
                column: 8
              setValue: 9
        - reasons:
            - position:
                row: 3
                column: 7
              candidates:
                - 4
          actions:
            - position:
                row: 3
                column: 7
              setValue: 4
        - reasons:
            - position:
                row: 3
                column: 8
              candidates:
                - 8
          actions:
            - position:
                row: 3
                column: 8
              setValue: 8
        - reasons:
            - position:
                row: 4
                column: 5
              candidates:
                - 8
          actions:
            - position:
                row: 4
                column: 5
              setValue: 8
        - reasons:
            - position:
                row: 6
                column: 1
              candidates:
                - 7
          actions:
            - position:
                row: 6
                column: 1
              setValue: 7
        - reasons:
            - position:
                row: 6
                column: 3
              candidates:
                - 8
          actions:
            - position:
                row: 6
                column: 3
              setValue: 8
        - reasons:
            - position:
                row: 6
                column: 6
              candidates:
                - 3
          actions:
            - position:
                row: 6
                column: 6
              setValue: 3
        - reasons:
            - position:
                row: 7
                column: 1
              candidates:
                - 9
          actions:
            - position:
                row: 7
                column: 1
              setValue: 9
        - reasons:
            - position:
                row: 7
                column: 3
              candidates:
                - 1
          actions:
            - position:
                row: 7
                column: 3
              setValue: 1
        - reasons:
            - position:
                row: 8
                column: 8
              candidates:
                - 2
          actions:
            - position:
                row: 8
                column: 8
              setValue: 2
  - strategy: HiddenSingles
    deductions:
      deductions:
        - reasons:
            - position:
                row: 1
                column: 3
              candidates:
                - 9
          actions:
            - position:
                row: 1
                column: 3
              setValue: 9
        - reasons:
            - position:
                row: 2
                column: 3
              candidates:
                - 6
          actions:
            - position:
                row: 2
                column: 3
              setValue: 6
        - reasons:
            - position:
                row: 2
                column: 6
              candidates:
                - 4
          actions:
            - position:
                row: 2
                column: 6
              setValue: 4
        - reasons:
            - position:
                row: 2
                column: 8
              candidates:
                - 9
          actions:
            - position:
                row: 2
                column: 8
              setValue: 9
        - reasons:
            - position:
                row: 3
                column: 3
              candidates:
                - 2
          actions:
            - position:
                row: 3
                column: 3
              setValue: 2
        - reasons:
            - position:
                row: 3
                column: 7
              candidates:
                - 4
          actions:
            - position:
                row: 3
                column: 7
              setValue: 4
        - reasons:
            - position:
                row: 3
                column: 8
              candidates:
                - 8
          actions:
            - position:
                row: 3
                column: 8
              setValue: 8
        - reasons:
            - position:
                row: 4
                column: 3
              candidates:
                - 7
          actions:
            - position:
                row: 4
                column: 3
              setValue: 7
        - reasons:
            - position:
                row: 4
                column: 5
              candidates:
                - 8
          actions:
            - position:
                row: 4
                column: 5
              setValue: 8
        - reasons:
            - position:
                row: 6
                column: 1
              candidates:
                - 7
          actions:
            - position:
                row: 6
                column: 1
              setValue: 7
        - reasons:
            - position:
                row: 6
                column: 3
              candidates:
                - 8
          actions:
            - position:
                row: 6
                column: 3
              setValue: 8
        - reasons:
            - position:
                row: 6
                column: 6
              candidates:
                - 3
          actions:
            - position:
                row: 6
                column: 6
              setValue: 3
        - reasons:
            - position:
                row: 7
                column: 1
              candidates:
                - 9
          actions:
            - position:
                row: 7
                column: 1
              setValue: 9
        - reasons:
            - position:
                row: 7
                column: 3
              candidates:
                - 1
          actions:
            - position:
                row: 7
                column: 3
              setValue: 1
        - reasons:
            - position:
                row: 8
                column: 8
              candidates:
                - 2
          actions:
            - position:
                row: 8
                column: 8
              setValue: 2
  - strategy: LockedSets
    deductions:
      deductions:
        - reasons: []
          actions:
            - position:
                row: 2
                column: 3
              deleteCandidates:
                - 9
        - reasons: []
          actions:
            - position:
                row: 3
                column: 3
              deleteCandidates:
                - 8
        - reasons: []
          actions:
            - position:
                row: 3
                column: 3
              deleteCandidates:
                - 8
            - position:
                row: 4
                column: 3
              deleteCandidates:
                - 8
        - reasons: []
          actions:
            - position:
                row: 4
                column: 3
              deleteCandidates:
                - 8
  - strategy: GroupIntersectionBoth
    deductions:
      deductions:
        - reasons:
            - position:
                row: 4
                column: 3
              candidates:
                - 8
            - position:
                row: 4
                column: 5
              candidates:
                - 8
          actions:
            - position:
                row: 3
                column: 3
              deleteCandidates:
                - 8
- - strategy: NakedSingles
    deductions:
      deductions:
        - reasons:
            - position:
                row: 2
                column: 3
              candidates:
                - 6
          actions:
            - position:
                row: 2
                column: 3
              setValue: 6
        - reasons:
            - position:
                row: 3
                column: 3
              candidates:
                - 2
          actions:
            - position:
                row: 3
                column: 3
              setValue: 2
        - reasons:
            - position:
                row: 4
                column: 3
              candidates:
                - 7
          actions:
            - position:
                row: 4
                column: 3
              setValue: 7
  - strategy: HiddenSingles
    deductions:
      deductions:
        - reasons:
            - position:
                row: 2
                column: 3
              candidates:
                - 6
          actions:
            - position:
                row: 2
                column: 3
              setValue: 6
        - reasons:
            - position:
                row: 3
                column: 3
              candidates:
                - 2
          actions:
            - position:
                row: 3
                column: 3
              setValue: 2
        - reasons:
            - position:
                row: 4
                column: 3
              candidates:
                - 7
          actions:
            - position:
                row: 4
                column: 3
              setValue: 7
