---
source: sudoku-rs/src/grid/format/candidates_grid_compact.rs
expression: CandidatesGridCompact.render(&grid)
---
  2789ag  2789a  1     b                │  6      23579ac  24589ad  e      │  59acg  23589a  238c    f        │  2359cdg  23cdg    359     3dg    
  d       269af  29af  29afg            │  1      2359acf  b        359cf  │  59acg  e       236c    23569ag  │  23569cg  8        4       7      
  26789g  c      e     3                │  278    2579f    2589f    5789f  │  d      4       268b    12569bg  │  2569g    126g     a       6bg    
  4       5      29a   289a             │  238cd  239ac    289ad    g      │  19abc  7       2368bc  12369ab  │  f        1236cde  1369be  36bde  
────────────────────────────────────────┼──────────────────────────────────┼──────────────────────────────────┼───────────────────────────────────
  23789     234789  23479  2489c        │  38bc     359bcf  1      6       │  79bc   g      e       d         │  34789    3f      389b   a        
  f         34789a  6      489acdeg     │  38bcdeg  39bcg   89deg  2       │  79abc  39a    1       3479ab    │  34789dg  3deg    389be  5        
  379eg     3479    3479d  5            │  a        39bcfg  9defg  39bcf   │  8      369    3467bc  34679b    │  1        36defg  369be  2        
  12389aeg  12389a  b      1289adeg     │  38deg    4       7      389     │  f      2369a  5       2369a     │  3689dg   36deg   3689e  c        
────────────────────────────────────────┼──────────────────────────────────┼──────────────────────────────────┼───────────────────────────────────
  1239ab  d     23459af  6              │  2478b  279bf  2489f  14789bf    │  579a  3589a   g     c           │  e      13a   1358  3             
  23ae    23af  8        7              │  2eg    d      2efg   f          │  4     1       36    356ae       │  356ag  b     c     9             
  c       149   459      149e           │  478eg  679g   3      a          │  579e  b       f     5679e       │  568dg  16dg  2     6dg           
  139abe  g     39a      19ae           │  5      69bc   89e    189bc      │  2     3689ad  368d  369ae       │  368ad  7     f     4             
────────────────────────────────────────┼──────────────────────────────────┼──────────────────────────────────┼───────────────────────────────────
  5        1234bf     234df    124df    │  234bg  e       24g   34b        │  6      c     a      124bg       │  23    9       7   8              
  267ab    267ab      g        2a       │  f      1       c     57b        │  3      25    9      8           │  26a   4       d   6e             
  12378ab  123478abf  2347adf  1248adf  │  9      2357ab  6     3457b      │  157be  25df  247bd  12457be     │  23ac  23acef  g   3ef            
  23679a   e          c        249af    │  2347g  8       24ag  d          │  7g     2f    247    247g        │  b     5       36  1
