---
source: sudoku-rs/src/grid/format/candidates_grid.rs
expression: CandidatesGridPlain.render(&grid)
---
╔═══════════╦═══════════╗
║     │ 1   ║   2 │ 1 2 ║
║     │     ║     │     ║
║     │     ║     │     ║
║─────┼─────║─────┼─────║
║     │ 1   ║   2 │ 1 2 ║
║     │     ║     │     ║
║ 3   │ 3   ║ 3   │ 3   ║
╠═══════════╬═══════════╣
║     │ 1   ║   2 │ 1 2 ║
║     │     ║     │     ║
║   4 │   4 ║   4 │   4 ║
║─────┼─────║─────┼─────║
║     │ 1   ║   2 │ 1 2 ║
║     │     ║     │     ║
║ 3 4 │ 3 4 ║ 3 4 │ 3 4 ║
╚═══════════╩═══════════╝
