---
source: sudoku-rs/src/grid/format/candidates_grid_compact.rs
expression: CandidatesGridCompact.render(&grid)
---
  2    589  6   │  79  3  47      │  19    489  48   
  389  389  1   │  29  6  5       │  239   7    248  
  39   4    7   │  1   9  8       │  2369  5    2    
────────────────┼─────────────────┼──────────────────
  5    136  34  │  678  78  367   │  37   2   9      
  37   23   8   │  57   1   9     │  4    3   6      
  379  369  3   │  4    2   367   │  357  38  1      
────────────────┼─────────────────┼──────────────────
  13  135  35   │  5679  4    2   │  8    69  7      
  6   128  9    │  3     78   17  │  27   4   5      
  48  7    245  │  5689  589  6   │  269  1   3
