---
source: sudoku-rs/src/grid/format/json.rs
expression: Json.render(&grid)
---
[{"kind":"candidates","candidates":[]},{"kind":"candidates","candidates":[]},{"kind":"value","value":1,"fixed":true},{"kind":"candidates","candidates":[]},{"kind":"value","value":4,"fixed":true},{"kind":"candidates","candidates":[]},{"kind":"candidates","candidates":[]},{"kind":"candidates","candidates":[]},{"kind":"candidates","candidates":[]},{"kind":"candidates","candidates":[]},{"kind":"candidates","candidates":[]},{"kind":"value","value":2,"fixed":true},{"kind":"candidates","candidates":[]},{"kind":"value","value":3,"fixed":true},{"kind":"candidates","candidates":[]},{"kind":"candidates","candidates":[]}]
