---
source: sudoku-rs/src/grid/format/json.rs
expression: Json.render(&grid)
---
[{"kind":"value","value":1,"fixed":true},{"kind":"candidates","candidates":[2,3]},{"kind":"value","value":4,"fixed":true},{"kind":"candidates","candidates":[3]},{"kind":"candidates","candidates":[2,3,4]},{"kind":"candidates","candidates":[2,3,4]},{"kind":"candidates","candidates":[1,2,3]},{"kind":"candidates","candidates":[1,3]},{"kind":"candidates","candidates":[2,3,4]},{"kind":"candidates","candidates":[2,3,4]},{"kind":"candidates","candidates":[1,3]},{"kind":"candidates","candidates":[1,3,4]},{"kind":"candidates","candidates":[3,4]},{"kind":"value","value":1,"fixed":true},{"kind":"candidates","candidates":[3]},{"kind":"value","value":2,"fixed":true}]
