---
source: sudoku-rs/src/grid/format/candidates_grid_compact.rs
expression: CandidatesGridCompact.render(&grid)
---
  269    5     2      │  49  8   3    │  9  1    7      
  26789  2678  28     │  1   67  269  │  4  239  235    
  3      127   4      │  79  7   5    │  6  29   8      
──────────────────────┼───────────────┼─────────────────
  24578  12478  1258  │  57  3   16   │  18   246  9    
  7      9      1     │  8   2   4    │  5    36   13   
  2458   12348  6     │  59  15  19   │  138  7    123  
──────────────────────┼───────────────┼─────────────────
  2468  2468  9       │  34  14  18   │  137  5  13     
  45    4     7       │  2   9   1    │  13   8  6      
  1     8     3       │  6   5   7    │  2    9  4
