---
source: sudoku-rs/src/grid/format/candidates_grid_compact.rs
expression: CandidatesGridCompact.render(&grid)
---
  5    9    38   │  236  28   2368   │  1    4   7      
  346  146  134  │  9    125  12367  │  56   26  8      
  46   7    2    │  456  158  168    │  569  3   5      
─────────────────┼───────────────────┼──────────────────
  7   156  13    │  56  4  68        │  2   9   13      
  49  2    149   │  5   3  9         │  8   17  6       
  8   46   349   │  1   7  269       │  34  5   34      
─────────────────┼───────────────────┼──────────────────
  2    8  5      │  7  6    4        │  3      18   9   
  249  3  6      │  2  129  5        │  47     178  14  
  1    4  479    │  8  9    39       │  34567  67   2
