---
source: sudoku-rs/src/grid/format/candidates_grid.rs
expression: CandidatesGridPlain.render(&grid)
---
╔═══════════════╦═══════════════╦═══════════════╦═══════════════╗
║   │   │ 1 │ b ║ 6 │   │   │ e ║   │   │   │ f ║   │   │   │   ║
║───┼───┼───┼───║───┼───┼───┼───║───┼───┼───┼───║───┼───┼───┼───║
║ d │   │   │   ║ 1 │   │ b │   ║   │ e │   │   ║   │ 8 │ 4 │ 7 ║
║───┼───┼───┼───║───┼───┼───┼───║───┼───┼───┼───║───┼───┼───┼───║
║   │ c │ e │ 3 ║   │   │   │   ║ d │ 4 │   │   ║   │   │ a │   ║
║───┼───┼───┼───║───┼───┼───┼───║───┼───┼───┼───║───┼───┼───┼───║
║ 4 │ 5 │   │   ║   │   │   │ g ║   │ 7 │   │   ║ f │   │   │   ║
╠═══════════════╬═══════════════╬═══════════════╬═══════════════╣
║   │   │   │   ║   │   │ 1 │ 6 ║   │ g │ e │ d ║   │   │   │ a ║
║───┼───┼───┼───║───┼───┼───┼───║───┼───┼───┼───║───┼───┼───┼───║
║ f │   │ 6 │   ║   │   │   │ 2 ║   │   │ 1 │   ║   │   │   │ 5 ║
║───┼───┼───┼───║───┼───┼───┼───║───┼───┼───┼───║───┼───┼───┼───║
║   │   │   │ 5 ║ a │   │   │   ║ 8 │   │   │   ║ 1 │   │   │ 2 ║
║───┼───┼───┼───║───┼───┼───┼───║───┼───┼───┼───║───┼───┼───┼───║
║   │   │ b │   ║   │ 4 │ 7 │   ║ f │   │ 5 │   ║   │   │   │ c ║
╠═══════════════╬═══════════════╬═══════════════╬═══════════════╣
║   │ d │   │ 6 ║   │   │   │   ║   │   │ g │ c ║ e │   │   │   ║
║───┼───┼───┼───║───┼───┼───┼───║───┼───┼───┼───║───┼───┼───┼───║
║   │   │ 8 │ 7 ║   │ d │   │   ║ 4 │ 1 │   │   ║   │ b │ c │ 9 ║
║───┼───┼───┼───║───┼───┼───┼───║───┼───┼───┼───║───┼───┼───┼───║
║ c │   │   │   ║   │   │ 3 │ a ║   │ b │ f │   ║   │   │ 2 │   ║
║───┼───┼───┼───║───┼───┼───┼───║───┼───┼───┼───║───┼───┼───┼───║
║   │ g │   │   ║ 5 │   │   │   ║ 2 │   │   │   ║   │ 7 │ f │ 4 ║
╠═══════════════╬═══════════════╬═══════════════╬═══════════════╣
║ 5 │   │   │   ║   │ e │   │   ║ 6 │ c │ a │   ║   │ 9 │ 7 │ 8 ║
║───┼───┼───┼───║───┼───┼───┼───║───┼───┼───┼───║───┼───┼───┼───║
║   │   │ g │   ║ f │ 1 │ c │   ║ 3 │   │ 9 │ 8 ║   │ 4 │ d │   ║
║───┼───┼───┼───║───┼───┼───┼───║───┼───┼───┼───║───┼───┼───┼───║
║   │   │   │   ║ 9 │   │ 6 │   ║   │   │   │   ║   │   │ g │   ║
║───┼───┼───┼───║───┼───┼───┼───║───┼───┼───┼───║───┼───┼───┼───║
║   │ e │ c │   ║   │ 8 │   │ d ║   │   │   │   ║ b │ 5 │   │ 1 ║
╚═══════════════╩═══════════════╩═══════════════╩═══════════════╝
