---
source: sudoku-rs/src/grid/format/candidates_grid.rs
expression: CandidatesGridPlain.render(&grid)
---
╔═════════════════════════════════════════════════╦═════════════════════════════════════════════════╦═════════════════════════════════════════════════╦═════════════════════════════════════════════════╦═════════════════════════════════════════════════╗
║         │   345   │         │         │   3 5   ║         │         │         │         │ 1  45   ║    45   │ 1   5   │ 1 34    │   3     │         ║ 12 4    │ 1   5   │ 1   5   │         │         ║ 12  5   │         │ 123 5   │ 123 5   │  23     ║
║   8     │   8     │         │         │   8     ║  789    │         │         │         │  7 9    ║    9    │    9    │    9    │    9    │         ║         │   89    │    9    │         │         ║         │         │    9    │    9    │         ║
║     f   │     f   │         │         │     f   ║ b       │         │         │         │         ║     f   │         │     f   │         │         ║ b       │ b       │     f   │         │         ║ b       │         │         │ b       │ b       ║
║ gh      │ g i     │    m    │    o    │         ║   i     │    k    │    n    │    d    │         ║ g       │ gh      │         │  h      │    a    ║ gh j    │    j    │  h j    │    6    │    e    ║   i     │    c    │         │         │    j    ║
║     p   │     p   │         │         │     p   ║ l       │         │         │         │ l       ║ l       │         │         │ l   p   │         ║         │         │         │         │         ║         │         │         │     p   │     p   ║
║         │         │         │         │         ║         │         │         │         │         ║         │         │         │         │         ║         │         │         │         │         ║         │         │         │         │         ║
║         │         │         │         │         ║         │         │         │         │         ║         │         │         │         │         ║         │         │         │         │         ║         │         │         │         │         ║
║─────────┼─────────┼─────────┼─────────┼─────────║─────────┼─────────┼─────────┼─────────┼─────────║─────────┼─────────┼─────────┼─────────┼─────────║─────────┼─────────┼─────────┼─────────┼─────────║─────────┼─────────┼─────────┼─────────┼─────────║
║         │     5   │     5   │     5   │         ║         │         │         │     5   │         ║     5   │         │         │         │         ║         │         │     5   │         │         ║         │         │         │     5   │         ║
║         │     a   │     a   │     a   │         ║         │    9a   │     a   │    9    │         ║    9    │         │         │    9    │         ║         │         │    9    │         │         ║         │         │         │    9    │         ║
║         │     f   │     f   │         │         ║         │ b   f   │ b       │ b   f   │         ║     f   │         │         │         │         ║ b       │         │     f   │         │         ║         │         │         │ b       │ b       ║
║    2    │ g i k   │  hi     │  h      │    1    ║    3    │   i     │   i     │   i     │    p    ║ g       │    6    │    c    │  h      │    8    ║ gh j    │    7    │  h j    │    o    │    m    ║    e    │    4    │    d    │         │    j    ║
║         │   n     │   n     │   n     │         ║         │         │         │ l       │         ║ l       │         │         │ l n     │         ║         │         │         │         │         ║         │         │         │         │         ║
║         │         │         │         │         ║         │         │         │         │         ║         │         │         │         │         ║         │         │         │         │         ║         │         │         │         │         ║
║         │         │         │         │         ║         │         │         │         │         ║         │         │         │         │         ║         │         │         │         │         ║         │         │         │         │         ║
║─────────┼─────────┼─────────┼─────────┼─────────║─────────┼─────────┼─────────┼─────────┼─────────║─────────┼─────────┼─────────┼─────────┼─────────║─────────┼─────────┼─────────┼─────────┼─────────║─────────┼─────────┼─────────┼─────────┼─────────║
║         │   345   │    45   │   345   │         ║         │         │         │     5   │ 1  45   ║         │         │         │         │   34    ║ 1  4    │ 1   5   │         │ 1  4    │         ║         │         │ 1 3 5   │         │         ║
║   8     │   8     │   8     │   8     │         ║         │         │         │   89    │    9    ║         │         │         │         │    9    ║         │   89    │         │         │         ║         │         │    9    │         │         ║
║         │         │         │         │         ║         │         │         │ b       │         ║         │         │         │         │         ║ b       │ b       │         │ b       │         ║         │         │         │         │         ║
║ gh      │ g       │  h      │  h      │    d    ║    m    │    2    │    6    │         │         ║    i    │    7    │    e    │    j    │  h      ║ gh      │         │    l    │ gh      │    c    ║    a    │    n    │         │    k    │    f    ║
║     p   │     p   │         │     p   │         ║         │         │         │         │         ║         │         │         │         │     p   ║         │         │         │         │         ║         │         │    o    │         │         ║
║         │         │         │         │         ║         │         │         │         │         ║         │         │         │         │         ║         │         │         │         │         ║         │         │         │         │         ║
║         │         │         │         │         ║         │         │         │         │         ║         │         │         │         │         ║         │         │         │         │         ║         │         │         │         │         ║
║─────────┼─────────┼─────────┼─────────┼─────────║─────────┼─────────┼─────────┼─────────┼─────────║─────────┼─────────┼─────────┼─────────┼─────────║─────────┼─────────┼─────────┼─────────┼─────────║─────────┼─────────┼─────────┼─────────┼─────────║
║         │    45   │         │         │         ║         │         │ 1       │     5   │         ║         │ 1   5   │         │         │    4    ║         │ 1   5   │ 1   5   │ 12 4    │         ║ 12  5   │         │         │ 12  5   │         ║
║         │ 6 8 a   │         │         │         ║         │         │     a   │   89    │         ║         │    9    │         │    9    │    9    ║         │   89    │    9    │         │   89    ║         │    9    │         │ 6  9    │         ║
║         │     f   │         │         │         ║         │         │         │     f   │         ║         │         │         │         │     f   ║         │         │     f   │     f   │         ║         │         │         │         │         ║
║    c    │   i     │    l    │    7    │    b    ║    o    │    j    │   i     │   i     │    e    ║    d    │         │    k    │         │         ║    3    │         │         │         │         ║   i     │   i     │    h    │         │    g    ║
║         │   n p   │         │         │         ║         │         │         │         │         ║         │         │         │   n p   │     p   ║         │         │         │         │     p   ║  m      │  m  p   │         │     p   │         ║
║         │         │         │         │         ║         │         │         │         │         ║         │         │         │         │         ║         │         │         │         │         ║         │         │         │         │         ║
║         │         │         │         │         ║         │         │         │         │         ║         │         │         │         │         ║         │         │         │         │         ║         │         │         │         │         ║
║─────────┼─────────┼─────────┼─────────┼─────────║─────────┼─────────┼─────────┼─────────┼─────────║─────────┼─────────┼─────────┼─────────┼─────────║─────────┼─────────┼─────────┼─────────┼─────────║─────────┼─────────┼─────────┼─────────┼─────────║
║         │         │         │   345   │   3 5   ║         │         │         │     5   │ 1  45   ║         │         │ 1 34    │         │         ║         │         │         │         │         ║         │         │ 1 3 5   │ 1 3 5   │         ║
║         │         │         │ 6       │ 6       ║         │         │         │         │         ║         │         │         │         │         ║         │         │         │         │         ║         │         │ 6       │ 6       │         ║
║    ef   │         │         │    e    │     f   ║  c      │         │         │  c  f   │         ║         │         │     f   │         │         ║         │         │         │         │         ║         │         │         │         │         ║
║         │    j    │    9    │         │         ║         │    h    │    g    │         │         ║    m    │    2    │         │    o    │    b    ║    n    │    d    │    a    │    i    │    k    ║    7    │    8    │         │         │    l    ║
║     p   │         │         │     p   │     p   ║         │         │         │         │         ║         │         │         │         │         ║         │         │         │         │         ║         │         │         │     p   │         ║
║         │         │         │         │         ║         │         │         │         │         ║         │         │         │         │         ║         │         │         │         │         ║         │         │         │         │         ║
║         │         │         │         │         ║         │         │         │         │         ║         │         │         │         │         ║         │         │         │         │         ║         │         │         │         │         ║
╠═════════════════════════════════════════════════╬═════════════════════════════════════════════════╬═════════════════════════════════════════════════╬═════════════════════════════════════════════════╬═════════════════════════════════════════════════╣
║         │    4    │    4    │    4    │         ║         │         │  23     │         │  2  5   ║         │         │ 1  4    │         │    4    ║         │         │         │  23     │         ║         │         │         │         │   3     ║
║   8     │  78 a   │   8 a   │   8 a   │  78     ║  7  a   │         │  7  a   │         │  7  a   ║         │         │  78 a   │  7      │         ║         │         │         │  7      │   8     ║         │         │         │         │     a   ║
║ b   f   │ b   f   │     f   │         │     f   ║         │         │         │         │         ║         │         │     f   │         │     f   ║         │         │         │ b       │ b       ║         │         │         │         │ b       ║
║     k   │   i k   │   i     │         │     k   ║   i     │    n    │   i     │    p    │         ║    j    │    c    │   i     │         │   i     ║    o    │    h    │    d    │     k   │   i     ║    9    │    6    │    g    │    e    │         ║
║         │ l       │         │ l       │         ║ l       │         │         │         │ l       ║         │         │  m      │  m      │  m      ║         │         │         │  m      │         ║         │         │         │         │         ║
║─────────┼─────────┼─────────┼─────────┼─────────║         │         │         │         │         ║         │         │         │         │         ║         │         │         │         │         ║         │         │         │         │         ║
║         │         │         │         │         ║         │         │         │         │         ║         │         │         │         │         ║         │         │         │         │         ║         │         │         │         │         ║
║         │         │         │     a   │         ║─────────┼─────────┼─────────┼─────────┼─────────║─────────┼─────────┼─────────┼─────────┼─────────║─────────┼─────────┼─────────┼─────────┼─────────║─────────┼─────────┼─────────┼─────────┼─────────║
║         │         │         │   de    │         ║         │         │         │         │         ║         │         │         │         │         ║         │         │         │         │         ║         │         │         │         │         ║
║    j    │    9    │    3    │  h      │    g    ║         │         │         │         │  7  a   ║         │     a   │  7  a   │  7      │         ║         │         │         │  7      │         ║         │         │         │         │         ║
║         │         │         │         │         ║         │         │         │         │         ║         │   de    │   d f   │   de    │         ║         │ b  e    │         │ b       │         ║ b   f   │ b d     │         │         │         ║
║         │         │         │         │         ║    4    │    8    │    o    │    1    │         ║    2    │  h      │         │  h      │    6    ║    p    │     k   │    c    │     k   │    5    ║         │         │    l    │    i    │    n    ║
║         │         │         │         │         ║         │         │         │         │         ║         │  m      │  m      │  m      │         ║         │  m      │         │  m      │         ║  m      │  m      │         │         │         ║
║─────────┼─────────┼─────────┼─────────┼─────────║         │         │         │         │         ║         │         │         │         │         ║         │         │         │         │         ║         │         │         │         │         ║
║         │         │         │         │         ║         │         │         │         │         ║         │         │         │         │         ║         │         │         │         │         ║         │         │         │         │         ║
║         │ 678 a   │ 6 8 a   │ 6 8 a   │         ║─────────┼─────────┼─────────┼─────────┼─────────║─────────┼─────────┼─────────┼─────────┼─────────║─────────┼─────────┼─────────┼─────────┼─────────║─────────┼─────────┼─────────┼─────────┼─────────║
║         │   de    │    e    │  cde    │         ║         │         │         │   3     │         ║         │         │         │         │         ║         │         │         │         │         ║         │         │   3     │   3     │         ║
║    5    │   i     │   i     │         │    m    ║         │     a   │         │         │         ║         │         │  78 a   │         │         ║         │   8     │         │         │         ║         │         │         │  7      │         ║
║         │         │         │         │         ║         │  c      │         │  c      │         ║         │         │   d     │         │   de    ║         │    e    │         │         │         ║         │         │  c      │   d     │         ║
║         │         │         │         │         ║    f    │   i     │    h    │   ij    │    b    ║    k    │    p    │   i     │    g    │   i     ║    l    │   ij    │    n    │    9    │    1    ║    o    │    2    │         │         │    4    ║
║         │         │         │         │         ║         │         │         │         │         ║         │         │         │         │         ║         │         │         │         │         ║         │         │         │         │         ║
║─────────┼─────────┼─────────┼─────────┼─────────║         │         │         │         │         ║         │         │         │         │         ║         │         │         │         │         ║         │         │         │         │         ║
║         │    4    │    4    │         │         ║         │         │         │         │         ║         │         │         │         │         ║         │         │         │         │         ║         │         │         │         │         ║
║         │ 67  a   │ 6   a   │         │         ║─────────┼─────────┼─────────┼─────────┼─────────║─────────┼─────────┼─────────┼─────────┼─────────║─────────┼─────────┼─────────┼─────────┼─────────║─────────┼─────────┼─────────┼─────────┼─────────║
║ b  e    │ b  e    │    e    │         │         ║         │         │         │         │         ║    4    │ 1       │         │         │         ║         │         │   3     │   3     │         ║ 1       │         │         │ 1 3     │         ║
║         │   i     │   i     │    2    │    o    ║         │    9a   │         │         │ 67 9a   ║  7 9a   │    9a   │         │  7 9    │         ║         │         │  7      │  7      │         ║         │         │         │  7      │         ║
║   n     │   n     │   n     │         │         ║         │  c      │         │         │         ║         │    e    │         │    e    │         ║         │ b  e    │         │ b       │ b       ║ bc      │         │         │ b       │         ║
║         │         │         │         │         ║    d    │   i     │    m    │    k    │         ║         │         │    5    │         │    l    ║    f    │   ij    │   ij    │ g       │ g ij    ║         │    h    │    p    │         │    8    ║
║         │         │         │         │         ║         │         │         │         │         ║         │         │         │         │         ║         │         │         │         │         ║         │         │         │         │         ║
║─────────┼─────────┼─────────┼─────────┼─────────║         │         │         │         │         ║         │         │         │         │         ║         │         │         │         │         ║         │         │         │         │         ║
║         │         │         │         │         ║         │         │         │         │         ║         │         │         │         │         ║         │         │         │         │         ║         │         │         │         │         ║
║   8     │  78     │         │   8     │  78     ║─────────┼─────────┼─────────┼─────────┼─────────║─────────┼─────────┼─────────┼─────────┼─────────║─────────┼─────────┼─────────┼─────────┼─────────║─────────┼─────────┼─────────┼─────────┼─────────║
║    ef   │   def   │         │  cde    │  c  f   ║         │         │  2      │  2      │  2      ║         │         │         │         │         ║  2      │         │         │         │         ║         │         │         │         │         ║
║  h      │   i     │    1    │  h      │         ║  7 9    │         │  7      │    9    │  7 9    ║  789    │         │         │         │         ║  7      │   8     │         │         │         ║         │         │         │         │         ║
║     p   │ l   p   │         │ l   p   │     p   ║  c      │         │    e    │  c      │         ║     f   │         │         │         │         ║         │    e    │         │         │         ║  c  f   │         │  c  f   │         │         ║
║         │         │         │         │         ║   i     │    g    │   i     │   i     │         ║         │    3    │    n    │    b    │    o    ║   i     │   i     │    6    │    a    │    4    ║         │    k    │         │    j    │    5    ║
║         │         │         │         │         ║ l       │         │         │ l       │ l       ║         │         │         │         │         ║         │  m      │         │         │         ║  m      │         │  m      │         │         ║
║                                                 ║         │         │         │         │         ║         │         │         │         │         ║         │         │         │         │         ║         │         │         │         │         ║
║                                                 ║         │         │         │         │         ║         │         │         │         │         ║         │         │         │         │         ║         │         │         │         │         ║
╠═════════════════════════════════════════════════╬═════════════════════════════════════════════════╬═════════════════════════════════════════════════╬═════════════════════════════════════════════════╬═════════════════════════════════════════════════╣
║         │    4    │    4    │    4    │         ║         │         │         │         │         ║         │         │         │   3     │   3     ║         │ 1       │         │ 1  4    │         ║         │   3     │ 1 3     │ 1 3     │   3     ║
║   89    │  78 a   │   8 a   │   89a   │  789    ║  7 9a   │    9a   │         │    9    │         ║         │         │         │    9    │    9    ║         │         │         │  7      │         ║         │         │   8     │         │         ║
║    ef   │    ef   │    ef   │    e    │     f   ║         │         │         │         │         ║         │         │         │    e    │    ef   ║         │  c      │         │  c  f   │         ║         │         │  c  f   │     f   │  c      ║
║     k   │     k   │    j    │         │    jk   ║         │         │    5    │ g       │    n    ║    h    │    i    │    l    │     k   │         ║    6    │         │    b    │         │    2    ║    d    │    j    │         │ g       │    j    ║
║  m  p   │    op   │    o    │  m  p   │     p   ║     p   │  m  p   │         │         │         ║         │         │         │  m      │  m      ║         │  m o    │         │  m      │         ║         │     p   │    o    │    op   │     p   ║
║─────────┼─────────┼─────────┼─────────┼─────────║         │         │         │         │         ║         │         │         │         │         ║         │         │         │         │         ║         │         │         │         │         ║
║         │         │    4    │         │         ║         │         │         │         │         ║         │         │         │         │         ║         │         │         │         │         ║         │         │         │         │         ║
║         │         │ 6 8 a   │         │         ║─────────┼─────────┼─────────┼─────────┼─────────║─────────┼─────────┼─────────┼─────────┼─────────║─────────┼─────────┼─────────┼─────────┼─────────║─────────┼─────────┼─────────┼─────────┼─────────║
║         │         │     f   │         │         ║         │         │         │         │         ║         │         │         │  2      │         ║         │         │         │    4    │         ║  2      │         │  2      │  2      │  2      ║
║    3    │    c    │  h      │    i    │    l    ║         │    9a   │  7  a   │         │         ║         │   89a   │ 6 89a   │ 6  9    │    9    ║         │         │         │  7      │         ║         │         │ 6 8     │ 6       │ 6       ║
║         │         │         │         │         ║         │   d     │         │         │         ║         │   d     │   d f   │   d     │   d f   ║         │         │         │     f   │         ║     f   │         │     f   │     f   │         ║
║         │         │         │         │         ║    1    │         │         │    o    │    j    ║    b    │         │         │         │         ║    5    │    p    │    k    │  h      │    n    ║ gh      │    e    │         │ gh      │  h      ║
║         │         │         │         │         ║         │  m      │         │         │         ║         │  m      │  m      │  m      │  m      ║         │         │         │  m      │         ║         │         │         │         │         ║
║─────────┼─────────┼─────────┼─────────┼─────────║         │         │         │         │         ║         │         │         │         │         ║         │         │         │         │         ║         │         │         │         │         ║
║         │         │         │         │         ║         │         │         │         │         ║         │         │         │         │         ║         │         │         │         │         ║         │         │         │         │         ║
║         │     a   │         │     a   │         ║─────────┼─────────┼─────────┼─────────┼─────────║─────────┼─────────┼─────────┼─────────┼─────────║─────────┼─────────┼─────────┼─────────┼─────────║─────────┼─────────┼─────────┼─────────┼─────────║
║     f   │   d f   │         │   d     │     f   ║         │         │         │         │         ║         │         │         │         │         ║ 1       │         │         │ 1       │         ║         │         │         │ 1       │         ║
║  h  k   │     k   │    g    │  h      │    jk   ║         │         │     a   │         │         ║         │     a   │         │         │         ║         │         │         │         │         ║         │         │         │         │         ║
║  mn p   │   n p   │         │  mn p   │   n p   ║         │         │         │         │         ║         │   d     │         │         │         ║         │         │         │     f   │   d     ║         │         │         │     f   │         ║
║         │         │         │         │         ║    2    │    3    │   i k   │    6    │    8    ║    c    │     k   │    o    │    5    │    7    ║  hi     │    l    │    e    │  h      │  hi     ║    4    │    j    │    b    │  h      │    9    ║
║         │         │         │         │         ║         │         │     p   │         │         ║         │  m      │         │         │         ║         │         │         │  m      │         ║         │     p   │         │   n p   │         ║
║─────────┼─────────┼─────────┼─────────┼─────────║         │         │         │         │         ║         │         │         │         │         ║         │         │         │         │         ║         │         │         │         │         ║
║         │     5   │     5   │     5   │     5   ║         │         │         │         │         ║         │         │         │         │         ║         │         │         │         │         ║         │         │         │         │         ║
║   8     │ 678     │ 6 8     │ 6 8     │ 678     ║─────────┼─────────┼─────────┼─────────┼─────────║─────────┼─────────┼─────────┼─────────┼─────────║─────────┼─────────┼─────────┼─────────┼─────────║─────────┼─────────┼─────────┼─────────┼─────────║
║     f   │   d f   │     f   │   d     │     f   ║         │         │         │         │         ║         │         │   3     │  23     │         ║         │         │         │         │         ║  2  5   │         │         │         │  23     ║
║  h  k   │     k   │  h      │  h      │     k   ║  7      │         │         │         │         ║         │         │ 6 8     │ 6       │         ║         │         │  7      │         │         ║         │         │         │         │ 6       ║
║     p   │    op   │    o    │     p   │     p   ║ b       │ b d     │         │         │         ║         │         │   d f   │   d     │         ║         │         │     f   │         │   d     ║     f   │         │         │         │         ║
║─────────┼─────────┼─────────┼─────────┼─────────║         │         │    l    │    e    │    c    ║    n    │    4    │         │     k   │    1    ║    9    │    g    │  h      │    j    │  h      ║  h      │    a    │    i    │    m    │  h      ║
║         │         │         │     5   │         ║     p   │     p   │         │         │         ║         │         │         │         │         ║         │         │         │         │    o    ║         │         │         │         │     p   ║
║    9    │         │         │ 6  9    │         ║         │         │         │         │         ║         │         │         │         │         ║         │         │         │         │         ║         │         │         │         │         ║
║    e    │         │         │   de    │         ║         │         │         │         │         ║         │         │         │         │         ║         │         │         │         │         ║         │         │         │         │         ║
║         │    1    │    b    │         │    2    ║─────────┼─────────┼─────────┼─────────┼─────────║─────────┼─────────┼─────────┼─────────┼─────────║─────────┼─────────┼─────────┼─────────┼─────────║─────────┼─────────┼─────────┼─────────┼─────────║
║  mn     │         │         │  mn     │         ║         │         │         │         │         ║         │         │         │         │         ║         │         │         │         │         ║         │         │         │     5   │         ║
║         │         │         │         │         ║    9    │    9    │         │         │         ║         │    9    │         │ 6  9    │         ║         │         │         │         │         ║         │         │         │ 6       │ 6       ║
║         │         │         │         │         ║         │   d     │         │         │         ║         │   de    │         │   de    │         ║         │  c      │         │  c      │         ║         │         │         │         │  c      ║
║                                                 ║   i     │   i     │    f    │    4    │    h    ║    p    │         │    j    │         │    g    ║    a    │   i     │    8    │         │    3    ║    k    │    l    │    7    │         │         ║
║                                                 ║         │  m      │         │         │         ║         │  m      │         │  m      │         ║         │  m o    │         │  m      │         ║         │         │         │   no    │         ║
║                                                 ║         │         │         │         │         ║         │         │         │         │         ║         │         │         │         │         ║         │         │         │         │         ║
║                                                 ║         │         │         │         │         ║         │         │         │         │         ║         │         │         │         │         ║         │         │         │         │         ║
╠═════════════════════════════════════════════════╬═════════════════════════════════════════════════╬═════════════════════════════════════════════════╬═════════════════════════════════════════════════╬═════════════════════════════════════════════════╣
║         │   3 5   │         │   3 5   │   3 5   ║         │         │         │         │         ║         │         │   3     │         │   3     ║         │     5   │     5   │         │         ║         │         │   3 5   │   3 5   │         ║
║         │ 6       │         │ 6  9    │ 6  9    ║         │    9a   │         │    9    │         ║ 67 9a   │         │ 67 9a   │         │    9    ║         │ 6  9    │  7 9    │         │ 6  9a   ║         │         │ 6  9    │ 6  9    │         ║
║         │ b  e    │         │    e    │         ║         │ b       │         │ b       │         ║         │         │         │         │    e    ║         │ b       │         │         │ b       ║         │         │         │ b       │         ║
║    4    │         │    2    │         │         ║    g    │   i     │    c    │   i     │    f    ║         │    n    │   i     │    8    │   i     ║    k    │   i     │  hi     │    l    │  hi     ║    j    │    1    │         │  h      │    d    ║
║         │    op   │         │     p   │     p   ║         │    op   │         │         │         ║    o    │         │  m      │         │  m  p   ║         │         │         │         │         ║         │         │  m      │     p   │         ║
║         │         │         │         │         ║         │         │         │         │         ║         │         │         │         │         ║         │         │         │         │         ║         │         │         │         │         ║
║         │         │         │         │         ║         │         │         │         │         ║         │         │         │         │         ║         │         │         │         │         ║         │         │         │         │         ║
║─────────┼─────────┼─────────┼─────────┼─────────║─────────┼─────────┼─────────┼─────────┼─────────║─────────┼─────────┼─────────┼─────────┼─────────║─────────┼─────────┼─────────┼─────────┼─────────║─────────┼─────────┼─────────┼─────────┼─────────║
║ 1       │   3     │         │         │         ║         │         │  2      │  2      │         ║         │         │         │   3     │         ║ 1       │         │         │         │         ║         │   3     │  23     │  23     │         ║
║    9    │ 6       │         │         │         ║ 6  9    │         │         │    9    │         ║ 6  9    │         │         │ 6  9    │         ║         │         │         │         │ 6  9    ║         │    9    │ 6  9    │ 6  9    │         ║
║ b   f   │ b   f   │         │         │         ║ b       │         │ b       │ b       │         ║         │         │         │         │         ║ b       │         │         │         │ b       ║         │ b       │         │ b       │         ║
║         │         │    c    │    k    │    a    ║    j    │    7    │    j    │    j    │    d    ║         │    l    │    g    │         │    5    ║  h j    │    4    │    o    │    e    │  h j    ║    8    │         │         │  h      │    i    ║
║   n p   │   n p   │         │         │         ║     p   │         │     p   │   n     │         ║         │         │         │  m  p   │         ║         │         │         │         │         ║         │  m  p   │  m      │   n p   │         ║
║         │         │         │         │         ║         │         │         │         │         ║         │         │         │         │         ║         │         │         │         │         ║         │         │         │         │         ║
║         │         │         │         │         ║         │         │         │         │         ║         │         │         │         │         ║         │         │         │         │         ║         │         │         │         │         ║
║─────────┼─────────┼─────────┼─────────┼─────────║─────────┼─────────┼─────────┼─────────┼─────────║─────────┼─────────┼─────────┼─────────┼─────────║─────────┼─────────┼─────────┼─────────┼─────────║─────────┼─────────┼─────────┼─────────┼─────────║
║ 1       │         │         │         │         ║         │         │         │         │         ║         │         │         │         │         ║ 1       │         │         │         │         ║         │         │         │         │         ║
║    9    │ 6       │ 6       │         │         ║         │    9a   │     a   │         │ 6  9a   ║ 67 9a   │    9a   │         │ 67 9    │         ║  7      │         │         │         │ 6  9a   ║         │         │ 6  9    │         │ 6       ║
║ b  e    │ b  e    │    e    │         │         ║         │ b       │ b       │         │         ║         │   de    │         │   de    │         ║ b       │         │         │         │ b       ║ b       │         │         │         │ b       ║
║         │         │         │    g    │    i    ║    5    │         │    j    │    h    │         ║         │    j    │    2    │         │    c    ║    j    │    3    │    m    │    8    │    j    ║         │    f    │     k   │    4    │         ║
║   n p   │   nop   │   no    │         │         ║         │    op   │     p   │         │ l       ║    o    │    o    │         │     p   │         ║         │         │         │         │         ║ l n     │         │         │         │     p   ║
║         │         │         │         │         ║         │         │         │         │         ║         │         │         │         │         ║         │         │         │         │         ║         │         │         │         │         ║
║         │         │         │         │         ║         │         │         │         │         ║         │         │         │         │         ║         │         │         │         │         ║         │         │         │         │         ║
║─────────┼─────────┼─────────┼─────────┼─────────║─────────┼─────────┼─────────┼─────────┼─────────║─────────┼─────────┼─────────┼─────────┼─────────║─────────┼─────────┼─────────┼─────────┼─────────║─────────┼─────────┼─────────┼─────────┼─────────║
║         │         │     5   │         │         ║         │         │  2      │  2      │  2      ║         │         │   3     │         │   3     ║         │     5   │     5   │         │         ║  2  5   │         │         │  23 5   │         ║
║         │         │ 6 8     │         │         ║         │         │     a   │    9    │ 6  9a   ║ 6  9a   │         │ 6  9a   │         │    9    ║         │ 6  9    │    9    │         │         ║         │         │         │ 6  9    │         ║
║         │         │         │         │         ║         │         │         │         │         ║         │         │         │         │         ║         │  c      │         │         │         ║  c      │         │         │         │         ║
║    l    │    m    │         │    j    │    h    ║    k    │    1    │   i     │   i     │         ║         │    b    │   i     │    4    │   i     ║    d    │   i     │   i     │    n    │    f    ║ g       │    7    │    e    │ g       │    o    ║
║         │         │         │         │         ║         │         │     p   │         │         ║         │         │         │         │     p   ║         │         │         │         │         ║         │         │         │     p   │         ║
║         │         │         │         │         ║         │         │         │         │         ║         │         │         │         │         ║         │         │         │         │         ║         │         │         │         │         ║
║         │         │         │         │         ║         │         │         │         │         ║         │         │         │         │         ║         │         │         │         │         ║         │         │         │         │         ║
║─────────┼─────────┼─────────┼─────────┼─────────║─────────┼─────────┼─────────┼─────────┼─────────║─────────┼─────────┼─────────┼─────────┼─────────║─────────┼─────────┼─────────┼─────────┼─────────║─────────┼─────────┼─────────┼─────────┼─────────║
║         │     5   │         │     5   │     5   ║         │         │         │         │         ║         │         │         │         │         ║         │         │     5   │         │         ║     5   │         │         │     5   │         ║
║         │ 6       │         │ 6  9    │ 6  9    ║         │         │         │         │         ║         │    9    │         │         │         ║         │         │    9    │         │ 6  9    ║         │    9    │         │ 6  9    │ 6       ║
║         │ b       │         │         │         ║         │         │         │         │         ║         │         │         │         │         ║ bc      │         │         │         │ b       ║ bc      │ b       │         │ b       │ bc      ║
║    7    │         │    d    │         │         ║    e    │    4    │    8    │    m    │    3    ║    1    │    j    │    h    │    f    │    k    ║ g ij    │    2    │   ij    │    p    │ g ij    ║ g       │         │    a    │ g       │         ║
║         │   no    │         │   n     │   n     ║         │         │         │         │         ║         │    o    │         │         │         ║         │         │         │         │         ║ l n     │         │         │   n     │         ║
║         │         │         │         │         ║         │         │         │         │         ║         │         │         │         │         ║         │         │         │         │         ║         │         │         │         │         ║
║         │         │         │         │         ║         │         │         │         │         ║         │         │         │         │         ║         │         │         │         │         ║         │         │         │         │         ║
╠═════════════════════════════════════════════════╬═════════════════════════════════════════════════╬═════════════════════════════════════════════════╬═════════════════════════════════════════════════╬═════════════════════════════════════════════════╣
║         │  2  5   │     5   │     5   │     5   ║         │         │         │         │         ║         │     5   │         │         │         ║         │         │         │         │         ║  2      │         │  2      │         │         ║
║         │         │         │    9    │    9    ║         │         │         │         │         ║         │    9    │         │         │    9    ║         │    9    │    9    │         │    9    ║         │    9    │    9    │         │         ║
║         │         │         │  c      │  c      ║         │         │         │         │         ║         │         │         │         │         ║         │ bc      │         │         │ b       ║ b   f   │ b       │     f   │         │         ║
║    6    │ g       │    j    │         │    j    ║    n    │    l    │    4    │    7    │    i    ║    3    │ gh  k   │    p    │    1    │  h      ║    8    │    jk   │  h j    │    d    │  h j    ║  h      │         │         │    a    │    e    ║
║         │         │         │  m      │         ║         │         │         │         │         ║         │  m o    │         │         │  m      ║         │    o    │         │         │    o    ║         │         │         │         │         ║
║         │         │         │         │         ║         │         │         │         │         ║         │         │         │         │         ║         │         │         │         │         ║         │         │         │         │         ║
║         │         │         │         │         ║         │         │         │         │         ║         │         │         │         │         ║         │         │         │         │         ║         │         │         │         │         ║
║─────────┼─────────┼─────────┼─────────┼─────────║─────────┼─────────┼─────────┼─────────┼─────────║─────────┼─────────┼─────────┼─────────┼─────────║─────────┼─────────┼─────────┼─────────┼─────────║─────────┼─────────┼─────────┼─────────┼─────────║
║         │   3 5   │     5   │ 1 3 5   │   3 5   ║         │         │         │   3     │ 1       ║    45   │     5   │    4    │         │    4    ║ 1       │         │         │ 1 3     │         ║         │         │         │         │         ║
║         │   8     │   8     │   8     │   8     ║   8     │         │         │   8     │         ║ 6 8     │   8     │ 6 8     │         │         ║         │         │         │         │         ║         │         │         │         │         ║
║         │         │         │  c      │  c      ║ bc      │         │         │ bc      │         ║         │   d     │ b d     │         │   d     ║ bc      │         │         │ bc      │         ║ b       │         │         │ b d     │         ║
║    o    │         │    j    │         │    j    ║    j    │    e    │    9    │    j    │     k   ║         │  h  k   │         │    a    │  h      ║  hij    │    f    │    2    │  h  k   │    l    ║  hi     │    g    │    n    │  h      │    7    ║
║         │         │         │  m      │         ║     p   │         │         │         │  m      ║         │  m      │  m      │         │  m      ║         │         │         │         │         ║         │         │         │         │         ║
║         │         │         │         │         ║         │         │         │         │         ║         │         │         │         │         ║         │         │         │         │         ║         │         │         │         │         ║
║         │         │         │         │         ║         │         │         │         │         ║         │         │         │         │         ║         │         │         │         │         ║         │         │         │         │         ║
║─────────┼─────────┼─────────┼─────────┼─────────║─────────┼─────────┼─────────┼─────────┼─────────║─────────┼─────────┼─────────┼─────────┼─────────║─────────┼─────────┼─────────┼─────────┼─────────║─────────┼─────────┼─────────┼─────────┼─────────║
║         │  23     │         │         │   3     ║         │         │         │         │  2      ║         │         │         │         │         ║         │         │         │         │         ║         │         │         │         │         ║
║         │   8     │         │         │   89    ║         │         │         │         │         ║  789    │   89    │  789    │         │         ║         │         │         │         │    9    ║         │         │         │         │         ║
║         │         │         │         │         ║         │     f   │         │         │         ║         │         │         │         │         ║         │         │         │         │         ║         │         │         │         │         ║
║    i    │ g       │    k    │    b    │         ║    h    │         │    d    │    a    │ g       ║ g       │ g       │         │    c    │    j    ║    e    │    n    │    p    │    5    │         ║    6    │    o    │    4    │    l    │    1    ║
║         │         │         │         │         ║         │  m      │         │         │  m      ║         │  m      │  m      │         │         ║         │         │         │         │         ║         │         │         │         │         ║
║         │         │         │         │         ║         │         │         │         │         ║         │         │         │         │         ║         │         │         │         │         ║         │         │         │         │         ║
║         │         │         │         │         ║         │         │         │         │         ║         │         │         │         │         ║         │         │         │         │         ║         │         │         │         │         ║
║─────────┼─────────┼─────────┼─────────┼─────────║─────────┼─────────┼─────────┼─────────┼─────────║─────────┼─────────┼─────────┼─────────┼─────────║─────────┼─────────┼─────────┼─────────┼─────────║─────────┼─────────┼─────────┼─────────┼─────────║
║         │   3     │         │ 1 3     │         ║         │         │ 1 3     │   3     │         ║         │         │         │         │         ║ 1       │ 1       │         │ 1 3     │         ║         │         │         │         │         ║
║         │   8     │         │   89    │         ║   8     │         │         │   8     │         ║         │         │ 6 89    │ 6  9    │         ║         │ 6  9    │         │         │ 6  9    ║         │    9    │         │         │         ║
║         │         │         │         │         ║ b       │         │ b       │ b       │         ║         │         │ b d     │   d     │         ║ b       │ b       │         │ b       │ b       ║         │ b d     │         │         │         ║
║    a    │         │    7    │         │    4    ║         │    5    │     k   │         │    o    ║    e    │    f    │         │  h  k   │    2    ║  hi     │   i k   │    g    │  h  k   │  hi     ║    p    │   i     │    j    │    c    │    m    ║
║         │ l n     │         │ l n     │         ║         │         │         │         │         ║         │         │         │ l       │         ║         │         │         │         │         ║         │         │         │         │         ║
║         │         │         │         │         ║         │         │         │         │         ║         │         │         │         │         ║         │         │         │         │         ║         │         │         │         │         ║
║         │         │         │         │         ║         │         │         │         │         ║         │         │         │         │         ║         │         │         │         │         ║         │         │         │         │         ║
║─────────┼─────────┼─────────┼─────────┼─────────║─────────┼─────────┼─────────┼─────────┼─────────║─────────┼─────────┼─────────┼─────────┼─────────║─────────┼─────────┼─────────┼─────────┼─────────║─────────┼─────────┼─────────┼─────────┼─────────║
║         │         │         │         │         ║         │         │ 12      │  2      │ 12      ║         │         │         │         │         ║         │         │         │ 1       │         ║         │         │  2      │         │         ║
║         │         │         │         │         ║         │         │         │         │         ║    9    │    9    │    9    │         │         ║         │         │         │         │         ║         │         │    9    │         │         ║
║         │         │         │         │         ║ bc      │         │ b       │ bc      │         ║         │         │ b       │         │         ║         │         │         │ bc      │         ║         │         │         │         │         ║
║    d    │    h    │    p    │    f    │    e    ║    j    │    6    │    j    │ g  j    │ g       ║ g       │ g       │         │    i    │    n    ║    m    │    a    │    4    │         │    7    ║    3    │    5    │         │    8    │    k    ║
║         │         │         │         │         ║         │         │         │         │         ║ l  o    │    o    │         │         │         ║         │         │         │         │         ║         │         │         │         │         ║
║         │         │         │         │         ║         │         │         │         │         ║         │         │         │         │         ║         │         │         │         │         ║         │         │         │         │         ║
║         │         │         │         │         ║         │         │         │         │         ║         │         │         │         │         ║         │         │         │         │         ║         │         │         │         │         ║
╚═════════════════════════════════════════════════╩═════════════════════════════════════════════════╩═════════════════════════════════════════════════╩═════════════════════════════════════════════════╩═════════════════════════════════════════════════╝
